Archive member included to satisfy reference by file (symbol)

C:/PROGRA~2/Arm GNU Toolchain arm-none-eabi/14.2 rel1/bin/../lib/gcc/arm-none-eabi/14.2.1/thumb/v7-m/nofp\libgcc.a(_arm_muldf3.o)
                              CMakeFiles/myds.elf.dir/Core/Src/oled.c.obj (__aeabi_dmul)
C:/PROGRA~2/Arm GNU Toolchain arm-none-eabi/14.2 rel1/bin/../lib/gcc/arm-none-eabi/14.2.1/thumb/v7-m/nofp\libgcc.a(_arm_mulsf3.o)
                              CMakeFiles/myds.elf.dir/Core/Src/PID.c.obj (__aeabi_fmul)
C:/PROGRA~2/Arm GNU Toolchain arm-none-eabi/14.2 rel1/bin/../lib/gcc/arm-none-eabi/14.2.1/thumb/v7-m/nofp\libgcc.a(_arm_addsubdf3.o)
                              CMakeFiles/myds.elf.dir/Core/Src/oled.c.obj (__aeabi_dsub)
C:/PROGRA~2/Arm GNU Toolchain arm-none-eabi/14.2 rel1/bin/../lib/gcc/arm-none-eabi/14.2.1/thumb/v7-m/nofp\libgcc.a(_arm_muldivdf3.o)
                              CMakeFiles/myds.elf.dir/Core/Src/main.c.obj (__aeabi_ddiv)
C:/PROGRA~2/Arm GNU Toolchain arm-none-eabi/14.2 rel1/bin/../lib/gcc/arm-none-eabi/14.2.1/thumb/v7-m/nofp\libgcc.a(_arm_fixdfsi.o)
                              CMakeFiles/myds.elf.dir/Core/Src/main.c.obj (__aeabi_d2iz)
C:/PROGRA~2/Arm GNU Toolchain arm-none-eabi/14.2 rel1/bin/../lib/gcc/arm-none-eabi/14.2.1/thumb/v7-m/nofp\libgcc.a(_arm_truncdfsf2.o)
                              CMakeFiles/myds.elf.dir/Core/Src/main.c.obj (__aeabi_d2f)
C:/PROGRA~2/Arm GNU Toolchain arm-none-eabi/14.2 rel1/bin/../lib/gcc/arm-none-eabi/14.2.1/thumb/v7-m/nofp\libgcc.a(_arm_addsubsf3.o)
                              CMakeFiles/myds.elf.dir/Core/Src/PID.c.obj (__aeabi_fsub)
C:/PROGRA~2/Arm GNU Toolchain arm-none-eabi/14.2 rel1/bin/../lib/gcc/arm-none-eabi/14.2.1/thumb/v7-m/nofp\libgcc.a(_arm_muldivsf3.o)
                              CMakeFiles/myds.elf.dir/Core/Src/main.c.obj (__aeabi_fdiv)
C:/PROGRA~2/Arm GNU Toolchain arm-none-eabi/14.2 rel1/bin/../lib/gcc/arm-none-eabi/14.2.1/thumb/v7-m/nofp\libgcc.a(_arm_cmpsf2.o)
                              CMakeFiles/myds.elf.dir/Core/Src/PID.c.obj (__aeabi_fcmplt)
C:/PROGRA~2/Arm GNU Toolchain arm-none-eabi/14.2 rel1/bin/../lib/gcc/arm-none-eabi/14.2.1/thumb/v7-m/nofp\libg.a(libc_a-exit.o)
                              C:/PROGRA~2/Arm GNU Toolchain arm-none-eabi/14.2 rel1/bin/../lib/gcc/arm-none-eabi/14.2.1/thumb/v7-m/nofp/crt0.o (exit)
C:/PROGRA~2/Arm GNU Toolchain arm-none-eabi/14.2 rel1/bin/../lib/gcc/arm-none-eabi/14.2.1/thumb/v7-m/nofp\libg.a(libc_a-findfp.o)
                              C:/PROGRA~2/Arm GNU Toolchain arm-none-eabi/14.2 rel1/bin/../lib/gcc/arm-none-eabi/14.2.1/thumb/v7-m/nofp\libg.a(libc_a-exit.o) (__stdio_exit_handler)
C:/PROGRA~2/Arm GNU Toolchain arm-none-eabi/14.2 rel1/bin/../lib/gcc/arm-none-eabi/14.2.1/thumb/v7-m/nofp\libg.a(libc_a-fwalk.o)
                              C:/PROGRA~2/Arm GNU Toolchain arm-none-eabi/14.2 rel1/bin/../lib/gcc/arm-none-eabi/14.2.1/thumb/v7-m/nofp\libg.a(libc_a-findfp.o) (_fwalk_sglue)
C:/PROGRA~2/Arm GNU Toolchain arm-none-eabi/14.2 rel1/bin/../lib/gcc/arm-none-eabi/14.2.1/thumb/v7-m/nofp\libg.a(libc_a-sprintf.o)
                              CMakeFiles/myds.elf.dir/Core/Src/UI.c.obj (sprintf)
C:/PROGRA~2/Arm GNU Toolchain arm-none-eabi/14.2 rel1/bin/../lib/gcc/arm-none-eabi/14.2.1/thumb/v7-m/nofp\libg.a(libc_a-stdio.o)
                              C:/PROGRA~2/Arm GNU Toolchain arm-none-eabi/14.2 rel1/bin/../lib/gcc/arm-none-eabi/14.2.1/thumb/v7-m/nofp\libg.a(libc_a-findfp.o) (__sread)
C:/PROGRA~2/Arm GNU Toolchain arm-none-eabi/14.2 rel1/bin/../lib/gcc/arm-none-eabi/14.2.1/thumb/v7-m/nofp\libg.a(libc_a-memcmp.o)
                              CMakeFiles/myds.elf.dir/Core/Src/oled.c.obj (memcmp)
C:/PROGRA~2/Arm GNU Toolchain arm-none-eabi/14.2 rel1/bin/../lib/gcc/arm-none-eabi/14.2.1/thumb/v7-m/nofp\libg.a(libc_a-memset.o)
                              C:/PROGRA~2/Arm GNU Toolchain arm-none-eabi/14.2 rel1/bin/../lib/gcc/arm-none-eabi/14.2.1/thumb/v7-m/nofp/crt0.o (memset)
C:/PROGRA~2/Arm GNU Toolchain arm-none-eabi/14.2 rel1/bin/../lib/gcc/arm-none-eabi/14.2.1/thumb/v7-m/nofp\libg.a(libc_a-closer.o)
                              C:/PROGRA~2/Arm GNU Toolchain arm-none-eabi/14.2 rel1/bin/../lib/gcc/arm-none-eabi/14.2.1/thumb/v7-m/nofp\libg.a(libc_a-stdio.o) (_close_r)
C:/PROGRA~2/Arm GNU Toolchain arm-none-eabi/14.2 rel1/bin/../lib/gcc/arm-none-eabi/14.2.1/thumb/v7-m/nofp\libg.a(libc_a-reent.o)
                              C:/PROGRA~2/Arm GNU Toolchain arm-none-eabi/14.2 rel1/bin/../lib/gcc/arm-none-eabi/14.2.1/thumb/v7-m/nofp\libg.a(libc_a-closer.o) (errno)
C:/PROGRA~2/Arm GNU Toolchain arm-none-eabi/14.2 rel1/bin/../lib/gcc/arm-none-eabi/14.2.1/thumb/v7-m/nofp\libg.a(libc_a-impure.o)
                              C:/PROGRA~2/Arm GNU Toolchain arm-none-eabi/14.2 rel1/bin/../lib/gcc/arm-none-eabi/14.2.1/thumb/v7-m/nofp\libg.a(libc_a-sprintf.o) (_impure_ptr)
C:/PROGRA~2/Arm GNU Toolchain arm-none-eabi/14.2 rel1/bin/../lib/gcc/arm-none-eabi/14.2.1/thumb/v7-m/nofp\libg.a(libc_a-lseekr.o)
[...]
Memory Configuration

Name             Origin             Length             Attributes
RAM              0x20000000         0x00005000         xrw
FLASH            0x08000000         0x00010000         xr
*default*        0x00000000         0xffffffff

Linker script and memory map

LOAD C:/PROGRA~2/Arm GNU Toolchain arm-none-eabi/14.2 rel1/bin/../lib/gcc/arm-none-eabi/14.2.1/thumb/v7-m/nofp/crti.o
LOAD C:/PROGRA~2/Arm GNU Toolchain arm-none-eabi/14.2 rel1/bin/../lib/gcc/arm-none-eabi/14.2.1/thumb/v7-m/nofp/crtbegin.o
LOAD C:/PROGRA~2/Arm GNU Toolchain arm-none-eabi/14.2 rel1/bin/../lib/gcc/arm-none-eabi/14.2.1/thumb/v7-m/nofp/crt0.o
LOAD CMakeFiles/myds.elf.dir/Core/Src/PID.c.obj
LOAD CMakeFiles/myds.elf.dir/Core/Src/Task.c.obj
LOAD CMakeFiles/myds.elf.dir/Core/Src/UI.c.obj
LOAD CMakeFiles/myds.elf.dir/Core/Src/adc.c.obj
LOAD CMakeFiles/myds.elf.dir/Core/Src/encoder.c.obj
LOAD CMakeFiles/myds.elf.dir/Core/Src/font.c.obj
LOAD CMakeFiles/myds.elf.dir/Core/Src/gpio.c.obj
LOAD CMakeFiles/myds.elf.dir/Core/Src/i2c.c.obj
LOAD CMakeFiles/myds.elf.dir/Core/Src/main.c.obj
LOAD CMakeFiles/myds.elf.dir/Core/Src/motor.c.obj
LOAD CMakeFiles/myds.elf.dir/Core/Src/oled.c.obj
LOAD CMakeFiles/myds.elf.dir/Core/Src/stm32f1xx_hal_msp.c.obj
LOAD CMakeFiles/myds.elf.dir/Core/Src/stm32f1xx_it.c.obj
LOAD CMakeFiles/myds.elf.dir/Core/Src/syscalls.c.obj
LOAD CMakeFiles/myds.elf.dir/Core/Src/sysmem.c.obj
LOAD CMakeFiles/myds.elf.dir/Core/Src/system_stm32f1xx.c.obj
LOAD CMakeFiles/myds.elf.dir/Core/Src/tim.c.obj
LOAD CMakeFiles/myds.elf.dir/Core/Startup/startup_stm32f103c8tx.s.obj
LOAD CMakeFiles/myds.elf.dir/Drivers/STM32F1xx_HAL_Driver/Src/stm32f1xx_hal.c.obj
LOAD CMakeFiles/myds.elf.dir/Drivers/STM32F1xx_HAL_Driver/Src/stm32f1xx_hal_adc.c.obj
LOAD CMakeFiles/myds.elf.dir/Drivers/STM32F1xx_HAL_Driver/Src/stm32f1xx_hal_adc_ex.c.obj
LOAD CMakeFiles/myds.elf.dir/Drivers/STM32F1xx_HAL_Driver/Src/stm32f1xx_hal_cortex.c.obj
LOAD CMakeFiles/myds.elf.dir/Drivers/STM32F1xx_HAL_Driver/Src/stm32f1xx_hal_dma.c.obj
LOAD CMakeFiles/myds.elf.dir/Drivers/STM32F1xx_HAL_Driver/Src/stm32f1xx_hal_exti.c.obj
LOAD CMakeFiles/myds.elf.dir/Drivers/STM32F1xx_HAL_Driver/Src/stm32f1xx_hal_flash.c.obj
LOAD CMakeFiles/myds.elf.dir/Drivers/STM32F1xx_HAL_Driver/Src/stm32f1xx_hal_flash_ex.c.obj
LOAD CMakeFiles/myds.elf.dir/Drivers/STM32F1xx_HAL_Driver/Src/stm32f1xx_hal_gpio.c.obj
LOAD CMakeFiles/myds.elf.dir/Drivers/STM32F1xx_HAL_Driver/Src/stm32f1xx_hal_gpio_ex.c.obj
LOAD CMakeFiles/myds.elf.dir/Drivers/STM32F1xx_HAL_Driver/Src/stm32f1xx_hal_i2c.c.obj
LOAD CMakeFiles/myds.elf.dir/Drivers/STM32F1xx_HAL_Driver/Src/stm32f1xx_hal_pwr.c.obj
LOAD CMakeFiles/myds.elf.dir/Drivers/STM32F1xx_HAL_Driver/Src/stm32f1xx_hal_rcc.c.obj
LOAD CMakeFiles/myds.elf.dir/Drivers/STM32F1xx_HAL_Driver/Src/stm32f1xx_hal_rcc_ex.c.obj
LOAD CMakeFiles/myds.elf.dir/Drivers/STM32F1xx_HAL_Driver/Src/stm32f1xx_hal_tim.c.obj
LOAD CMakeFiles/myds.elf.dir/Drivers/STM32F1xx_HAL_Driver/Src/stm32f1xx_hal_tim_ex.c.obj
START GROUP
LOAD C:/PROGRA~2/Arm GNU Toolchain arm-none-eabi/14.2 rel1/bin/../lib/gcc/arm-none-eabi/14.2.1/thumb/v7-m/nofp\libgcc.a
LOAD C:/PROGRA~2/Arm GNU Toolchain arm-none-eabi/14.2 rel1/bin/../lib/gcc/arm-none-eabi/14.2.1/thumb/v7-m/nofp\libg.a
LOAD C:/PROGRA~2/Arm GNU Toolchain arm-none-eabi/14.2 rel1/bin/../lib/gcc/arm-none-eabi/14.2.1/thumb/v7-m/nofp\libc.a
END GROUP
LOAD C:/PROGRA~2/Arm GNU Toolchain arm-none-eabi/14.2 rel1/bin/../lib/gcc/arm-none-eabi/14.2.1/thumb/v7-m/nofp/crtend.o
LOAD C:/PROGRA~2/Arm GNU Toolchain arm-none-eabi/14.2 rel1/bin/../lib/gcc/arm-none-eabi/14.2.1/thumb/v7-m/nofp/crtn.o
                0x20005000                        _estack = (ORIGIN (RAM) + LENGTH (RAM))
                0x00000200                        _Min_Heap_Size = 0x200
                0x00000400                        _Min_Stack_Size = 0x400

.isr_vector     0x08000000      0x10c
                0x08000000                        . = ALIGN (0x4)
 *(.isr_vector)
 .isr_vector    0x08000000      0x10c CMakeFiles/myds.elf.dir/Core/Startup/startup_stm32f103c8tx.s.obj
                0x08000000                g_pfnVectors
                0x0800010c                        . = ALIGN (0x4)

.text           0x08000110     0xb004
                0x08000110                        . = ALIGN (0x4)
 *(.text)
 .text          0x08000110      0x378 C:/PROGRA~2/Arm GNU Toolchain arm-none-eabi/14.2 rel1/bin/../lib/gcc/arm-none-eabi/14.2.1/thumb/v7-m/nofp\libgcc.a(_arm_addsubdf3.o)
                0x08000110                __aeabi_drsub
                0x08000118                __aeabi_dsub
                0x08000118                __subdf3
                0x0800011c                __aeabi_dadd
                0x0800011c                __adddf3
                0x08000394                __floatunsidf
                0x08000394                __aeabi_ui2d
                0x080003b4                __floatsidf
                0x080003b4                __aeabi_i2d
                0x080003d8                __aeabi_f2d
                0x080003d8                __extendsfdf2
                0x0800041c                __floatundidf
                0x0800041c                __aeabi_ul2d
                0x0800042c                __floatdidf
                0x0800042c                __aeabi_l2d
 .text          0x08000488      0x424 C:/PROGRA~2/Arm GNU Toolchain arm-none-eabi/14.2 rel1/bin/../lib/gcc/arm-none-eabi/14.2.1/thumb/v7-m/nofp\libgcc.a(_arm_muldivdf3.o)
                0x08000488                __aeabi_dmul
                0x08000488                __muldf3
                0x080006dc                __divdf3
                0x080006dc                __aeabi_ddiv
 .text          0x080008ac       0x50 C:/PROGRA~2/Arm GNU Toolchain arm-none-eabi/14.2 rel1/bin/../lib/gcc/arm-none-eabi/14.2.1/thumb/v7-m/nofp\libgcc.a(_arm_fixdfsi.o)
                0x080008ac                __aeabi_d2iz
                0x080008ac                __fixdfsi
 .text          0x080008fc       0xa0 C:/PROGRA~2/Arm GNU Toolchain arm-none-eabi/14.2 rel1/bin/../lib/gcc/arm-none-eabi/14.2.1/thumb/v7-m/nofp\libgcc.a(_arm_truncdfsf2.o)
                0x080008fc                __truncdfsf2
                0x080008fc                __aeabi_d2f
 .text          0x0800099c      0x21c C:/PROGRA~2/Arm GNU Toolchain arm-none-eabi/14.2 rel1/bin/../lib/gcc/arm-none-eabi/14.2.1/thumb/v7-m/nofp\libgcc.a(_arm_addsubsf3.o)
                0x0800099c                __aeabi_frsub
                0x080009a4                __subsf3
                0x080009a4                __aeabi_fsub
                0x080009a8                __aeabi_fadd
                0x080009a8                __addsf3
                0x08000b08                __aeabi_ui2f
                0x08000b08                __floatunsisf
                0x08000b10                __aeabi_i2f
                0x08000b10                __floatsisf
                0x08000b2c                __aeabi_ul2f
                0x08000b2c                __floatundisf
                0x08000b3c                __aeabi_l2f
                0x08000b3c                __floatdisf
 .text          0x08000bb8      0x2a0 C:/PROGRA~2/Arm GNU Toolchain arm-none-eabi/14.2 rel1/bin/../lib/gcc/arm-none-eabi/14.2.1/thumb/v7-m/nofp\libgcc.a(_arm_muldivsf3.o)
                0x08000bb8                __mulsf3
                0x08000bb8                __aeabi_fmul
                0x08000d20                __aeabi_fdiv
                0x08000d20                __divsf3
 .text          0x08000e58       0xec C:/PROGRA~2/Arm GNU Toolchain arm-none-eabi/14.2 rel1/bin/../lib/gcc/arm-none-eabi/14.2.1/thumb/v7-m/nofp\libgcc.a(_arm_cmpsf2.o)
                0x08000e58                __gesf2
                0x08000e58                __gtsf2
                0x08000e60                __lesf2
                0x08000e60                __ltsf2
                0x08000e68                __nesf2
                0x08000e68                __eqsf2
                0x08000e68                __cmpsf2
                0x08000ec8                __aeabi_cfrcmple
                0x08000ed0                __aeabi_cfcmpeq
                0x08000ed0                __aeabi_cfcmple
                0x08000ee0                __aeabi_fcmpeq
                0x08000ef4                __aeabi_fcmplt
                0x08000f08                __aeabi_fcmple
                0x08000f1c                __aeabi_fcmpge
                0x08000f30                __aeabi_fcmpgt
 .text          0x08000f44       0xec C:/PROGRA~2/Arm GNU Toolchain arm-none-eabi/14.2 rel1/bin/../lib/gcc/arm-none-eabi/14.2.1/thumb/v7-m/nofp\libg.a(libc_a-memcpy.o)
                0x08000f44                memcpy
 .text          0x08001030      0x110 C:/PROGRA~2/Arm GNU Toolchain arm-none-eabi/14.2 rel1/bin/../lib/gcc/arm-none-eabi/14.2.1/thumb/v7-m/nofp\libgcc.a(_arm_cmpdf2.o)
                0x08001030                __gtdf2
                0x08001030                __gedf2
                0x08001038                __ltdf2
                0x08001038                __ledf2
                0x08001040                __nedf2
                0x08001040                __eqdf2
                0x08001040                __cmpdf2
                0x080010bc                __aeabi_cdrcmple
                0x080010cc                __aeabi_cdcmpeq
                0x080010cc                __aeabi_cdcmple
                0x080010dc                __aeabi_dcmpeq
                0x080010f0                __aeabi_dcmplt
                0x08001104                __aeabi_dcmple
                0x08001118                __aeabi_dcmpge
                0x0800112c                __aeabi_dcmpgt
 .text          0x08001140       0x2c C:/PROGRA~2/Arm GNU Toolchain arm-none-eabi/14.2 rel1/bin/../lib/gcc/arm-none-eabi/14.2.1/thumb/v7-m/nofp\libgcc.a(_arm_unorddf2.o)
                0x08001140                __unorddf2
                0x08001140                __aeabi_dcmpun
 *(.text*)
 .text.deregister_tm_clones
                0x0800116c       0x1c C:/PROGRA~2/Arm GNU Toolchain arm-none-eabi/14.2 rel1/bin/../lib/gcc/arm-none-eabi/14.2.1/thumb/v7-m/nofp/crtbegin.o
 .text.register_tm_clones
                0x08001188       0x24 C:/PROGRA~2/Arm GNU Toolchain arm-none-eabi/14.2 rel1/bin/../lib/gcc/arm-none-eabi/14.2.1/thumb/v7-m/nofp/crtbegin.o
 .text.__do_global_dtors_aux
                0x080011ac       0x28 C:/PROGRA~2/Arm GNU Toolchain arm-none-eabi/14.2 rel1/bin/../lib/gcc/arm-none-eabi/14.2.1/thumb/v7-m/nofp/crtbegin.o
 .text.frame_dummy
                0x080011d4       0x24 C:/PROGRA~2/Arm GNU Toolchain arm-none-eabi/14.2 rel1/bin/../lib/gcc/arm-none-eabi/14.2.1/thumb/v7-m/nofp/crtbegin.o
 .text.HAL_GPIO_EXTI_Callback
                0x080011f8       0x4c CMakeFiles/myds.elf.dir/Core/Src/UI.c.obj
                0x080011f8                HAL_GPIO_EXTI_Callback
 .text.MX_ADC1_Init
                0x08001244       0x5c CMakeFiles/myds.elf.dir/Core/Src/adc.c.obj
                0x08001244                MX_ADC1_Init
 .text.HAL_ADC_MspInit
                0x080012a0       0x60 CMakeFiles/myds.elf.dir/Core/Src/adc.c.obj
                0x080012a0                HAL_ADC_MspInit
 .text.Read_Speed
                0x08001300        0xc CMakeFiles/myds.elf.dir/Core/Src/encoder.c.obj
                0x08001300                Read_Speed
 .text.MX_GPIO_Init
                0x0800130c       0xe8 CMakeFiles/myds.elf.dir/Core/Src/gpio.c.obj
                0x0800130c                MX_GPIO_Init
 .text.MX_I2C1_Init
                0x080013f4       0x3c CMakeFiles/myds.elf.dir/Core/Src/i2c.c.obj
                0x080013f4                MX_I2C1_Init
 .text.HAL_I2C_MspInit
                0x08001430       0x78 CMakeFiles/myds.elf.dir/Core/Src/i2c.c.obj
                0x08001430                HAL_I2C_MspInit
 .text.ADC_Read
                0x080014a8       0x68 CMakeFiles/myds.elf.dir/Core/Src/main.c.obj
                0x080014a8                ADC_Read
 .text.Transform_adc
                0x08001510       0x6c CMakeFiles/myds.elf.dir/Core/Src/main.c.obj
                0x08001510                Transform_adc
 .text.Transform_encoder
                0x0800157c       0x58 CMakeFiles/myds.elf.dir/Core/Src/main.c.obj
                0x0800157c                Transform_encoder
 .text.HAL_TIM_PeriodElapsedCallback
                0x080015d4       0xac CMakeFiles/myds.elf.dir/Core/Src/main.c.obj
                0x080015d4                HAL_TIM_PeriodElapsedCallback
 .text.Error_Handler
                0x08001680        0x4 CMakeFiles/myds.elf.dir/Core/Src/main.c.obj
                0x08001680                Error_Handler
 .text.SystemClock_Config
                0x08001684       0x82 CMakeFiles/myds.elf.dir/Core/Src/main.c.obj
                0x08001684                SystemClock_Config
 *fill*         0x08001706        0x2 
 .text.main     0x08001708       0xd0 CMakeFiles/myds.elf.dir/Core/Src/main.c.obj
                0x08001708                main
 .text.Load     0x080017d8       0x60 CMakeFiles/myds.elf.dir/Core/Src/motor.c.obj
                0x080017d8                Load
 .text.OLED_Send
                0x08001838       0x20 CMakeFiles/myds.elf.dir/Core/Src/oled.c.obj
                0x08001838                OLED_Send
 .text.OLED_SendCmd
                0x08001858       0x14 CMakeFiles/myds.elf.dir/Core/Src/oled.c.obj
                0x08001858                OLED_SendCmd
 .text.OLED_NewFrame
                0x0800186c       0x14 CMakeFiles/myds.elf.dir/Core/Src/oled.c.obj
                0x0800186c                OLED_NewFrame
 .text.OLED_ShowFrame
                0x08001880       0x50 CMakeFiles/myds.elf.dir/Core/Src/oled.c.obj
                0x08001880                OLED_ShowFrame
 .text.OLED_Init
                0x080018d0       0xb4 CMakeFiles/myds.elf.dir/Core/Src/oled.c.obj
                0x080018d0                OLED_Init
 .text.OLED_SetByte_Fine
                0x08001984       0x74 CMakeFiles/myds.elf.dir/Core/Src/oled.c.obj
                0x08001984                OLED_SetByte_Fine
 .text.OLED_SetBits_Fine
                0x080019f8       0x78 CMakeFiles/myds.elf.dir/Core/Src/oled.c.obj
                0x080019f8                OLED_SetBits_Fine
 .text.OLED_SetBits
                0x08001a70       0x4e CMakeFiles/myds.elf.dir/Core/Src/oled.c.obj
                0x08001a70                OLED_SetBits
 .text.OLED_SetBlock
                0x08001abe       0x8e CMakeFiles/myds.elf.dir/Core/Src/oled.c.obj
                0x08001abe                OLED_SetBlock
 .text.OLED_PrintASCIIChar
                0x08001b4c       0x2c CMakeFiles/myds.elf.dir/Core/Src/oled.c.obj
                0x08001b4c                OLED_PrintASCIIChar
 .text._OLED_GetUTF8Len
                0x08001b78       0x36 CMakeFiles/myds.elf.dir/Core/Src/oled.c.obj
                0x08001b78                _OLED_GetUTF8Len
 .text.OLED_PrintString
                0x08001bae       0xf0 CMakeFiles/myds.elf.dir/Core/Src/oled.c.obj
                0x08001bae                OLED_PrintString
 *fill*         0x08001c9e        0x2 
 .text.HAL_MspInit
                0x08001ca0       0x44 CMakeFiles/myds.elf.dir/Core/Src/stm32f1xx_hal_msp.c.obj
                0x08001ca0                HAL_MspInit
 .text.NMI_Handler
                0x08001ce4        0x2 CMakeFiles/myds.elf.dir/Core/Src/stm32f1xx_it.c.obj
                0x08001ce4                NMI_Handler
 .text.HardFault_Handler
                0x08001ce6        0x2 CMakeFiles/myds.elf.dir/Core/Src/stm32f1xx_it.c.obj
                0x08001ce6                HardFault_Handler
 .text.MemManage_Handler
                0x08001ce8        0x2 CMakeFiles/myds.elf.dir/Core/Src/stm32f1xx_it.c.obj
                0x08001ce8                MemManage_Handler
 .text.BusFault_Handler
                0x08001cea        0x2 CMakeFiles/myds.elf.dir/Core/Src/stm32f1xx_it.c.obj
                0x08001cea                BusFault_Handler
 .text.UsageFault_Handler
                0x08001cec        0x2 CMakeFiles/myds.elf.dir/Core/Src/stm32f1xx_it.c.obj
                0x08001cec                UsageFault_Handler
 .text.SVC_Handler
                0x08001cee        0x2 CMakeFiles/myds.elf.dir/Core/Src/stm32f1xx_it.c.obj
                0x08001cee                SVC_Handler
 .text.DebugMon_Handler
                0x08001cf0        0x2 CMakeFiles/myds.elf.dir/Core/Src/stm32f1xx_it.c.obj
                0x08001cf0                DebugMon_Handler
 .text.PendSV_Handler
                0x08001cf2        0x2 CMakeFiles/myds.elf.dir/Core/Src/stm32f1xx_it.c.obj
                0x08001cf2                PendSV_Handler
 .text.SysTick_Handler
                0x08001cf4        0x8 CMakeFiles/myds.elf.dir/Core/Src/stm32f1xx_it.c.obj
                0x08001cf4                SysTick_Handler
 .text.EXTI3_IRQHandler
                0x08001cfc        0xa CMakeFiles/myds.elf.dir/Core/Src/stm32f1xx_it.c.obj
                0x08001cfc                EXTI3_IRQHandler
 .text.EXTI4_IRQHandler
                0x08001d06        0xa CMakeFiles/myds.elf.dir/Core/Src/stm32f1xx_it.c.obj
                0x08001d06                EXTI4_IRQHandler
 .text.EXTI9_5_IRQHandler
                0x08001d10        0xa CMakeFiles/myds.elf.dir/Core/Src/stm32f1xx_it.c.obj
                0x08001d10                EXTI9_5_IRQHandler
 *fill*         0x08001d1a        0x2 
 .text.TIM2_IRQHandler
                0x08001d1c       0x10 CMakeFiles/myds.elf.dir/Core/Src/stm32f1xx_it.c.obj
                0x08001d1c                TIM2_IRQHandler
 .text.EXTI15_10_IRQHandler
                0x08001d2c       0x14 CMakeFiles/myds.elf.dir/Core/Src/stm32f1xx_it.c.obj
                0x08001d2c                EXTI15_10_IRQHandler
 .text._getpid  0x08001d40        0x4 CMakeFiles/myds.elf.dir/Core/Src/syscalls.c.obj
                0x08001d40                _getpid
 .text._kill    0x08001d44       0x10 CMakeFiles/myds.elf.dir/Core/Src/syscalls.c.obj
                0x08001d44                _kill
 .text._exit    0x08001d54        0xc CMakeFiles/myds.elf.dir/Core/Src/syscalls.c.obj
                0x08001d54                _exit
 .text._read    0x08001d60       0x20 CMakeFiles/myds.elf.dir/Core/Src/syscalls.c.obj
                0x08001d60                _read
 .text._write   0x08001d80       0x1c CMakeFiles/myds.elf.dir/Core/Src/syscalls.c.obj
                0x08001d80                _write
 .text._close   0x08001d9c        0x6 CMakeFiles/myds.elf.dir/Core/Src/syscalls.c.obj
                0x08001d9c                _close
 .text._fstat   0x08001da2        0xa CMakeFiles/myds.elf.dir/Core/Src/syscalls.c.obj
                0x08001da2                _fstat
 .text._isatty  0x08001dac        0x4 CMakeFiles/myds.elf.dir/Core/Src/syscalls.c.obj
                0x08001dac                _isatty
 .text._lseek   0x08001db0        0x4 CMakeFiles/myds.elf.dir/Core/Src/syscalls.c.obj
                0x08001db0                _lseek
 .text._sbrk    0x08001db4       0x48 CMakeFiles/myds.elf.dir/Core/Src/sysmem.c.obj
                0x08001db4                _sbrk
 .text.SystemInit
                0x08001dfc        0x2 CMakeFiles/myds.elf.dir/Core/Src/system_stm32f1xx.c.obj
                0x08001dfc                SystemInit
 *fill*         0x08001dfe        0x2 
 .text.MX_TIM2_Init
                0x08001e00       0x6c CMakeFiles/myds.elf.dir/Core/Src/tim.c.obj
                0x08001e00                MX_TIM2_Init
 .text.MX_TIM3_Init
                0x08001e6c       0x68 CMakeFiles/myds.elf.dir/Core/Src/tim.c.obj
                0x08001e6c                MX_TIM3_Init
 .text.HAL_TIM_Base_MspInit
                0x08001ed4       0x60 CMakeFiles/myds.elf.dir/Core/Src/tim.c.obj
                0x08001ed4                HAL_TIM_Base_MspInit
 .text.HAL_TIM_Encoder_MspInit
                0x08001f34       0x5c CMakeFiles/myds.elf.dir/Core/Src/tim.c.obj
                0x08001f34                HAL_TIM_Encoder_MspInit
 .text.HAL_TIM_MspPostInit
                0x08001f90       0x50 CMakeFiles/myds.elf.dir/Core/Src/tim.c.obj
                0x08001f90                HAL_TIM_MspPostInit
 .text.MX_TIM4_Init
                0x08001fe0       0xb0 CMakeFiles/myds.elf.dir/Core/Src/tim.c.obj
                0x08001fe0                MX_TIM4_Init
 .text.Reset_Handler
                0x08002090       0x48 CMakeFiles/myds.elf.dir/Core/Startup/startup_stm32f103c8tx.s.obj
                0x08002090                Reset_Handler
 .text.Default_Handler
                0x080020d8        0x2 CMakeFiles/myds.elf.dir/Core/Startup/startup_stm32f103c8tx.s.obj
                0x080020d8                RTC_Alarm_IRQHandler
                0x080020d8                EXTI2_IRQHandler
                0x080020d8                TIM1_CC_IRQHandler
                0x080020d8                PVD_IRQHandler
                0x080020d8                EXTI0_IRQHandler
                0x080020d8                I2C2_EV_IRQHandler
                0x080020d8                ADC1_2_IRQHandler
                0x080020d8                SPI1_IRQHandler
                0x080020d8                TAMPER_IRQHandler
                0x080020d8                DMA1_Channel4_IRQHandler
                0x080020d8                USART3_IRQHandler
                0x080020d8                RTC_IRQHandler
                0x080020d8                DMA1_Channel7_IRQHandler
                0x080020d8                CAN1_RX1_IRQHandler
                0x080020d8                TIM4_IRQHandler
                0x080020d8                I2C1_EV_IRQHandler
                0x080020d8                DMA1_Channel6_IRQHandler
                0x080020d8                TIM3_IRQHandler
                0x080020d8                RCC_IRQHandler
                0x080020d8                TIM1_TRG_COM_IRQHandler
                0x080020d8                DMA1_Channel1_IRQHandler
                0x080020d8                Default_Handler
                0x080020d8                SPI2_IRQHandler
                0x080020d8                DMA1_Channel5_IRQHandler
                0x080020d8                USB_LP_CAN1_RX0_IRQHandler
                0x080020d8                USB_HP_CAN1_TX_IRQHandler
                0x080020d8                DMA1_Channel3_IRQHandler
                0x080020d8                TIM1_UP_IRQHandler
                0x080020d8                WWDG_IRQHandler
                0x080020d8                TIM1_BRK_IRQHandler
                0x080020d8                EXTI1_IRQHandler
                0x080020d8                USART2_IRQHandler
                0x080020d8                I2C2_ER_IRQHandler
                0x080020d8                DMA1_Channel2_IRQHandler
                0x080020d8                CAN1_SCE_IRQHandler
                0x080020d8                FLASH_IRQHandler
                0x080020d8                USART1_IRQHandler
                0x080020d8                I2C1_ER_IRQHandler
                0x080020d8                USBWakeUp_IRQHandler
 *fill*         0x080020da        0x2 
 .text.HAL_InitTick
                0x080020dc       0x4c CMakeFiles/myds.elf.dir/Drivers/STM32F1xx_HAL_Driver/Src/stm32f1xx_hal.c.obj
                0x080020dc                HAL_InitTick
 .text.HAL_Init
                0x08002128       0x24 CMakeFiles/myds.elf.dir/Drivers/STM32F1xx_HAL_Driver/Src/stm32f1xx_hal.c.obj
                0x08002128                HAL_Init
 .text.HAL_IncTick
                0x0800214c       0x18 CMakeFiles/myds.elf.dir/Drivers/STM32F1xx_HAL_Driver/Src/stm32f1xx_hal.c.obj
                0x0800214c                HAL_IncTick
 .text.HAL_GetTick
                0x08002164        0xc CMakeFiles/myds.elf.dir/Drivers/STM32F1xx_HAL_Driver/Src/stm32f1xx_hal.c.obj
                0x08002164                HAL_GetTick
 .text.HAL_ADC_PollForConversion
                0x08002170      0x184 CMakeFiles/myds.elf.dir/Drivers/STM32F1xx_HAL_Driver/Src/stm32f1xx_hal_adc.c.obj
                0x08002170                HAL_ADC_PollForConversion
 .text.HAL_ADC_GetValue
                0x080022f4        0x6 CMakeFiles/myds.elf.dir/Drivers/STM32F1xx_HAL_Driver/Src/stm32f1xx_hal_adc.c.obj
                0x080022f4                HAL_ADC_GetValue
 *fill*         0x080022fa        0x2 
 .text.HAL_ADC_ConfigChannel
                0x080022fc      0x140 CMakeFiles/myds.elf.dir/Drivers/STM32F1xx_HAL_Driver/Src/stm32f1xx_hal_adc.c.obj
                0x080022fc                HAL_ADC_ConfigChannel
 .text.ADC_Enable
                0x0800243c       0x88 CMakeFiles/myds.elf.dir/Drivers/STM32F1xx_HAL_Driver/Src/stm32f1xx_hal_adc.c.obj
                0x0800243c                ADC_Enable
 .text.HAL_ADC_Start
                0x080024c4       0xe8 CMakeFiles/myds.elf.dir/Drivers/STM32F1xx_HAL_Driver/Src/stm32f1xx_hal_adc.c.obj
                0x080024c4                HAL_ADC_Start
 .text.ADC_ConversionStop_Disable
                0x080025ac       0x56 CMakeFiles/myds.elf.dir/Drivers/STM32F1xx_HAL_Driver/Src/stm32f1xx_hal_adc.c.obj
                0x080025ac                ADC_ConversionStop_Disable
 *fill*         0x08002602        0x2 
 .text.HAL_ADC_Init
                0x08002604      0x108 CMakeFiles/myds.elf.dir/Drivers/STM32F1xx_HAL_Driver/Src/stm32f1xx_hal_adc.c.obj
                0x08002604                HAL_ADC_Init
 .text.HAL_ADCEx_Calibration_Start
                0x0800270c      0x100 CMakeFiles/myds.elf.dir/Drivers/STM32F1xx_HAL_Driver/Src/stm32f1xx_hal_adc_ex.c.obj
                0x0800270c                HAL_ADCEx_Calibration_Start
 .text.__NVIC_SetPriority
                0x0800280c       0x28 CMakeFiles/myds.elf.dir/Drivers/STM32F1xx_HAL_Driver/Src/stm32f1xx_hal_cortex.c.obj
 .text.NVIC_EncodePriority
                0x08002834       0x3e CMakeFiles/myds.elf.dir/Drivers/STM32F1xx_HAL_Driver/Src/stm32f1xx_hal_cortex.c.obj
 *fill*         0x08002872        0x2 
 .text.HAL_NVIC_SetPriorityGrouping
                0x08002874       0x24 CMakeFiles/myds.elf.dir/Drivers/STM32F1xx_HAL_Driver/Src/stm32f1xx_hal_cortex.c.obj
                0x08002874                HAL_NVIC_SetPriorityGrouping
 .text.HAL_NVIC_SetPriority
                0x08002898       0x20 CMakeFiles/myds.elf.dir/Drivers/STM32F1xx_HAL_Driver/Src/stm32f1xx_hal_cortex.c.obj
                0x08002898                HAL_NVIC_SetPriority
 .text.HAL_NVIC_EnableIRQ
                0x080028b8       0x1c CMakeFiles/myds.elf.dir/Drivers/STM32F1xx_HAL_Driver/Src/stm32f1xx_hal_cortex.c.obj
                0x080028b8                HAL_NVIC_EnableIRQ
 .text.HAL_SYSTICK_Config
                0x080028d4       0x28 CMakeFiles/myds.elf.dir/Drivers/STM32F1xx_HAL_Driver/Src/stm32f1xx_hal_cortex.c.obj
                0x080028d4                HAL_SYSTICK_Config
 .text.HAL_GPIO_Init
                0x080028fc      0x214 CMakeFiles/myds.elf.dir/Drivers/STM32F1xx_HAL_Driver/Src/stm32f1xx_hal_gpio.c.obj
                0x080028fc                HAL_GPIO_Init
 .text.HAL_GPIO_WritePin
                0x08002b10        0xc CMakeFiles/myds.elf.dir/Drivers/STM32F1xx_HAL_Driver/Src/stm32f1xx_hal_gpio.c.obj
                0x08002b10                HAL_GPIO_WritePin
 .text.HAL_GPIO_EXTI_IRQHandler
                0x08002b1c       0x1c CMakeFiles/myds.elf.dir/Drivers/STM32F1xx_HAL_Driver/Src/stm32f1xx_hal_gpio.c.obj
                0x08002b1c                HAL_GPIO_EXTI_IRQHandler
 .text.I2C_IsAcknowledgeFailed
                0x08002b38       0x32 CMakeFiles/myds.elf.dir/Drivers/STM32F1xx_HAL_Driver/Src/stm32f1xx_hal_i2c.c.obj
 .text.I2C_WaitOnFlagUntilTimeout
                0x08002b6a       0xaa CMakeFiles/myds.elf.dir/Drivers/STM32F1xx_HAL_Driver/Src/stm32f1xx_hal_i2c.c.obj
 .text.I2C_WaitOnMasterAddressFlagUntilTimeout
                0x08002c14       0xd6 CMakeFiles/myds.elf.dir/Drivers/STM32F1xx_HAL_Driver/Src/stm32f1xx_hal_i2c.c.obj
 *fill*         0x08002cea        0x2 
 .text.I2C_MasterRequestWrite
                0x08002cec       0xb4 CMakeFiles/myds.elf.dir/Drivers/STM32F1xx_HAL_Driver/Src/stm32f1xx_hal_i2c.c.obj
 .text.I2C_WaitOnTXEFlagUntilTimeout
                0x08002da0       0x5e CMakeFiles/myds.elf.dir/Drivers/STM32F1xx_HAL_Driver/Src/stm32f1xx_hal_i2c.c.obj
 .text.I2C_WaitOnBTFFlagUntilTimeout
                0x08002dfe       0x5e CMakeFiles/myds.elf.dir/Drivers/STM32F1xx_HAL_Driver/Src/stm32f1xx_hal_i2c.c.obj
 .text.HAL_I2C_Init
                0x08002e5c      0x1bc CMakeFiles/myds.elf.dir/Drivers/STM32F1xx_HAL_Driver/Src/stm32f1xx_hal_i2c.c.obj
                0x08002e5c                HAL_I2C_Init
 .text.HAL_I2C_Master_Transmit
                0x08003018      0x174 CMakeFiles/myds.elf.dir/Drivers/STM32F1xx_HAL_Driver/Src/stm32f1xx_hal_i2c.c.obj
                0x08003018                HAL_I2C_Master_Transmit
 .text.RCC_Delay
                0x0800318c       0x2c CMakeFiles/myds.elf.dir/Drivers/STM32F1xx_HAL_Driver/Src/stm32f1xx_hal_rcc.c.obj
 .text.HAL_RCC_OscConfig
                0x080031b8      0x410 CMakeFiles/myds.elf.dir/Drivers/STM32F1xx_HAL_Driver/Src/stm32f1xx_hal_rcc.c.obj
                0x080031b8                HAL_RCC_OscConfig
 .text.HAL_RCC_GetSysClockFreq
                0x080035c8       0x54 CMakeFiles/myds.elf.dir/Drivers/STM32F1xx_HAL_Driver/Src/stm32f1xx_hal_rcc.c.obj
                0x080035c8                HAL_RCC_GetSysClockFreq
 .text.HAL_RCC_ClockConfig
                0x0800361c      0x16c CMakeFiles/myds.elf.dir/Drivers/STM32F1xx_HAL_Driver/Src/stm32f1xx_hal_rcc.c.obj
                0x0800361c                HAL_RCC_ClockConfig
 .text.HAL_RCC_GetHCLKFreq
                0x08003788        0xc CMakeFiles/myds.elf.dir/Drivers/STM32F1xx_HAL_Driver/Src/stm32f1xx_hal_rcc.c.obj
                0x08003788                HAL_RCC_GetHCLKFreq
 .text.HAL_RCC_GetPCLK1Freq
                0x08003794       0x20 CMakeFiles/myds.elf.dir/Drivers/STM32F1xx_HAL_Driver/Src/stm32f1xx_hal_rcc.c.obj
                0x08003794                HAL_RCC_GetPCLK1Freq
 .text.HAL_RCC_GetPCLK2Freq
                0x080037b4       0x20 CMakeFiles/myds.elf.dir/Drivers/STM32F1xx_HAL_Driver/Src/stm32f1xx_hal_rcc.c.obj
                0x080037b4                HAL_RCC_GetPCLK2Freq
 .text.HAL_RCCEx_PeriphCLKConfig
                0x080037d4      0x118 CMakeFiles/myds.elf.dir/Drivers/STM32F1xx_HAL_Driver/Src/stm32f1xx_hal_rcc_ex.c.obj
                0x080037d4                HAL_RCCEx_PeriphCLKConfig
 .text.HAL_RCCEx_GetPeriphCLKFreq
                0x080038ec       0xd8 CMakeFiles/myds.elf.dir/Drivers/STM32F1xx_HAL_Driver/Src/stm32f1xx_hal_rcc_ex.c.obj
                0x080038ec                HAL_RCCEx_GetPeriphCLKFreq
 .text.TIM_OC1_SetConfig
                0x080039c4       0x54 CMakeFiles/myds.elf.dir/Drivers/STM32F1xx_HAL_Driver/Src/stm32f1xx_hal_tim.c.obj
 .text.TIM_OC3_SetConfig
                0x08003a18       0x5c CMakeFiles/myds.elf.dir/Drivers/STM32F1xx_HAL_Driver/Src/stm32f1xx_hal_tim.c.obj
 .text.TIM_OC4_SetConfig
                0x08003a74       0x48 CMakeFiles/myds.elf.dir/Drivers/STM32F1xx_HAL_Driver/Src/stm32f1xx_hal_tim.c.obj
 .text.TIM_TI1_ConfigInputStage
                0x08003abc       0x24 CMakeFiles/myds.elf.dir/Drivers/STM32F1xx_HAL_Driver/Src/stm32f1xx_hal_tim.c.obj
 .text.TIM_TI2_ConfigInputStage
                0x08003ae0       0x26 CMakeFiles/myds.elf.dir/Drivers/STM32F1xx_HAL_Driver/Src/stm32f1xx_hal_tim.c.obj
 .text.TIM_ITRx_SetConfig
                0x08003b06       0x10 CMakeFiles/myds.elf.dir/Drivers/STM32F1xx_HAL_Driver/Src/stm32f1xx_hal_tim.c.obj
 *fill*         0x08003b16        0x2 
 .text.HAL_TIM_Base_Start_IT
                0x08003b18       0x64 CMakeFiles/myds.elf.dir/Drivers/STM32F1xx_HAL_Driver/Src/stm32f1xx_hal_tim.c.obj
                0x08003b18                HAL_TIM_Base_Start_IT
 .text.HAL_TIM_PWM_MspInit
                0x08003b7c        0x2 CMakeFiles/myds.elf.dir/Drivers/STM32F1xx_HAL_Driver/Src/stm32f1xx_hal_tim.c.obj
                0x08003b7c                HAL_TIM_PWM_MspInit
 .text.HAL_TIM_OC_DelayElapsedCallback
                0x08003b7e        0x2 CMakeFiles/myds.elf.dir/Drivers/STM32F1xx_HAL_Driver/Src/stm32f1xx_hal_tim.c.obj
                0x08003b7e                HAL_TIM_OC_DelayElapsedCallback
 .text.HAL_TIM_IC_CaptureCallback
                0x08003b80        0x2 CMakeFiles/myds.elf.dir/Drivers/STM32F1xx_HAL_Driver/Src/stm32f1xx_hal_tim.c.obj
                0x08003b80                HAL_TIM_IC_CaptureCallback
 .text.HAL_TIM_PWM_PulseFinishedCallback
                0x08003b82        0x2 CMakeFiles/myds.elf.dir/Drivers/STM32F1xx_HAL_Driver/Src/stm32f1xx_hal_tim.c.obj
                0x08003b82                HAL_TIM_PWM_PulseFinishedCallback
 .text.HAL_TIM_TriggerCallback
                0x08003b84        0x2 CMakeFiles/myds.elf.dir/Drivers/STM32F1xx_HAL_Driver/Src/stm32f1xx_hal_tim.c.obj
                0x08003b84                HAL_TIM_TriggerCallback
 .text.HAL_TIM_IRQHandler
                0x08003b86      0x15e CMakeFiles/myds.elf.dir/Drivers/STM32F1xx_HAL_Driver/Src/stm32f1xx_hal_tim.c.obj
                0x08003b86                HAL_TIM_IRQHandler
 .text.TIM_Base_SetConfig
                0x08003ce4       0x84 CMakeFiles/myds.elf.dir/Drivers/STM32F1xx_HAL_Driver/Src/stm32f1xx_hal_tim.c.obj
                0x08003ce4                TIM_Base_SetConfig
 .text.HAL_TIM_Base_Init
                0x08003d68       0x58 CMakeFiles/myds.elf.dir/Drivers/STM32F1xx_HAL_Driver/Src/stm32f1xx_hal_tim.c.obj
                0x08003d68                HAL_TIM_Base_Init
 .text.HAL_TIM_PWM_Init
                0x08003dc0       0x58 CMakeFiles/myds.elf.dir/Drivers/STM32F1xx_HAL_Driver/Src/stm32f1xx_hal_tim.c.obj
                0x08003dc0                HAL_TIM_PWM_Init
 .text.HAL_TIM_Encoder_Init
                0x08003e18       0xb6 CMakeFiles/myds.elf.dir/Drivers/STM32F1xx_HAL_Driver/Src/stm32f1xx_hal_tim.c.obj
                0x08003e18                HAL_TIM_Encoder_Init
 *fill*         0x08003ece        0x2 
 .text.TIM_OC2_SetConfig
                0x08003ed0       0x5c CMakeFiles/myds.elf.dir/Drivers/STM32F1xx_HAL_Driver/Src/stm32f1xx_hal_tim.c.obj
                0x08003ed0                TIM_OC2_SetConfig
 .text.HAL_TIM_PWM_ConfigChannel
                0x08003f2c       0xdc CMakeFiles/myds.elf.dir/Drivers/STM32F1xx_HAL_Driver/Src/stm32f1xx_hal_tim.c.obj
                0x08003f2c                HAL_TIM_PWM_ConfigChannel
 .text.TIM_ETR_SetConfig
                0x08004008       0x18 CMakeFiles/myds.elf.dir/Drivers/STM32F1xx_HAL_Driver/Src/stm32f1xx_hal_tim.c.obj
                0x08004008                TIM_ETR_SetConfig
 .text.HAL_TIM_ConfigClockSource
                0x08004020       0xfe CMakeFiles/myds.elf.dir/Drivers/STM32F1xx_HAL_Driver/Src/stm32f1xx_hal_tim.c.obj
                0x08004020                HAL_TIM_ConfigClockSource
 .text.TIM_CCxChannelCmd
                0x0800411e       0x1e CMakeFiles/myds.elf.dir/Drivers/STM32F1xx_HAL_Driver/Src/stm32f1xx_hal_tim.c.obj
                0x0800411e                TIM_CCxChannelCmd
 .text.HAL_TIM_PWM_Start
                0x0800413c       0xd4 CMakeFiles/myds.elf.dir/Drivers/STM32F1xx_HAL_Driver/Src/stm32f1xx_hal_tim.c.obj
                0x0800413c                HAL_TIM_PWM_Start
 .text.HAL_TIM_Encoder_Start
                0x08004210       0xcc CMakeFiles/myds.elf.dir/Drivers/STM32F1xx_HAL_Driver/Src/stm32f1xx_hal_tim.c.obj
                0x08004210                HAL_TIM_Encoder_Start
 .text.HAL_TIMEx_MasterConfigSynchronization
                0x080042dc       0x6c CMakeFiles/myds.elf.dir/Drivers/STM32F1xx_HAL_Driver/Src/stm32f1xx_hal_tim_ex.c.obj
                0x080042dc                HAL_TIMEx_MasterConfigSynchronization
 .text.HAL_TIMEx_CommutCallback
                0x08004348        0x2 CMakeFiles/myds.elf.dir/Drivers/STM32F1xx_HAL_Driver/Src/stm32f1xx_hal_tim_ex.c.obj
                0x08004348                HAL_TIMEx_CommutCallback
 .text.HAL_TIMEx_BreakCallback
                0x0800434a        0x2 CMakeFiles/myds.elf.dir/Drivers/STM32F1xx_HAL_Driver/Src/stm32f1xx_hal_tim_ex.c.obj
                0x0800434a                HAL_TIMEx_BreakCallback
 .text.stdio_exit_handler
                0x0800434c       0x18 C:/PROGRA~2/Arm GNU Toolchain arm-none-eabi/14.2 rel1/bin/../lib/gcc/arm-none-eabi/14.2.1/thumb/v7-m/nofp\libg.a(libc_a-findfp.o)
 .text.cleanup_stdio
                0x08004364       0x40 C:/PROGRA~2/Arm GNU Toolchain arm-none-eabi/14.2 rel1/bin/../lib/gcc/arm-none-eabi/14.2.1/thumb/v7-m/nofp\libg.a(libc_a-findfp.o)
 .text.global_stdio_init.part.0
                0x080043a4       0xf0 C:/PROGRA~2/Arm GNU Toolchain arm-none-eabi/14.2 rel1/bin/../lib/gcc/arm-none-eabi/14.2.1/thumb/v7-m/nofp\libg.a(libc_a-findfp.o)
 .text.__sinit  0x08004494       0x3c C:/PROGRA~2/Arm GNU Toolchain arm-none-eabi/14.2 rel1/bin/../lib/gcc/arm-none-eabi/14.2.1/thumb/v7-m/nofp\libg.a(libc_a-findfp.o)
                0x08004494                __sinit
 .text.__sfp_lock_acquire
                0x080044d0        0xc C:/PROGRA~2/Arm GNU Toolchain arm-none-eabi/14.2 rel1/bin/../lib/gcc/arm-none-eabi/14.2.1/thumb/v7-m/nofp\libg.a(libc_a-findfp.o)
                0x080044d0                __sfp_lock_acquire
 .text.__sfp_lock_release
                0x080044dc        0xc C:/PROGRA~2/Arm GNU Toolchain arm-none-eabi/14.2 rel1/bin/../lib/gcc/arm-none-eabi/14.2.1/thumb/v7-m/nofp\libg.a(libc_a-findfp.o)
                0x080044dc                __sfp_lock_release
 .text._fwalk_sglue
                0x080044e8       0x44 C:/PROGRA~2/Arm GNU Toolchain arm-none-eabi/14.2 rel1/bin/../lib/gcc/arm-none-eabi/14.2.1/thumb/v7-m/nofp\libg.a(libc_a-fwalk.o)
                0x080044e8                _fwalk_sglue
 .text.sprintf  0x0800452c       0x44 C:/PROGRA~2/Arm GNU Toolchain arm-none-eabi/14.2 rel1/bin/../lib/gcc/arm-none-eabi/14.2.1/thumb/v7-m/nofp\libg.a(libc_a-sprintf.o)
                0x0800452c                sprintf
 .text.__sread  0x08004570       0x24 C:/PROGRA~2/Arm GNU Toolchain arm-none-eabi/14.2 rel1/bin/../lib/gcc/arm-none-eabi/14.2.1/thumb/v7-m/nofp\libg.a(libc_a-stdio.o)
                0x08004570                __sread
 .text.__swrite
                0x08004594       0x40 C:/PROGRA~2/Arm GNU Toolchain arm-none-eabi/14.2 rel1/bin/../lib/gcc/arm-none-eabi/14.2.1/thumb/v7-m/nofp\libg.a(libc_a-stdio.o)
                0x08004594                __swrite
 .text.__sseek  0x080045d4       0x24 C:/PROGRA~2/Arm GNU Toolchain arm-none-eabi/14.2 rel1/bin/../lib/gcc/arm-none-eabi/14.2.1/thumb/v7-m/nofp\libg.a(libc_a-stdio.o)
                0x080045d4                __sseek
 .text.__sclose
                0x080045f8        0x8 C:/PROGRA~2/Arm GNU Toolchain arm-none-eabi/14.2 rel1/bin/../lib/gcc/arm-none-eabi/14.2.1/thumb/v7-m/nofp\libg.a(libc_a-stdio.o)
                0x080045f8                __sclose
 .text.memcmp   0x08004600       0x5c C:/PROGRA~2/Arm GNU Toolchain arm-none-eabi/14.2 rel1/bin/../lib/gcc/arm-none-eabi/14.2.1/thumb/v7-m/nofp\libg.a(libc_a-memcmp.o)
                0x08004600                memcmp
 .text.memset   0x0800465c       0x9c C:/PROGRA~2/Arm GNU Toolchain arm-none-eabi/14.2 rel1/bin/../lib/gcc/arm-none-eabi/14.2.1/thumb/v7-m/nofp\libg.a(libc_a-memset.o)
                0x0800465c                memset
 .text._close_r
                0x080046f8       0x24 C:/PROGRA~2/Arm GNU Toolchain arm-none-eabi/14.2 rel1/bin/../lib/gcc/arm-none-eabi/14.2.1/thumb/v7-m/nofp\libg.a(libc_a-closer.o)
                0x080046f8                _close_r
 .text._lseek_r
                0x0800471c       0x2c C:/PROGRA~2/Arm GNU Toolchain arm-none-eabi/14.2 rel1/bin/../lib/gcc/arm-none-eabi/14.2.1/thumb/v7-m/nofp\libg.a(libc_a-lseekr.o)
                0x0800471c                _lseek_r
 .text._read_r  0x08004748       0x2c C:/PROGRA~2/Arm GNU Toolchain arm-none-eabi/14.2 rel1/bin/../lib/gcc/arm-none-eabi/14.2.1/thumb/v7-m/nofp\libg.a(libc_a-readr.o)
                0x08004748                _read_r
 .text._write_r
                0x08004774       0x2c C:/PROGRA~2/Arm GNU Toolchain arm-none-eabi/14.2 rel1/bin/../lib/gcc/arm-none-eabi/14.2.1/thumb/v7-m/nofp\libg.a(libc_a-writer.o)
                0x08004774                _write_r
 .text.__errno  0x080047a0        0xc C:/PROGRA~2/Arm GNU Toolchain arm-none-eabi/14.2 rel1/bin/../lib/gcc/arm-none-eabi/14.2.1/thumb/v7-m/nofp\libg.a(libc_a-errno.o)
                0x080047a0                __errno
 .text.__libc_init_array
                0x080047ac       0x50 C:/PROGRA~2/Arm GNU Toolchain arm-none-eabi/14.2 rel1/bin/../lib/gcc/arm-none-eabi/14.2.1/thumb/v7-m/nofp\libg.a(libc_a-init.o)
                0x080047ac                __libc_init_array
 .text.__retarget_lock_init_recursive
                0x080047fc        0x4 C:/PROGRA~2/Arm GNU Toolchain arm-none-eabi/14.2 rel1/bin/../lib/gcc/arm-none-eabi/14.2.1/thumb/v7-m/nofp\libg.a(libc_a-lock.o)
                0x080047fc                __retarget_lock_init_recursive
 .text.__retarget_lock_close_recursive
                0x08004800        0x4 C:/PROGRA~2/Arm GNU Toolchain arm-none-eabi/14.2 rel1/bin/../lib/gcc/arm-none-eabi/14.2.1/thumb/v7-m/nofp\libg.a(libc_a-lock.o)
                0x08004800                __retarget_lock_close_recursive
 .text.__retarget_lock_acquire_recursive
                0x08004804        0x4 C:/PROGRA~2/Arm GNU Toolchain arm-none-eabi/14.2 rel1/bin/../lib/gcc/arm-none-eabi/14.2.1/thumb/v7-m/nofp\libg.a(libc_a-lock.o)
                0x08004804                __retarget_lock_acquire_recursive
 .text.__retarget_lock_release_recursive
                0x08004808        0x4 C:/PROGRA~2/Arm GNU Toolchain arm-none-eabi/14.2 rel1/bin/../lib/gcc/arm-none-eabi/14.2.1/thumb/v7-m/nofp\libg.a(libc_a-lock.o)
                0x08004808                __retarget_lock_release_recursive
 .text.startup.register_fini
                0x0800480c       0x14 C:/PROGRA~2/Arm GNU Toolchain arm-none-eabi/14.2 rel1/bin/../lib/gcc/arm-none-eabi/14.2.1/thumb/v7-m/nofp\libg.a(libc_a-__call_atexit.o)
 .text.atexit   0x08004820        0xc C:/PROGRA~2/Arm GNU Toolchain arm-none-eabi/14.2 rel1/bin/../lib/gcc/arm-none-eabi/14.2.1/thumb/v7-m/nofp\libg.a(libc_a-atexit.o)
                0x08004820                atexit
 .text._malloc_trim_r
                0x0800482c       0xb8 C:/PROGRA~2/Arm GNU Toolchain arm-none-eabi/14.2 rel1/bin/../lib/gcc/arm-none-eabi/14.2.1/thumb/v7-m/nofp\libg.a(libc_a-freer.o)
                0x0800482c                _malloc_trim_r
 .text._free_r  0x080048e4      0x1e8 C:/PROGRA~2/Arm GNU Toolchain arm-none-eabi/14.2 rel1/bin/../lib/gcc/arm-none-eabi/14.2.1/thumb/v7-m/nofp\libg.a(libc_a-freer.o)
                0x080048e4                _free_r
 .text._malloc_r
                0x08004acc      0x57c C:/PROGRA~2/Arm GNU Toolchain arm-none-eabi/14.2 rel1/bin/../lib/gcc/arm-none-eabi/14.2.1/thumb/v7-m/nofp\libg.a(libc_a-mallocr.o)
                0x08004acc                _malloc_r
 .text.__malloc_lock
                0x08005048        0xc C:/PROGRA~2/Arm GNU Toolchain arm-none-eabi/14.2 rel1/bin/../lib/gcc/arm-none-eabi/14.2.1/thumb/v7-m/nofp\libg.a(libc_a-mlock.o)
                0x08005048                __malloc_lock
 .text.__malloc_unlock
                0x08005054        0xc C:/PROGRA~2/Arm GNU Toolchain arm-none-eabi/14.2 rel1/bin/../lib/gcc/arm-none-eabi/14.2.1/thumb/v7-m/nofp\libg.a(libc_a-mlock.o)
                0x08005054                __malloc_unlock
 .text._svfprintf_r
                0x08005060     0x2250 C:/PROGRA~2/Arm GNU Toolchain arm-none-eabi/14.2 rel1/bin/../lib/gcc/arm-none-eabi/14.2.1/thumb/v7-m/nofp\libg.a(libc_a-svfprintf.o)
                0x08005060                _svfprintf_r
 .text.__ssprint_r
                0x080072b0       0x58 C:/PROGRA~2/Arm GNU Toolchain arm-none-eabi/14.2 rel1/bin/../lib/gcc/arm-none-eabi/14.2.1/thumb/v7-m/nofp\libg.a(libc_a-ssprint_r.o)
                0x080072b0                __ssprint_r
 .text._fclose_r
                0x08007308       0xc0 C:/PROGRA~2/Arm GNU Toolchain arm-none-eabi/14.2 rel1/bin/../lib/gcc/arm-none-eabi/14.2.1/thumb/v7-m/nofp\libg.a(libc_a-fclose.o)
                0x08007308                _fclose_r
 .text.__sflush_r
                0x080073c8      0x124 C:/PROGRA~2/Arm GNU Toolchain arm-none-eabi/14.2 rel1/bin/../lib/gcc/arm-none-eabi/14.2.1/thumb/v7-m/nofp\libg.a(libc_a-fflush.o)
                0x080073c8                __sflush_r
 .text._fflush_r
                0x080074ec       0x54 C:/PROGRA~2/Arm GNU Toolchain arm-none-eabi/14.2 rel1/bin/../lib/gcc/arm-none-eabi/14.2.1/thumb/v7-m/nofp\libg.a(libc_a-fflush.o)
                0x080074ec                _fflush_r
 .text.strncpy  0x08007540       0x6c C:/PROGRA~2/Arm GNU Toolchain arm-none-eabi/14.2 rel1/bin/../lib/gcc/arm-none-eabi/14.2.1/thumb/v7-m/nofp\libg.a(libc_a-strncpy.o)
                0x08007540                strncpy
 .text.__locale_mb_cur_max
                0x080075ac        0xc C:/PROGRA~2/Arm GNU Toolchain arm-none-eabi/14.2 rel1/bin/../lib/gcc/arm-none-eabi/14.2.1/thumb/v7-m/nofp\libg.a(libc_a-locale.o)
                0x080075ac                __locale_mb_cur_max
 .text._localeconv_r
                0x080075b8        0x8 C:/PROGRA~2/Arm GNU Toolchain arm-none-eabi/14.2 rel1/bin/../lib/gcc/arm-none-eabi/14.2.1/thumb/v7-m/nofp\libg.a(libc_a-localeconv.o)
                0x080075b8                _localeconv_r
 .text._sbrk_r  0x080075c0       0x24 C:/PROGRA~2/Arm GNU Toolchain arm-none-eabi/14.2 rel1/bin/../lib/gcc/arm-none-eabi/14.2.1/thumb/v7-m/nofp\libg.a(libc_a-sbrkr.o)
                0x080075c0                _sbrk_r
 .text.__libc_fini_array
                0x080075e4       0x28 C:/PROGRA~2/Arm GNU Toolchain arm-none-eabi/14.2 rel1/bin/../lib/gcc/arm-none-eabi/14.2.1/thumb/v7-m/nofp\libg.a(libc_a-fini.o)
                0x080075e4                __libc_fini_array
 .text.sysconf  0x0800760c       0x1c C:/PROGRA~2/Arm GNU Toolchain arm-none-eabi/14.2 rel1/bin/../lib/gcc/arm-none-eabi/14.2.1/thumb/v7-m/nofp\libg.a(libc_a-sysconf.o)
                0x0800760c                sysconf
 .text.memchr   0x08007628       0x80 C:/PROGRA~2/Arm GNU Toolchain arm-none-eabi/14.2 rel1/bin/../lib/gcc/arm-none-eabi/14.2.1/thumb/v7-m/nofp\libg.a(libc_a-memchr-stub.o)
                0x08007628                memchr
 .text.strlen   0x080076a8       0x5c C:/PROGRA~2/Arm GNU Toolchain arm-none-eabi/14.2 rel1/bin/../lib/gcc/arm-none-eabi/14.2.1/thumb/v7-m/nofp\libg.a(libc_a-strlen-stub.o)
                0x080076a8                strlen
 .text.frexp    0x08007704       0x6c C:/PROGRA~2/Arm GNU Toolchain arm-none-eabi/14.2 rel1/bin/../lib/gcc/arm-none-eabi/14.2.1/thumb/v7-m/nofp\libg.a(libm_a-s_frexp.o)
                0x08007704                frexp
 .text.__register_exitproc
                0x08007770       0x80 C:/PROGRA~2/Arm GNU Toolchain arm-none-eabi/14.2 rel1/bin/../lib/gcc/arm-none-eabi/14.2.1/thumb/v7-m/nofp\libg.a(libc_a-__atexit.o)
                0x08007770                __register_exitproc
 .text.quorem   0x080077f0      0x13c C:/PROGRA~2/Arm GNU Toolchain arm-none-eabi/14.2 rel1/bin/../lib/gcc/arm-none-eabi/14.2.1/thumb/v7-m/nofp\libg.a(libc_a-dtoa.o)
 *fill*         0x0800792c        0x4 
 .text._dtoa_r  0x08007930     0x1030 C:/PROGRA~2/Arm GNU Toolchain arm-none-eabi/14.2 rel1/bin/../lib/gcc/arm-none-eabi/14.2.1/thumb/v7-m/nofp\libg.a(libc_a-dtoa.o)
                0x08007930                _dtoa_r
 .text.__ascii_mbtowc
                0x08008960       0x2c C:/PROGRA~2/Arm GNU Toolchain arm-none-eabi/14.2 rel1/bin/../lib/gcc/arm-none-eabi/14.2.1/thumb/v7-m/nofp\libg.a(libc_a-mbtowc_r.o)
                0x08008960                __ascii_mbtowc
 .text._Balloc  0x0800898c       0x4c C:/PROGRA~2/Arm GNU Toolchain arm-none-eabi/14.2 rel1/bin/../lib/gcc/arm-none-eabi/14.2.1/thumb/v7-m/nofp\libg.a(libc_a-mprec.o)
                0x0800898c                _Balloc
 .text._Bfree   0x080089d8       0x14 C:/PROGRA~2/Arm GNU Toolchain arm-none-eabi/14.2 rel1/bin/../lib/gcc/arm-none-eabi/14.2.1/thumb/v7-m/nofp\libg.a(libc_a-mprec.o)
                0x080089d8                _Bfree
 .text.__multadd
                0x080089ec       0xa4 C:/PROGRA~2/Arm GNU Toolchain arm-none-eabi/14.2 rel1/bin/../lib/gcc/arm-none-eabi/14.2.1/thumb/v7-m/nofp\libg.a(libc_a-mprec.o)
                0x080089ec                __multadd
 .text.__hi0bits
                0x08008a90       0x54 C:/PROGRA~2/Arm GNU Toolchain arm-none-eabi/14.2 rel1/bin/../lib/gcc/arm-none-eabi/14.2.1/thumb/v7-m/nofp\libg.a(libc_a-mprec.o)
                0x08008a90                __hi0bits
 .text.__lo0bits
                0x08008ae4       0x7c C:/PROGRA~2/Arm GNU Toolchain arm-none-eabi/14.2 rel1/bin/../lib/gcc/arm-none-eabi/14.2.1/thumb/v7-m/nofp\libg.a(libc_a-mprec.o)
                0x08008ae4                __lo0bits
 .text.__i2b    0x08008b60       0x5c C:/PROGRA~2/Arm GNU Toolchain arm-none-eabi/14.2 rel1/bin/../lib/gcc/arm-none-eabi/14.2.1/thumb/v7-m/nofp\libg.a(libc_a-mprec.o)
                0x08008b60                __i2b
 .text.__multiply
                0x08008bbc      0x168 C:/PROGRA~2/Arm GNU Toolchain arm-none-eabi/14.2 rel1/bin/../lib/gcc/arm-none-eabi/14.2.1/thumb/v7-m/nofp\libg.a(libc_a-mprec.o)
                0x08008bbc                __multiply
 .text.__pow5mult
                0x08008d24       0xc0 C:/PROGRA~2/Arm GNU Toolchain arm-none-eabi/14.2 rel1/bin/../lib/gcc/arm-none-eabi/14.2.1/thumb/v7-m/nofp\libg.a(libc_a-mprec.o)
                0x08008d24                __pow5mult
 .text.__lshift
                0x08008de4       0xe8 C:/PROGRA~2/Arm GNU Toolchain arm-none-eabi/14.2 rel1/bin/../lib/gcc/arm-none-eabi/14.2.1/thumb/v7-m/nofp\libg.a(libc_a-mprec.o)
                0x08008de4                __lshift
 .text.__mcmp   0x08008ecc       0x40 C:/PROGRA~2/Arm GNU Toolchain arm-none-eabi/14.2 rel1/bin/../lib/gcc/arm-none-eabi/14.2.1/thumb/v7-m/nofp\libg.a(libc_a-mprec.o)
                0x08008ecc                __mcmp
 .text.__mdiff  0x08008f0c      0x164 C:/PROGRA~2/Arm GNU Toolchain arm-none-eabi/14.2 rel1/bin/../lib/gcc/arm-none-eabi/14.2.1/thumb/v7-m/nofp\libg.a(libc_a-mprec.o)
                0x08008f0c                __mdiff
 .text.__d2b    0x08009070       0xb8 C:/PROGRA~2/Arm GNU Toolchain arm-none-eabi/14.2 rel1/bin/../lib/gcc/arm-none-eabi/14.2.1/thumb/v7-m/nofp\libg.a(libc_a-mprec.o)
                0x08009070                __d2b
 .text.__ascii_wctomb
                0x08009128       0x1c C:/PROGRA~2/Arm GNU Toolchain arm-none-eabi/14.2 rel1/bin/../lib/gcc/arm-none-eabi/14.2.1/thumb/v7-m/nofp\libg.a(libc_a-wctomb_r.o)
                0x08009128                __ascii_wctomb
 .text._wcrtomb_r
                0x08009144       0x4c C:/PROGRA~2/Arm GNU Toolchain arm-none-eabi/14.2 rel1/bin/../lib/gcc/arm-none-eabi/14.2.1/thumb/v7-m/nofp\libg.a(libc_a-wcrtomb.o)
                0x08009144                _wcrtomb_r
 .text._wcsrtombs_r
                0x08009190       0x18 C:/PROGRA~2/Arm GNU Toolchain arm-none-eabi/14.2 rel1/bin/../lib/gcc/arm-none-eabi/14.2.1/thumb/v7-m/nofp\libg.a(libc_a-wcsrtombs.o)
                0x08009190                _wcsrtombs_r
 .text.__ssputs_r
                0x080091a8       0xc0 C:/PROGRA~2/Arm GNU Toolchain arm-none-eabi/14.2 rel1/bin/../lib/gcc/arm-none-eabi/14.2.1/thumb/v7-m/nofp\libg.a(libc_a-ssputs_r.o)
                0x080091a8                __ssputs_r
 .text.memmove  0x08009268       0xfc C:/PROGRA~2/Arm GNU Toolchain arm-none-eabi/14.2 rel1/bin/../lib/gcc/arm-none-eabi/14.2.1/thumb/v7-m/nofp\libg.a(libc_a-memmove.o)
                0x08009268                memmove
 .text.__assert_func
                0x08009364       0x40 C:/PROGRA~2/Arm GNU Toolchain arm-none-eabi/14.2 rel1/bin/../lib/gcc/arm-none-eabi/14.2.1/thumb/v7-m/nofp\libg.a(libc_a-assert.o)
                0x08009364                __assert_func
 .text._calloc_r
                0x080093a4       0x6c C:/PROGRA~2/Arm GNU Toolchain arm-none-eabi/14.2 rel1/bin/../lib/gcc/arm-none-eabi/14.2.1/thumb/v7-m/nofp\libg.a(libc_a-callocr.o)
                0x080093a4                _calloc_r
 .text._realloc_r
                0x08009410      0x350 C:/PROGRA~2/Arm GNU Toolchain arm-none-eabi/14.2 rel1/bin/../lib/gcc/arm-none-eabi/14.2.1/thumb/v7-m/nofp\libg.a(libc_a-reallocr.o)
                0x08009410                _realloc_r
 .text._wcsnrtombs_l
                0x08009760       0xf0 C:/PROGRA~2/Arm GNU Toolchain arm-none-eabi/14.2 rel1/bin/../lib/gcc/arm-none-eabi/14.2.1/thumb/v7-m/nofp\libg.a(libc_a-wcsnrtombs.o)
                0x08009760                _wcsnrtombs_l
 .text._wcsnrtombs_r
                0x08009850       0x24 C:/PROGRA~2/Arm GNU Toolchain arm-none-eabi/14.2 rel1/bin/../lib/gcc/arm-none-eabi/14.2.1/thumb/v7-m/nofp\libg.a(libc_a-wcsnrtombs.o)
                0x08009850                _wcsnrtombs_r
 .text.fiprintf
                0x08009874       0x28 C:/PROGRA~2/Arm GNU Toolchain arm-none-eabi/14.2 rel1/bin/../lib/gcc/arm-none-eabi/14.2.1/thumb/v7-m/nofp\libg.a(libc_a-fiprintf.o)
                0x08009874                fiprintf
 .text._vfiprintf_r
                0x0800989c     0x1238 C:/PROGRA~2/Arm GNU Toolchain arm-none-eabi/14.2 rel1/bin/../lib/gcc/arm-none-eabi/14.2.1/thumb/v7-m/nofp\libg.a(libc_a-vfiprintf.o)
                0x0800989c                _vfiprintf_r
 .text.__sbprintf
                0x0800aad4       0x84 C:/PROGRA~2/Arm GNU Toolchain arm-none-eabi/14.2 rel1/bin/../lib/gcc/arm-none-eabi/14.2.1/thumb/v7-m/nofp\libg.a(libc_a-vfiprintf.o)
 .text.__sprint_r
                0x0800ab58       0x20 C:/PROGRA~2/Arm GNU Toolchain arm-none-eabi/14.2 rel1/bin/../lib/gcc/arm-none-eabi/14.2.1/thumb/v7-m/nofp\libg.a(libc_a-sprint_r.o)
                0x0800ab58                __sprint_r
 .text.__sfvwrite_r
                0x0800ab78      0x2d8 C:/PROGRA~2/Arm GNU Toolchain arm-none-eabi/14.2 rel1/bin/../lib/gcc/arm-none-eabi/14.2.1/thumb/v7-m/nofp\libg.a(libc_a-fvwrite.o)
                0x0800ab78                __sfvwrite_r
 .text.__swsetup_r
                0x0800ae50       0xfc C:/PROGRA~2/Arm GNU Toolchain arm-none-eabi/14.2 rel1/bin/../lib/gcc/arm-none-eabi/14.2.1/thumb/v7-m/nofp\libg.a(libc_a-wsetup.o)
                0x0800ae50                __swsetup_r
 .text.abort    0x0800af4c       0x10 C:/PROGRA~2/Arm GNU Toolchain arm-none-eabi/14.2 rel1/bin/../lib/gcc/arm-none-eabi/14.2.1/thumb/v7-m/nofp\libg.a(libc_a-abort.o)
                0x0800af4c                abort
 .text.__smakebuf_r
                0x0800af5c       0xd0 C:/PROGRA~2/Arm GNU Toolchain arm-none-eabi/14.2 rel1/bin/../lib/gcc/arm-none-eabi/14.2.1/thumb/v7-m/nofp\libg.a(libc_a-makebuf.o)
                0x0800af5c                __smakebuf_r
 .text.raise    0x0800b02c       0x58 C:/PROGRA~2/Arm GNU Toolchain arm-none-eabi/14.2 rel1/bin/../lib/gcc/arm-none-eabi/14.2.1/thumb/v7-m/nofp\libg.a(libc_a-signal.o)
                0x0800b02c                raise
 .text._fstat_r
                0x0800b084       0x28 C:/PROGRA~2/Arm GNU Toolchain arm-none-eabi/14.2 rel1/bin/../lib/gcc/arm-none-eabi/14.2.1/thumb/v7-m/nofp\libg.a(libc_a-fstatr.o)
                0x0800b084                _fstat_r
 .text._isatty_r
                0x0800b0ac       0x24 C:/PROGRA~2/Arm GNU Toolchain arm-none-eabi/14.2 rel1/bin/../lib/gcc/arm-none-eabi/14.2.1/thumb/v7-m/nofp\libg.a(libc_a-isattyr.o)
                0x0800b0ac                _isatty_r
 .text._kill_r  0x0800b0d0       0x28 C:/PROGRA~2/Arm GNU Toolchain arm-none-eabi/14.2 rel1/bin/../lib/gcc/arm-none-eabi/14.2.1/thumb/v7-m/nofp\libg.a(libc_a-signalr.o)
                0x0800b0d0                _kill_r
 .text._getpid_r
                0x0800b0f8        0x4 C:/PROGRA~2/Arm GNU Toolchain arm-none-eabi/14.2 rel1/bin/../lib/gcc/arm-none-eabi/14.2.1/thumb/v7-m/nofp\libg.a(libc_a-signalr.o)
                0x0800b0f8                _getpid_r
 *(.glue_7)
 .glue_7        0x0800b0fc        0x0 linker stubs
 *(.glue_7t)
 .glue_7t       0x0800b0fc        0x0 linker stubs
 *(.eh_frame)
 .eh_frame      0x0800b0fc        0x0 C:/PROGRA~2/Arm GNU Toolchain arm-none-eabi/14.2 rel1/bin/../lib/gcc/arm-none-eabi/14.2.1/thumb/v7-m/nofp/crtbegin.o
 *(.init)
 .init          0x0800b0fc        0x4 C:/PROGRA~2/Arm GNU Toolchain arm-none-eabi/14.2 rel1/bin/../lib/gcc/arm-none-eabi/14.2.1/thumb/v7-m/nofp/crti.o
                0x0800b0fc                _init
 .init          0x0800b100        0x8 C:/PROGRA~2/Arm GNU Toolchain arm-none-eabi/14.2 rel1/bin/../lib/gcc/arm-none-eabi/14.2.1/thumb/v7-m/nofp/crtn.o
 *(.fini)
 .fini          0x0800b108        0x4 C:/PROGRA~2/Arm GNU Toolchain arm-none-eabi/14.2 rel1/bin/../lib/gcc/arm-none-eabi/14.2.1/thumb/v7-m/nofp/crti.o
                0x0800b108                _fini
 .fini          0x0800b10c        0x8 C:/PROGRA~2/Arm GNU Toolchain arm-none-eabi/14.2 rel1/bin/../lib/gcc/arm-none-eabi/14.2.1/thumb/v7-m/nofp/crtn.o
                0x0800b114                        . = ALIGN (0x4)
                0x0800b114                        _etext = .

.vfp11_veneer   0x0800b114        0x0
 .vfp11_veneer  0x0800b114        0x0 linker stubs

.v4_bx          0x0800b114        0x0
 .v4_bx         0x0800b114        0x0 linker stubs

.iplt           0x0800b114        0x0
 .iplt          0x0800b114        0x0 C:/PROGRA~2/Arm GNU Toolchain arm-none-eabi/14.2 rel1/bin/../lib/gcc/arm-none-eabi/14.2.1/thumb/v7-m/nofp/crtbegin.o

.rodata         0x0800b118      0xad4
                0x0800b118                        . = ALIGN (0x4)
 *(.rodata)
 *(.rodata*)
 .rodata.font16x16
                0x0800b118       0x10 CMakeFiles/myds.elf.dir/Core/Src/font.c.obj
                0x0800b118                font16x16
 .rodata.zh16x16
                0x0800b128       0x90 CMakeFiles/myds.elf.dir/Core/Src/font.c.obj
                0x0800b128                zh16x16
 .rodata.afont16x8
                0x0800b1b8        0x8 CMakeFiles/myds.elf.dir/Core/Src/font.c.obj
                0x0800b1b8                afont16x8
 .rodata.ascii_16x8
                0x0800b1c0      0x5f0 CMakeFiles/myds.elf.dir/Core/Src/font.c.obj
                0x0800b1c0                ascii_16x8
 .rodata.main.str1.4
                0x0800b7b0      0x1bb CMakeFiles/myds.elf.dir/Core/Src/main.c.obj
                                 0x14 (size before relaxing)
 *fill*         0x0800b96b        0x1 
 .rodata.APBPrescTable
                0x0800b96c        0x8 CMakeFiles/myds.elf.dir/Core/Src/system_stm32f1xx.c.obj
                0x0800b96c                APBPrescTable
 .rodata.AHBPrescTable
                0x0800b974       0x10 CMakeFiles/myds.elf.dir/Core/Src/system_stm32f1xx.c.obj
                0x0800b974                AHBPrescTable
 .rodata.aPredivFactorTable.0
                0x0800b984        0x2 CMakeFiles/myds.elf.dir/Drivers/STM32F1xx_HAL_Driver/Src/stm32f1xx_hal_rcc.c.obj
 *fill*         0x0800b986        0x2 
 .rodata.aPLLMULFactorTable.1
                0x0800b988       0x10 CMakeFiles/myds.elf.dir/Drivers/STM32F1xx_HAL_Driver/Src/stm32f1xx_hal_rcc.c.obj
 .rodata.aPredivFactorTable.0
                0x0800b998        0x2 CMakeFiles/myds.elf.dir/Drivers/STM32F1xx_HAL_Driver/Src/stm32f1xx_hal_rcc_ex.c.obj
 *fill*         0x0800b99a        0x2 
 .rodata.aPLLMULFactorTable.1
                0x0800b99c       0x10 CMakeFiles/myds.elf.dir/Drivers/STM32F1xx_HAL_Driver/Src/stm32f1xx_hal_rcc_ex.c.obj
 .rodata._svfprintf_r.str1.4
                0x0800b9ac       0x42 C:/PROGRA~2/Arm GNU Toolchain arm-none-eabi/14.2 rel1/bin/../lib/gcc/arm-none-eabi/14.2.1/thumb/v7-m/nofp\libg.a(libc_a-svfprintf.o)
 .rodata.zeroes.0
                0x0800b9ac       0x10 C:/PROGRA~2/Arm GNU Toolchain arm-none-eabi/14.2 rel1/bin/../lib/gcc/arm-none-eabi/14.2.1/thumb/v7-m/nofp\libg.a(libc_a-svfprintf.o)
 .rodata.blanks.1
                0x0800b9bc       0x10 C:/PROGRA~2/Arm GNU Toolchain arm-none-eabi/14.2 rel1/bin/../lib/gcc/arm-none-eabi/14.2.1/thumb/v7-m/nofp\libg.a(libc_a-svfprintf.o)
 .rodata.str1.4
                0x0800b9cc       0x4c C:/PROGRA~2/Arm GNU Toolchain arm-none-eabi/14.2 rel1/bin/../lib/gcc/arm-none-eabi/14.2.1/thumb/v7-m/nofp\libg.a(libc_a-locale.o)
 .rodata._dtoa_r.str1.4
                0x0800b9cc       0x83 C:/PROGRA~2/Arm GNU Toolchain arm-none-eabi/14.2 rel1/bin/../lib/gcc/arm-none-eabi/14.2.1/thumb/v7-m/nofp\libg.a(libc_a-dtoa.o)
 .rodata.__multadd.str1.4
                0x0800b9cc       0x70 C:/PROGRA~2/Arm GNU Toolchain arm-none-eabi/14.2 rel1/bin/../lib/gcc/arm-none-eabi/14.2.1/thumb/v7-m/nofp\libg.a(libc_a-mprec.o)
 .rodata.p05.0  0x0800b9cc        0xc C:/PROGRA~2/Arm GNU Toolchain arm-none-eabi/14.2 rel1/bin/../lib/gcc/arm-none-eabi/14.2.1/thumb/v7-m/nofp\libg.a(libc_a-mprec.o)
 .rodata.__mprec_bigtens
                0x0800b9d8       0x28 C:/PROGRA~2/Arm GNU Toolchain arm-none-eabi/14.2 rel1/bin/../lib/gcc/arm-none-eabi/14.2.1/thumb/v7-m/nofp\libg.a(libc_a-mprec.o)
                0x0800b9d8                __mprec_bigtens
 .rodata.__mprec_tens
                0x0800ba00       0xc8 C:/PROGRA~2/Arm GNU Toolchain arm-none-eabi/14.2 rel1/bin/../lib/gcc/arm-none-eabi/14.2.1/thumb/v7-m/nofp\libg.a(libc_a-mprec.o)
                0x0800ba00                __mprec_tens
 .rodata._ctype_
                0x0800bac8      0x101 C:/PROGRA~2/Arm GNU Toolchain arm-none-eabi/14.2 rel1/bin/../lib/gcc/arm-none-eabi/14.2.1/thumb/v7-m/nofp\libg.a(libc_a-ctype_.o)
                0x0800bac8                _ctype_
 .rodata.__assert_func.str1.4
                0x0800bbc9       0x43 C:/PROGRA~2/Arm GNU Toolchain arm-none-eabi/14.2 rel1/bin/../lib/gcc/arm-none-eabi/14.2.1/thumb/v7-m/nofp\libg.a(libc_a-assert.o)
 .rodata._vfiprintf_r.str1.4
                0x0800bbc9       0x2f C:/PROGRA~2/Arm GNU Toolchain arm-none-eabi/14.2 rel1/bin/../lib/gcc/arm-none-eabi/14.2.1/thumb/v7-m/nofp\libg.a(libc_a-vfiprintf.o)
 *fill*         0x0800bbc9        0x3 
 .rodata.zeroes.0
                0x0800bbcc       0x10 C:/PROGRA~2/Arm GNU Toolchain arm-none-eabi/14.2 rel1/bin/../lib/gcc/arm-none-eabi/14.2.1/thumb/v7-m/nofp\libg.a(libc_a-vfiprintf.o)
 .rodata.blanks.1
                0x0800bbdc       0x10 C:/PROGRA~2/Arm GNU Toolchain arm-none-eabi/14.2 rel1/bin/../lib/gcc/arm-none-eabi/14.2.1/thumb/v7-m/nofp\libg.a(libc_a-vfiprintf.o)
                0x0800bbec                        . = ALIGN (0x4)

.ARM.extab      0x0800bbec        0x0
                0x0800bbec                        . = ALIGN (0x4)
 *(.ARM.extab* .gnu.linkonce.armextab.*)
                0x0800bbec                        . = ALIGN (0x4)

.ARM            0x0800bbec        0x8
                0x0800bbec                        . = ALIGN (0x4)
                0x0800bbec                        __exidx_start = .
 *(.ARM.exidx*)
 .ARM.exidx     0x0800bbec        0x8 C:/PROGRA~2/Arm GNU Toolchain arm-none-eabi/14.2 rel1/bin/../lib/gcc/arm-none-eabi/14.2.1/thumb/v7-m/nofp\libg.a(libc_a-memcpy.o)
                0x0800bbf4                        __exidx_end = .
                0x0800bbf4                        . = ALIGN (0x4)

.preinit_array  0x0800bbf4        0x0
                0x0800bbf4                        . = ALIGN (0x4)
                0x0800bbf4                        PROVIDE (__preinit_array_start = .)
 *(.preinit_array*)
                0x0800bbf4                        PROVIDE (__preinit_array_end = .)
                0x0800bbf4                        . = ALIGN (0x4)

.init_array     0x0800bbf4        0x8
                0x0800bbf4                        . = ALIGN (0x4)
                0x0800bbf4                        PROVIDE (__init_array_start = .)
 *(SORT_BY_NAME(.init_array.*))
 .init_array.00000
                0x0800bbf4        0x4 C:/PROGRA~2/Arm GNU Toolchain arm-none-eabi/14.2 rel1/bin/../lib/gcc/arm-none-eabi/14.2.1/thumb/v7-m/nofp\libg.a(libc_a-__call_atexit.o)
 *(.init_array*)
 .init_array    0x0800bbf8        0x4 C:/PROGRA~2/Arm GNU Toolchain arm-none-eabi/14.2 rel1/bin/../lib/gcc/arm-none-eabi/14.2.1/thumb/v7-m/nofp/crtbegin.o
                0x0800bbfc                        PROVIDE (__init_array_end = .)
                0x0800bbfc                        . = ALIGN (0x4)

.fini_array     0x0800bbfc        0x4
                0x0800bbfc                        . = ALIGN (0x4)
                0x0800bbfc                        PROVIDE (__fini_array_start = .)
 *(SORT_BY_NAME(.fini_array.*))
 *(.fini_array*)
 .fini_array    0x0800bbfc        0x4 C:/PROGRA~2/Arm GNU Toolchain arm-none-eabi/14.2 rel1/bin/../lib/gcc/arm-none-eabi/14.2.1/thumb/v7-m/nofp/crtbegin.o
                0x0800bc00                        PROVIDE (__fini_array_end = .)
                0x0800bc00                        . = ALIGN (0x4)
                0x0800bc00                        _sidata = LOADADDR (.data)

.rel.dyn        0x0800bc00        0x0
 .rel.iplt      0x0800bc00        0x0 C:/PROGRA~2/Arm GNU Toolchain arm-none-eabi/14.2 rel1/bin/../lib/gcc/arm-none-eabi/14.2.1/thumb/v7-m/nofp/crtbegin.o

.data           0x20000000      0x6e4 load address 0x0800bc00
                0x20000000                        . = ALIGN (0x4)
                0x20000000                        _sdata = .
 *(.data)
 *(.data*)
 .data.dead_area
                0x20000000        0x4 CMakeFiles/myds.elf.dir/Core/Src/motor.c.obj
                0x20000000                dead_area
 .data.SystemCoreClock
                0x20000004        0x4 CMakeFiles/myds.elf.dir/Core/Src/system_stm32f1xx.c.obj
                0x20000004                SystemCoreClock
 .data.uwTickFreq
                0x20000008        0x1 CMakeFiles/myds.elf.dir/Drivers/STM32F1xx_HAL_Driver/Src/stm32f1xx_hal.c.obj
                0x20000008                uwTickFreq
 *fill*         0x20000009        0x3 
 .data.uwTickPrio
                0x2000000c        0x4 CMakeFiles/myds.elf.dir/Drivers/STM32F1xx_HAL_Driver/Src/stm32f1xx_hal.c.obj
                0x2000000c                uwTickPrio
 .data.__sglue  0x20000010        0xc C:/PROGRA~2/Arm GNU Toolchain arm-none-eabi/14.2 rel1/bin/../lib/gcc/arm-none-eabi/14.2.1/thumb/v7-m/nofp\libg.a(libc_a-findfp.o)
                0x20000010                __sglue
 .data._impure_ptr
                0x2000001c        0x4 C:/PROGRA~2/Arm GNU Toolchain arm-none-eabi/14.2 rel1/bin/../lib/gcc/arm-none-eabi/14.2.1/thumb/v7-m/nofp\libg.a(libc_a-impure.o)
                0x2000001c                _impure_ptr
 .data._impure_data
                0x20000020      0x140 C:/PROGRA~2/Arm GNU Toolchain arm-none-eabi/14.2 rel1/bin/../lib/gcc/arm-none-eabi/14.2.1/thumb/v7-m/nofp\libg.a(libc_a-impure.o)
                0x20000020                _impure_data
 .data.__atexit_recursive_mutex
                0x20000160        0x4 C:/PROGRA~2/Arm GNU Toolchain arm-none-eabi/14.2 rel1/bin/../lib/gcc/arm-none-eabi/14.2.1/thumb/v7-m/nofp\libg.a(libc_a-__call_atexit.o)
                0x20000160                __atexit_recursive_mutex
 .data.__malloc_sbrk_base
                0x20000164        0x4 C:/PROGRA~2/Arm GNU Toolchain arm-none-eabi/14.2 rel1/bin/../lib/gcc/arm-none-eabi/14.2.1/thumb/v7-m/nofp\libg.a(libc_a-mallocr.o)
                0x20000164                __malloc_sbrk_base
 .data.__malloc_trim_threshold
                0x20000168        0x4 C:/PROGRA~2/Arm GNU Toolchain arm-none-eabi/14.2 rel1/bin/../lib/gcc/arm-none-eabi/14.2.1/thumb/v7-m/nofp\libg.a(libc_a-mallocr.o)
                0x20000168                __malloc_trim_threshold
 *fill*         0x2000016c        0x4 
 .data.__malloc_av_
                0x20000170      0x408 C:/PROGRA~2/Arm GNU Toolchain arm-none-eabi/14.2 rel1/bin/../lib/gcc/arm-none-eabi/14.2.1/thumb/v7-m/nofp\libg.a(libc_a-mallocr.o)
                0x20000170                __malloc_av_
 .data.__global_locale
                0x20000578      0x16c C:/PROGRA~2/Arm GNU Toolchain arm-none-eabi/14.2 rel1/bin/../lib/gcc/arm-none-eabi/14.2.1/thumb/v7-m/nofp\libg.a(libc_a-locale.o)
                0x20000578                __global_locale
 *(.RamFunc)
 *(.RamFunc*)
                0x200006e4                        . = ALIGN (0x4)
                0x200006e4                        _edata = .

.tm_clone_table
                0x200006e4        0x0 load address 0x0800c2e4
 .tm_clone_table
                0x200006e4        0x0 C:/PROGRA~2/Arm GNU Toolchain arm-none-eabi/14.2 rel1/bin/../lib/gcc/arm-none-eabi/14.2.1/thumb/v7-m/nofp/crtbegin.o
 .tm_clone_table
                0x200006e4        0x0 C:/PROGRA~2/Arm GNU Toolchain arm-none-eabi/14.2 rel1/bin/../lib/gcc/arm-none-eabi/14.2.1/thumb/v7-m/nofp/crtend.o

.igot.plt       0x200006e4        0x0 load address 0x0800c2e4
 .igot.plt      0x200006e4        0x0 C:/PROGRA~2/Arm GNU Toolchain arm-none-eabi/14.2 rel1/bin/../lib/gcc/arm-none-eabi/14.2.1/thumb/v7-m/nofp/crtbegin.o
                0x200006e4                        . = ALIGN (0x4)

.bss            0x200006e4      0x98c load address 0x0800c2e4
                0x200006e4                        _sbss = .
                0x200006e4                        __bss_start__ = _sbss
 *(.bss)
 *(.bss*)
 .bss.completed.1
                0x200006e4        0x1 C:/PROGRA~2/Arm GNU Toolchain arm-none-eabi/14.2 rel1/bin/../lib/gcc/arm-none-eabi/14.2.1/thumb/v7-m/nofp/crtbegin.o
 *fill*         0x200006e5        0x3 
 .bss.object.0  0x200006e8       0x18 C:/PROGRA~2/Arm GNU Toolchain arm-none-eabi/14.2 rel1/bin/../lib/gcc/arm-none-eabi/14.2.1/thumb/v7-m/nofp/crtbegin.o
 .bss.hadc1     0x20000700       0x30 CMakeFiles/myds.elf.dir/Core/Src/adc.c.obj
                0x20000700                hadc1
 .bss.hi2c1     0x20000730       0x54 CMakeFiles/myds.elf.dir/Core/Src/i2c.c.obj
                0x20000730                hi2c1
 .bss.KEY       0x20000784        0x4 CMakeFiles/myds.elf.dir/Core/Src/main.c.obj
                0x20000784                KEY
 .bss.adc       0x20000788       0x28 CMakeFiles/myds.elf.dir/Core/Src/main.c.obj
                0x20000788                adc
 .bss.adc_result
                0x200007b0        0x4 CMakeFiles/myds.elf.dir/Core/Src/main.c.obj
                0x200007b0                adc_result
 .bss.adc_value
                0x200007b4        0x4 CMakeFiles/myds.elf.dir/Core/Src/main.c.obj
                0x200007b4                adc_value
 .bss.message_adc
                0x200007b8       0x14 CMakeFiles/myds.elf.dir/Core/Src/main.c.obj
                0x200007b8                message_adc
 .bss.encoder_result
                0x200007cc        0x4 CMakeFiles/myds.elf.dir/Core/Src/main.c.obj
                0x200007cc                encoder_result
 .bss.Encoder_Integral
                0x200007d0        0x4 CMakeFiles/myds.elf.dir/Core/Src/main.c.obj
                0x200007d0                Encoder_Integral
 .bss.Encoder_Angle
                0x200007d4        0x4 CMakeFiles/myds.elf.dir/Core/Src/main.c.obj
                0x200007d4                Encoder_Angle
 .bss.Encoder_Cnt
                0x200007d8        0x4 CMakeFiles/myds.elf.dir/Core/Src/main.c.obj
                0x200007d8                Encoder_Cnt
 .bss.message_encoder
                0x200007dc       0x14 CMakeFiles/myds.elf.dir/Core/Src/main.c.obj
                0x200007dc                message_encoder
 .bss.temp.1    0x200007f0        0x1 CMakeFiles/myds.elf.dir/Core/Src/oled.c.obj
 *fill*         0x200007f1        0x3 
 .bss.sendBuffer.2
                0x200007f4       0x81 CMakeFiles/myds.elf.dir/Core/Src/oled.c.obj
 *fill*         0x20000875        0x3 
 .bss.sendBuffer.3
                0x20000878        0x2 CMakeFiles/myds.elf.dir/Core/Src/oled.c.obj
 *fill*         0x2000087a        0x2 
 .bss.OLED_GRAM
                0x2000087c      0x400 CMakeFiles/myds.elf.dir/Core/Src/oled.c.obj
                0x2000087c                OLED_GRAM
 .bss.__sbrk_heap_end
                0x20000c7c        0x4 CMakeFiles/myds.elf.dir/Core/Src/sysmem.c.obj
 .bss.htim4     0x20000c80       0x48 CMakeFiles/myds.elf.dir/Core/Src/tim.c.obj
                0x20000c80                htim4
 .bss.htim3     0x20000cc8       0x48 CMakeFiles/myds.elf.dir/Core/Src/tim.c.obj
                0x20000cc8                htim3
 .bss.htim2     0x20000d10       0x48 CMakeFiles/myds.elf.dir/Core/Src/tim.c.obj
                0x20000d10                htim2
 .bss.uwTick    0x20000d58        0x4 CMakeFiles/myds.elf.dir/Drivers/STM32F1xx_HAL_Driver/Src/stm32f1xx_hal.c.obj
                0x20000d58                uwTick
 .bss.__sf      0x20000d5c      0x138 C:/PROGRA~2/Arm GNU Toolchain arm-none-eabi/14.2 rel1/bin/../lib/gcc/arm-none-eabi/14.2.1/thumb/v7-m/nofp\libg.a(libc_a-findfp.o)
                0x20000d5c                __sf
 .bss.__stdio_exit_handler
                0x20000e94        0x4 C:/PROGRA~2/Arm GNU Toolchain arm-none-eabi/14.2 rel1/bin/../lib/gcc/arm-none-eabi/14.2.1/thumb/v7-m/nofp\libg.a(libc_a-findfp.o)
                0x20000e94                __stdio_exit_handler
 .bss.errno     0x20000e98        0x4 C:/PROGRA~2/Arm GNU Toolchain arm-none-eabi/14.2 rel1/bin/../lib/gcc/arm-none-eabi/14.2.1/thumb/v7-m/nofp\libg.a(libc_a-reent.o)
                0x20000e98                errno
 .bss.__lock___malloc_recursive_mutex
                0x20000e9c        0x1 C:/PROGRA~2/Arm GNU Toolchain arm-none-eabi/14.2 rel1/bin/../lib/gcc/arm-none-eabi/14.2.1/thumb/v7-m/nofp\libg.a(libc_a-lock.o)
                0x20000e9c                __lock___malloc_recursive_mutex
 *fill*         0x20000e9d        0x3 
 .bss.__lock___atexit_recursive_mutex
                0x20000ea0        0x1 C:/PROGRA~2/Arm GNU Toolchain arm-none-eabi/14.2 rel1/bin/../lib/gcc/arm-none-eabi/14.2.1/thumb/v7-m/nofp\libg.a(libc_a-lock.o)
                0x20000ea0                __lock___atexit_recursive_mutex
 *fill*         0x20000ea1        0x3 
 .bss.__lock___sfp_recursive_mutex
                0x20000ea4        0x1 C:/PROGRA~2/Arm GNU Toolchain arm-none-eabi/14.2 rel1/bin/../lib/gcc/arm-none-eabi/14.2.1/thumb/v7-m/nofp\libg.a(libc_a-lock.o)
                0x20000ea4                __lock___sfp_recursive_mutex
 *fill*         0x20000ea5        0x3 
 .bss.__atexit  0x20000ea8        0x4 C:/PROGRA~2/Arm GNU Toolchain arm-none-eabi/14.2 rel1/bin/../lib/gcc/arm-none-eabi/14.2.1/thumb/v7-m/nofp\libg.a(libc_a-__call_atexit.o)
                0x20000ea8                __atexit
 .bss.__malloc_current_mallinfo
                0x20000eac       0x28 C:/PROGRA~2/Arm GNU Toolchain arm-none-eabi/14.2 rel1/bin/../lib/gcc/arm-none-eabi/14.2.1/thumb/v7-m/nofp\libg.a(libc_a-mallocr.o)
                0x20000eac                __malloc_current_mallinfo
 .bss.__malloc_max_total_mem
                0x20000ed4        0x4 C:/PROGRA~2/Arm GNU Toolchain arm-none-eabi/14.2 rel1/bin/../lib/gcc/arm-none-eabi/14.2.1/thumb/v7-m/nofp\libg.a(libc_a-mallocr.o)
                0x20000ed4                __malloc_max_total_mem
 .bss.__malloc_max_sbrked_mem
                0x20000ed8        0x4 C:/PROGRA~2/Arm GNU Toolchain arm-none-eabi/14.2 rel1/bin/../lib/gcc/arm-none-eabi/14.2.1/thumb/v7-m/nofp\libg.a(libc_a-mallocr.o)
                0x20000ed8                __malloc_max_sbrked_mem
 .bss.__malloc_top_pad
                0x20000edc        0x4 C:/PROGRA~2/Arm GNU Toolchain arm-none-eabi/14.2 rel1/bin/../lib/gcc/arm-none-eabi/14.2.1/thumb/v7-m/nofp\libg.a(libc_a-mallocr.o)
                0x20000edc                __malloc_top_pad
 .bss.__atexit0
                0x20000ee0      0x190 C:/PROGRA~2/Arm GNU Toolchain arm-none-eabi/14.2 rel1/bin/../lib/gcc/arm-none-eabi/14.2.1/thumb/v7-m/nofp\libg.a(libc_a-__atexit.o)
                0x20000ee0                __atexit0
 *(COMMON)
                0x20001070                        . = ALIGN (0x4)
                0x20001070                        _ebss = .
                0x20001070                        __bss_end__ = _ebss

._user_heap_stack
                0x20001070      0x600 load address 0x0800c2e4
                0x20001070                        . = ALIGN (0x8)
                [!provide]                        PROVIDE (end = .)
                0x20001070                        PROVIDE (_end = .)
                0x20001270                        . = (. + _Min_Heap_Size)
 *fill*         0x20001070      0x200 
                0x20001670                        . = (. + _Min_Stack_Size)
 *fill*         0x20001270      0x400 
                0x20001670                        . = ALIGN (0x8)

/DISCARD/
 libc.a(*)
 libm.a(*)
 libgcc.a(*)

.ARM.attributes
                0x00000000       0x29
 *(.ARM.attributes)
 .ARM.attributes
                0x00000000       0x1d C:/PROGRA~2/Arm GNU Toolchain arm-none-eabi/14.2 rel1/bin/../lib/gcc/arm-none-eabi/14.2.1/thumb/v7-m/nofp/crti.o
 .ARM.attributes
                0x0000001d       0x2d C:/PROGRA~2/Arm GNU Toolchain arm-none-eabi/14.2 rel1/bin/../lib/gcc/arm-none-eabi/14.2.1/thumb/v7-m/nofp/crtbegin.o
 .ARM.attributes
                0x0000004a       0x2d CMakeFiles/myds.elf.dir/Core/Src/UI.c.obj
 .ARM.attributes
                0x00000077       0x2d CMakeFiles/myds.elf.dir/Core/Src/adc.c.obj
 .ARM.attributes
                0x000000a4       0x2d CMakeFiles/myds.elf.dir/Core/Src/encoder.c.obj
 .ARM.attributes
                0x000000d1       0x2d CMakeFiles/myds.elf.dir/Core/Src/font.c.obj
 .ARM.attributes
                0x000000fe       0x2d CMakeFiles/myds.elf.dir/Core/Src/gpio.c.obj
 .ARM.attributes
                0x0000012b       0x2d CMakeFiles/myds.elf.dir/Core/Src/i2c.c.obj
 .ARM.attributes
                0x00000158       0x2d CMakeFiles/myds.elf.dir/Core/Src/main.c.obj
 .ARM.attributes
                0x00000185       0x2d CMakeFiles/myds.elf.dir/Core/Src/motor.c.obj
 .ARM.attributes
                0x000001b2       0x2d CMakeFiles/myds.elf.dir/Core/Src/oled.c.obj
 .ARM.attributes
                0x000001df       0x2d CMakeFiles/myds.elf.dir/Core/Src/stm32f1xx_hal_msp.c.obj
 .ARM.attributes
                0x0000020c       0x2d CMakeFiles/myds.elf.dir/Core/Src/stm32f1xx_it.c.obj
 .ARM.attributes
                0x00000239       0x2d CMakeFiles/myds.elf.dir/Core/Src/syscalls.c.obj
 .ARM.attributes
                0x00000266       0x2d CMakeFiles/myds.elf.dir/Core/Src/sysmem.c.obj
 .ARM.attributes
                0x00000293       0x2d CMakeFiles/myds.elf.dir/Core/Src/system_stm32f1xx.c.obj
 .ARM.attributes
                0x000002c0       0x2d CMakeFiles/myds.elf.dir/Core/Src/tim.c.obj
 .ARM.attributes
                0x000002ed       0x21 CMakeFiles/myds.elf.dir/Core/Startup/startup_stm32f103c8tx.s.obj
 .ARM.attributes
                0x0000030e       0x2d CMakeFiles/myds.elf.dir/Drivers/STM32F1xx_HAL_Driver/Src/stm32f1xx_hal.c.obj
 .ARM.attributes
                0x0000033b       0x2d CMakeFiles/myds.elf.dir/Drivers/STM32F1xx_HAL_Driver/Src/stm32f1xx_hal_adc.c.obj
 .ARM.attributes
                0x00000368       0x2d CMakeFiles/myds.elf.dir/Drivers/STM32F1xx_HAL_Driver/Src/stm32f1xx_hal_adc_ex.c.obj
 .ARM.attributes
                0x00000395       0x2d CMakeFiles/myds.elf.dir/Drivers/STM32F1xx_HAL_Driver/Src/stm32f1xx_hal_cortex.c.obj
 .ARM.attributes
                0x000003c2       0x2d CMakeFiles/myds.elf.dir/Drivers/STM32F1xx_HAL_Driver/Src/stm32f1xx_hal_gpio.c.obj
 .ARM.attributes
                0x000003ef       0x2d CMakeFiles/myds.elf.dir/Drivers/STM32F1xx_HAL_Driver/Src/stm32f1xx_hal_i2c.c.obj
 .ARM.attributes
                0x0000041c       0x2d CMakeFiles/myds.elf.dir/Drivers/STM32F1xx_HAL_Driver/Src/stm32f1xx_hal_rcc.c.obj
 .ARM.attributes
                0x00000449       0x2d CMakeFiles/myds.elf.dir/Drivers/STM32F1xx_HAL_Driver/Src/stm32f1xx_hal_rcc_ex.c.obj
 .ARM.attributes
                0x00000476       0x2d CMakeFiles/myds.elf.dir/Drivers/STM32F1xx_HAL_Driver/Src/stm32f1xx_hal_tim.c.obj
 .ARM.attributes
                0x000004a3       0x2d CMakeFiles/myds.elf.dir/Drivers/STM32F1xx_HAL_Driver/Src/stm32f1xx_hal_tim_ex.c.obj
 .ARM.attributes
                0x000004d0       0x1d C:/PROGRA~2/Arm GNU Toolchain arm-none-eabi/14.2 rel1/bin/../lib/gcc/arm-none-eabi/14.2.1/thumb/v7-m/nofp\libgcc.a(_arm_addsubdf3.o)
 .ARM.attributes
                0x000004ed       0x1d C:/PROGRA~2/Arm GNU Toolchain arm-none-eabi/14.2 rel1/bin/../lib/gcc/arm-none-eabi/14.2.1/thumb/v7-m/nofp\libgcc.a(_arm_muldivdf3.o)
 .ARM.attributes
                0x0000050a       0x1d C:/PROGRA~2/Arm GNU Toolchain arm-none-eabi/14.2 rel1/bin/../lib/gcc/arm-none-eabi/14.2.1/thumb/v7-m/nofp\libgcc.a(_arm_fixdfsi.o)
 .ARM.attributes
                0x00000527       0x1d C:/PROGRA~2/Arm GNU Toolchain arm-none-eabi/14.2 rel1/bin/../lib/gcc/arm-none-eabi/14.2.1/thumb/v7-m/nofp\libgcc.a(_arm_truncdfsf2.o)
 .ARM.attributes
                0x00000544       0x1d C:/PROGRA~2/Arm GNU Toolchain arm-none-eabi/14.2 rel1/bin/../lib/gcc/arm-none-eabi/14.2.1/thumb/v7-m/nofp\libgcc.a(_arm_addsubsf3.o)
 .ARM.attributes
                0x00000561       0x1d C:/PROGRA~2/Arm GNU Toolchain arm-none-eabi/14.2 rel1/bin/../lib/gcc/arm-none-eabi/14.2.1/thumb/v7-m/nofp\libgcc.a(_arm_muldivsf3.o)
 .ARM.attributes
                0x0000057e       0x1d C:/PROGRA~2/Arm GNU Toolchain arm-none-eabi/14.2 rel1/bin/../lib/gcc/arm-none-eabi/14.2.1/thumb/v7-m/nofp\libgcc.a(_arm_cmpsf2.o)
 .ARM.attributes
                0x0000059b       0x2d C:/PROGRA~2/Arm GNU Toolchain arm-none-eabi/14.2 rel1/bin/../lib/gcc/arm-none-eabi/14.2.1/thumb/v7-m/nofp\libg.a(libc_a-findfp.o)
 .ARM.attributes
                0x000005c8       0x2d C:/PROGRA~2/Arm GNU Toolchain arm-none-eabi/14.2 rel1/bin/../lib/gcc/arm-none-eabi/14.2.1/thumb/v7-m/nofp\libg.a(libc_a-fwalk.o)
 .ARM.attributes
                0x000005f5       0x2d C:/PROGRA~2/Arm GNU Toolchain arm-none-eabi/14.2 rel1/bin/../lib/gcc/arm-none-eabi/14.2.1/thumb/v7-m/nofp\libg.a(libc_a-sprintf.o)
 .ARM.attributes
                0x00000622       0x2d C:/PROGRA~2/Arm GNU Toolchain arm-none-eabi/14.2 rel1/bin/../lib/gcc/arm-none-eabi/14.2.1/thumb/v7-m/nofp\libg.a(libc_a-stdio.o)
 .ARM.attributes
                0x0000064f       0x2d C:/PROGRA~2/Arm GNU Toolchain arm-none-eabi/14.2 rel1/bin/../lib/gcc/arm-none-eabi/14.2.1/thumb/v7-m/nofp\libg.a(libc_a-memcmp.o)
 .ARM.attributes
                0x0000067c       0x2d C:/PROGRA~2/Arm GNU Toolchain arm-none-eabi/14.2 rel1/bin/../lib/gcc/arm-none-eabi/14.2.1/thumb/v7-m/nofp\libg.a(libc_a-memset.o)
 .ARM.attributes
                0x000006a9       0x2d C:/PROGRA~2/Arm GNU Toolchain arm-none-eabi/14.2 rel1/bin/../lib/gcc/arm-none-eabi/14.2.1/thumb/v7-m/nofp\libg.a(libc_a-closer.o)
 .ARM.attributes
                0x000006d6       0x2d C:/PROGRA~2/Arm GNU Toolchain arm-none-eabi/14.2 rel1/bin/../lib/gcc/arm-none-eabi/14.2.1/thumb/v7-m/nofp\libg.a(libc_a-reent.o)
 .ARM.attributes
                0x00000703       0x2d C:/PROGRA~2/Arm GNU Toolchain arm-none-eabi/14.2 rel1/bin/../lib/gcc/arm-none-eabi/14.2.1/thumb/v7-m/nofp\libg.a(libc_a-impure.o)
 .ARM.attributes
                0x00000730       0x2d C:/PROGRA~2/Arm GNU Toolchain arm-none-eabi/14.2 rel1/bin/../lib/gcc/arm-none-eabi/14.2.1/thumb/v7-m/nofp\libg.a(libc_a-lseekr.o)
 .ARM.attributes
                0x0000075d       0x2d C:/PROGRA~2/Arm GNU Toolchain arm-none-eabi/14.2 rel1/bin/../lib/gcc/arm-none-eabi/14.2.1/thumb/v7-m/nofp\libg.a(libc_a-readr.o)
 .ARM.attributes
                0x0000078a       0x2d C:/PROGRA~2/Arm GNU Toolchain arm-none-eabi/14.2 rel1/bin/../lib/gcc/arm-none-eabi/14.2.1/thumb/v7-m/nofp\libg.a(libc_a-writer.o)
 .ARM.attributes
                0x000007b7       0x2d C:/PROGRA~2/Arm GNU Toolchain arm-none-eabi/14.2 rel1/bin/../lib/gcc/arm-none-eabi/14.2.1/thumb/v7-m/nofp\libg.a(libc_a-errno.o)
 .ARM.attributes
                0x000007e4       0x2d C:/PROGRA~2/Arm GNU Toolchain arm-none-eabi/14.2 rel1/bin/../lib/gcc/arm-none-eabi/14.2.1/thumb/v7-m/nofp\libg.a(libc_a-init.o)
 .ARM.attributes
                0x00000811       0x2d C:/PROGRA~2/Arm GNU Toolchain arm-none-eabi/14.2 rel1/bin/../lib/gcc/arm-none-eabi/14.2.1/thumb/v7-m/nofp\libg.a(libc_a-lock.o)
 .ARM.attributes
                0x0000083e       0x1b C:/PROGRA~2/Arm GNU Toolchain arm-none-eabi/14.2 rel1/bin/../lib/gcc/arm-none-eabi/14.2.1/thumb/v7-m/nofp\libg.a(libc_a-memcpy.o)
 .ARM.attributes
                0x00000859       0x2d C:/PROGRA~2/Arm GNU Toolchain arm-none-eabi/14.2 rel1/bin/../lib/gcc/arm-none-eabi/14.2.1/thumb/v7-m/nofp\libg.a(libc_a-__call_atexit.o)
 .ARM.attributes
                0x00000886       0x2d C:/PROGRA~2/Arm GNU Toolchain arm-none-eabi/14.2 rel1/bin/../lib/gcc/arm-none-eabi/14.2.1/thumb/v7-m/nofp\libg.a(libc_a-atexit.o)
 .ARM.attributes
                0x000008b3       0x2d C:/PROGRA~2/Arm GNU Toolchain arm-none-eabi/14.2 rel1/bin/../lib/gcc/arm-none-eabi/14.2.1/thumb/v7-m/nofp\libg.a(libc_a-freer.o)
 .ARM.attributes
                0x000008e0       0x2d C:/PROGRA~2/Arm GNU Toolchain arm-none-eabi/14.2 rel1/bin/../lib/gcc/arm-none-eabi/14.2.1/thumb/v7-m/nofp\libg.a(libc_a-mallocr.o)
 .ARM.attributes
                0x0000090d       0x2d C:/PROGRA~2/Arm GNU Toolchain arm-none-eabi/14.2 rel1/bin/../lib/gcc/arm-none-eabi/14.2.1/thumb/v7-m/nofp\libg.a(libc_a-mlock.o)
 .ARM.attributes
                0x0000093a       0x2d C:/PROGRA~2/Arm GNU Toolchain arm-none-eabi/14.2 rel1/bin/../lib/gcc/arm-none-eabi/14.2.1/thumb/v7-m/nofp\libg.a(libc_a-svfprintf.o)
 .ARM.attributes
                0x00000967       0x2d C:/PROGRA~2/Arm GNU Toolchain arm-none-eabi/14.2 rel1/bin/../lib/gcc/arm-none-eabi/14.2.1/thumb/v7-m/nofp\libg.a(libc_a-ssprint_r.o)
 .ARM.attributes
                0x00000994       0x2d C:/PROGRA~2/Arm GNU Toolchain arm-none-eabi/14.2 rel1/bin/../lib/gcc/arm-none-eabi/14.2.1/thumb/v7-m/nofp\libg.a(libc_a-fclose.o)
 .ARM.attributes
                0x000009c1       0x2d C:/PROGRA~2/Arm GNU Toolchain arm-none-eabi/14.2 rel1/bin/../lib/gcc/arm-none-eabi/14.2.1/thumb/v7-m/nofp\libg.a(libc_a-fflush.o)
 .ARM.attributes
                0x000009ee       0x2d C:/PROGRA~2/Arm GNU Toolchain arm-none-eabi/14.2 rel1/bin/../lib/gcc/arm-none-eabi/14.2.1/thumb/v7-m/nofp\libg.a(libc_a-strncpy.o)
 .ARM.attributes
                0x00000a1b       0x2d C:/PROGRA~2/Arm GNU Toolchain arm-none-eabi/14.2 rel1/bin/../lib/gcc/arm-none-eabi/14.2.1/thumb/v7-m/nofp\libg.a(libc_a-locale.o)
 .ARM.attributes
                0x00000a48       0x2d C:/PROGRA~2/Arm GNU Toolchain arm-none-eabi/14.2 rel1/bin/../lib/gcc/arm-none-eabi/14.2.1/thumb/v7-m/nofp\libg.a(libc_a-localeconv.o)
 .ARM.attributes
                0x00000a75       0x2d C:/PROGRA~2/Arm GNU Toolchain arm-none-eabi/14.2 rel1/bin/../lib/gcc/arm-none-eabi/14.2.1/thumb/v7-m/nofp\libg.a(libc_a-sbrkr.o)
 .ARM.attributes
                0x00000aa2       0x2d C:/PROGRA~2/Arm GNU Toolchain arm-none-eabi/14.2 rel1/bin/../lib/gcc/arm-none-eabi/14.2.1/thumb/v7-m/nofp\libg.a(libc_a-fini.o)
 .ARM.attributes
                0x00000acf       0x2d C:/PROGRA~2/Arm GNU Toolchain arm-none-eabi/14.2 rel1/bin/../lib/gcc/arm-none-eabi/14.2.1/thumb/v7-m/nofp\libg.a(libc_a-sysconf.o)
 .ARM.attributes
                0x00000afc       0x2d C:/PROGRA~2/Arm GNU Toolchain arm-none-eabi/14.2 rel1/bin/../lib/gcc/arm-none-eabi/14.2.1/thumb/v7-m/nofp\libg.a(libc_a-memchr-stub.o)
 .ARM.attributes
                0x00000b29       0x2d C:/PROGRA~2/Arm GNU Toolchain arm-none-eabi/14.2 rel1/bin/../lib/gcc/arm-none-eabi/14.2.1/thumb/v7-m/nofp\libg.a(libc_a-strlen-stub.o)
 .ARM.attributes
                0x00000b56       0x2d C:/PROGRA~2/Arm GNU Toolchain arm-none-eabi/14.2 rel1/bin/../lib/gcc/arm-none-eabi/14.2.1/thumb/v7-m/nofp\libg.a(libm_a-s_frexp.o)
 .ARM.attributes
                0x00000b83       0x2d C:/PROGRA~2/Arm GNU Toolchain arm-none-eabi/14.2 rel1/bin/../lib/gcc/arm-none-eabi/14.2.1/thumb/v7-m/nofp\libg.a(libc_a-__atexit.o)
 .ARM.attributes
                0x00000bb0       0x2d C:/PROGRA~2/Arm GNU Toolchain arm-none-eabi/14.2 rel1/bin/../lib/gcc/arm-none-eabi/14.2.1/thumb/v7-m/nofp\libg.a(libc_a-dtoa.o)
 .ARM.attributes
                0x00000bdd       0x2d C:/PROGRA~2/Arm GNU Toolchain arm-none-eabi/14.2 rel1/bin/../lib/gcc/arm-none-eabi/14.2.1/thumb/v7-m/nofp\libg.a(libc_a-mbtowc_r.o)
 .ARM.attributes
                0x00000c0a       0x2d C:/PROGRA~2/Arm GNU Toolchain arm-none-eabi/14.2 rel1/bin/../lib/gcc/arm-none-eabi/14.2.1/thumb/v7-m/nofp\libg.a(libc_a-mprec.o)
 .ARM.attributes
                0x00000c37       0x2d C:/PROGRA~2/Arm GNU Toolchain arm-none-eabi/14.2 rel1/bin/../lib/gcc/arm-none-eabi/14.2.1/thumb/v7-m/nofp\libg.a(libc_a-wctomb_r.o)
 .ARM.attributes
                0x00000c64       0x2d C:/PROGRA~2/Arm GNU Toolchain arm-none-eabi/14.2 rel1/bin/../lib/gcc/arm-none-eabi/14.2.1/thumb/v7-m/nofp\libg.a(libc_a-wcrtomb.o)
 .ARM.attributes
                0x00000c91       0x2d C:/PROGRA~2/Arm GNU Toolchain arm-none-eabi/14.2 rel1/bin/../lib/gcc/arm-none-eabi/14.2.1/thumb/v7-m/nofp\libg.a(libc_a-wcsrtombs.o)
 .ARM.attributes
                0x00000cbe       0x2d C:/PROGRA~2/Arm GNU Toolchain arm-none-eabi/14.2 rel1/bin/../lib/gcc/arm-none-eabi/14.2.1/thumb/v7-m/nofp\libg.a(libc_a-ctype_.o)
 .ARM.attributes
                0x00000ceb       0x2d C:/PROGRA~2/Arm GNU Toolchain arm-none-eabi/14.2 rel1/bin/../lib/gcc/arm-none-eabi/14.2.1/thumb/v7-m/nofp\libg.a(libc_a-ssputs_r.o)
 .ARM.attributes
                0x00000d18       0x2d C:/PROGRA~2/Arm GNU Toolchain arm-none-eabi/14.2 rel1/bin/../lib/gcc/arm-none-eabi/14.2.1/thumb/v7-m/nofp\libg.a(libc_a-memmove.o)
 .ARM.attributes
                0x00000d45       0x2d C:/PROGRA~2/Arm GNU Toolchain arm-none-eabi/14.2 rel1/bin/../lib/gcc/arm-none-eabi/14.2.1/thumb/v7-m/nofp\libg.a(libc_a-assert.o)
 .ARM.attributes
                0x00000d72       0x2d C:/PROGRA~2/Arm GNU Toolchain arm-none-eabi/14.2 rel1/bin/../lib/gcc/arm-none-eabi/14.2.1/thumb/v7-m/nofp\libg.a(libc_a-callocr.o)
 .ARM.attributes
                0x00000d9f       0x2d C:/PROGRA~2/Arm GNU Toolchain arm-none-eabi/14.2 rel1/bin/../lib/gcc/arm-none-eabi/14.2.1/thumb/v7-m/nofp\libg.a(libc_a-reallocr.o)
 .ARM.attributes
                0x00000dcc       0x2d C:/PROGRA~2/Arm GNU Toolchain arm-none-eabi/14.2 rel1/bin/../lib/gcc/arm-none-eabi/14.2.1/thumb/v7-m/nofp\libg.a(libc_a-wcsnrtombs.o)
 .ARM.attributes
                0x00000df9       0x2d C:/PROGRA~2/Arm GNU Toolchain arm-none-eabi/14.2 rel1/bin/../lib/gcc/arm-none-eabi/14.2.1/thumb/v7-m/nofp\libg.a(libc_a-fiprintf.o)
 .ARM.attributes
                0x00000e26       0x2d C:/PROGRA~2/Arm GNU Toolchain arm-none-eabi/14.2 rel1/bin/../lib/gcc/arm-none-eabi/14.2.1/thumb/v7-m/nofp\libg.a(libc_a-vfiprintf.o)
 .ARM.attributes
                0x00000e53       0x2d C:/PROGRA~2/Arm GNU Toolchain arm-none-eabi/14.2 rel1/bin/../lib/gcc/arm-none-eabi/14.2.1/thumb/v7-m/nofp\libg.a(libc_a-sprint_r.o)
 .ARM.attributes
                0x00000e80       0x2d C:/PROGRA~2/Arm GNU Toolchain arm-none-eabi/14.2 rel1/bin/../lib/gcc/arm-none-eabi/14.2.1/thumb/v7-m/nofp\libg.a(libc_a-fvwrite.o)
 .ARM.attributes
                0x00000ead       0x2d C:/PROGRA~2/Arm GNU Toolchain arm-none-eabi/14.2 rel1/bin/../lib/gcc/arm-none-eabi/14.2.1/thumb/v7-m/nofp\libg.a(libc_a-wsetup.o)
 .ARM.attributes
                0x00000eda       0x2d C:/PROGRA~2/Arm GNU Toolchain arm-none-eabi/14.2 rel1/bin/../lib/gcc/arm-none-eabi/14.2.1/thumb/v7-m/nofp\libg.a(libc_a-abort.o)
 .ARM.attributes
                0x00000f07       0x2d C:/PROGRA~2/Arm GNU Toolchain arm-none-eabi/14.2 rel1/bin/../lib/gcc/arm-none-eabi/14.2.1/thumb/v7-m/nofp\libg.a(libc_a-makebuf.o)
 .ARM.attributes
                0x00000f34       0x2d C:/PROGRA~2/Arm GNU Toolchain arm-none-eabi/14.2 rel1/bin/../lib/gcc/arm-none-eabi/14.2.1/thumb/v7-m/nofp\libg.a(libc_a-signal.o)
 .ARM.attributes
                0x00000f61       0x2d C:/PROGRA~2/Arm GNU Toolchain arm-none-eabi/14.2 rel1/bin/../lib/gcc/arm-none-eabi/14.2.1/thumb/v7-m/nofp\libg.a(libc_a-fstatr.o)
 .ARM.attributes
                0x00000f8e       0x2d C:/PROGRA~2/Arm GNU Toolchain arm-none-eabi/14.2 rel1/bin/../lib/gcc/arm-none-eabi/14.2.1/thumb/v7-m/nofp\libg.a(libc_a-isattyr.o)
 .ARM.attributes
                0x00000fbb       0x2d C:/PROGRA~2/Arm GNU Toolchain arm-none-eabi/14.2 rel1/bin/../lib/gcc/arm-none-eabi/14.2.1/thumb/v7-m/nofp\libg.a(libc_a-signalr.o)
 .ARM.attributes
                0x00000fe8       0x1d C:/PROGRA~2/Arm GNU Toolchain arm-none-eabi/14.2 rel1/bin/../lib/gcc/arm-none-eabi/14.2.1/thumb/v7-m/nofp\libgcc.a(_arm_cmpdf2.o)
 .ARM.attributes
                0x00001005       0x1d C:/PROGRA~2/Arm GNU Toolchain arm-none-eabi/14.2 rel1/bin/../lib/gcc/arm-none-eabi/14.2.1/thumb/v7-m/nofp\libgcc.a(_arm_unorddf2.o)
 .ARM.attributes
                0x00001022       0x2d C:/PROGRA~2/Arm GNU Toolchain arm-none-eabi/14.2 rel1/bin/../lib/gcc/arm-none-eabi/14.2.1/thumb/v7-m/nofp/crtend.o
 .ARM.attributes
                0x0000104f       0x1d C:/PROGRA~2/Arm GNU Toolchain arm-none-eabi/14.2 rel1/bin/../lib/gcc/arm-none-eabi/14.2.1/thumb/v7-m/nofp/crtn.o
OUTPUT(myds.elf elf32-littlearm)
LOAD linker stubs
LOAD C:/PROGRA~2/Arm GNU Toolchain arm-none-eabi/14.2 rel1/bin/../lib/gcc/arm-none-eabi/14.2.1/thumb/v7-m/nofp\libc.a
LOAD C:/PROGRA~2/Arm GNU Toolchain arm-none-eabi/14.2 rel1/bin/../lib/gcc/arm-none-eabi/14.2.1/thumb/v7-m/nofp\libm.a
LOAD C:/PROGRA~2/Arm GNU Toolchain arm-none-eabi/14.2 rel1/bin/../lib/gcc/arm-none-eabi/14.2.1/thumb/v7-m/nofp\libgcc.a

.debug_info     0x00000000    0x15670
 .debug_info    0x00000000      0x324 CMakeFiles/myds.elf.dir/Core/Src/UI.c.obj
 .debug_info    0x00000324      0x83a CMakeFiles/myds.elf.dir/Core/Src/adc.c.obj
 .debug_info    0x00000b5e      0x618 CMakeFiles/myds.elf.dir/Core/Src/encoder.c.obj
 .debug_info    0x00001176      0x301 CMakeFiles/myds.elf.dir/Core/Src/font.c.obj
 .debug_info    0x00001477      0x56a CMakeFiles/myds.elf.dir/Core/Src/gpio.c.obj
 .debug_info    0x000019e1      0x8f5 CMakeFiles/myds.elf.dir/Core/Src/i2c.c.obj
 .debug_info    0x000022d6     0x12db CMakeFiles/myds.elf.dir/Core/Src/main.c.obj
 .debug_info    0x000035b1      0x7b0 CMakeFiles/myds.elf.dir/Core/Src/motor.c.obj
 .debug_info    0x00003d61     0x2107 CMakeFiles/myds.elf.dir/Core/Src/oled.c.obj
 .debug_info    0x00005e68      0x1f4 CMakeFiles/myds.elf.dir/Core/Src/stm32f1xx_hal_msp.c.obj
 .debug_info    0x0000605c      0x78e CMakeFiles/myds.elf.dir/Core/Src/stm32f1xx_it.c.obj
 .debug_info    0x000067ea      0x789 CMakeFiles/myds.elf.dir/Core/Src/syscalls.c.obj
 .debug_info    0x00006f73      0x171 CMakeFiles/myds.elf.dir/Core/Src/sysmem.c.obj
 .debug_info    0x000070e4      0x22d CMakeFiles/myds.elf.dir/Core/Src/system_stm32f1xx.c.obj
 .debug_info    0x00007311      0xffe CMakeFiles/myds.elf.dir/Core/Src/tim.c.obj
 .debug_info    0x0000830f       0x30 CMakeFiles/myds.elf.dir/Core/Startup/startup_stm32f103c8tx.s.obj
 .debug_info    0x0000833f      0x7a2 CMakeFiles/myds.elf.dir/Drivers/STM32F1xx_HAL_Driver/Src/stm32f1xx_hal.c.obj
 .debug_info    0x00008ae1      0xed9 CMakeFiles/myds.elf.dir/Drivers/STM32F1xx_HAL_Driver/Src/stm32f1xx_hal_adc.c.obj
 .debug_info    0x000099ba      0xc3a CMakeFiles/myds.elf.dir/Drivers/STM32F1xx_HAL_Driver/Src/stm32f1xx_hal_adc_ex.c.obj
 .debug_info    0x0000a5f4      0xcd9 CMakeFiles/myds.elf.dir/Drivers/STM32F1xx_HAL_Driver/Src/stm32f1xx_hal_cortex.c.obj
 .debug_info    0x0000b2cd      0x604 CMakeFiles/myds.elf.dir/Drivers/STM32F1xx_HAL_Driver/Src/stm32f1xx_hal_gpio.c.obj
 .debug_info    0x0000b8d1     0x390b CMakeFiles/myds.elf.dir/Drivers/STM32F1xx_HAL_Driver/Src/stm32f1xx_hal_i2c.c.obj
 .debug_info    0x0000f1dc      0x9c7 CMakeFiles/myds.elf.dir/Drivers/STM32F1xx_HAL_Driver/Src/stm32f1xx_hal_rcc.c.obj