Archive member included to satisfy reference by file (symbol)

C:/PROGRA~2/Arm GNU Toolchain arm-none-eabi/14.2 rel1/bin/../lib/gcc/arm-none-eabi/14.2.1/thumb/v7-m/nofp\libgcc.a(_arm_muldf3.o)
                              CMakeFiles/myds.elf.dir/Core/Src/oled.c.obj (__aeabi_dmul)
C:/PROGRA~2/Arm GNU Toolchain arm-none-eabi/14.2 rel1/bin/../lib/gcc/arm-none-eabi/14.2.1/thumb/v7-m/nofp\libgcc.a(_arm_mulsf3.o)
                              CMakeFiles/myds.elf.dir/Core/Src/PID.c.obj (__aeabi_fmul)
C:/PROGRA~2/Arm GNU Toolchain arm-none-eabi/14.2 rel1/bin/../lib/gcc/arm-none-eabi/14.2.1/thumb/v7-m/nofp\libgcc.a(_arm_addsubdf3.o)
                              CMakeFiles/myds.elf.dir/Core/Src/oled.c.obj (__aeabi_dsub)
C:/PROGRA~2/Arm GNU Toolchain arm-none-eabi/14.2 rel1/bin/../lib/gcc/arm-none-eabi/14.2.1/thumb/v7-m/nofp\libgcc.a(_arm_muldivdf3.o)
                              CMakeFiles/myds.elf.dir/Core/Src/main.c.obj (__aeabi_ddiv)
C:/PROGRA~2/Arm GNU Toolchain arm-none-eabi/14.2 rel1/bin/../lib/gcc/arm-none-eabi/14.2.1/thumb/v7-m/nofp\libgcc.a(_arm_fixdfsi.o)
                              CMakeFiles/myds.elf.dir/Core/Src/main.c.obj (__aeabi_d2iz)
C:/PROGRA~2/Arm GNU Toolchain arm-none-eabi/14.2 rel1/bin/../lib/gcc/arm-none-eabi/14.2.1/thumb/v7-m/nofp\libgcc.a(_arm_truncdfsf2.o)
                              CMakeFiles/myds.elf.dir/Core/Src/main.c.obj (__aeabi_d2f)
C:/PROGRA~2/Arm GNU Toolchain arm-none-eabi/14.2 rel1/bin/../lib/gcc/arm-none-eabi/14.2.1/thumb/v7-m/nofp\libgcc.a(_arm_addsubsf3.o)
                              CMakeFiles/myds.elf.dir/Core/Src/PID.c.obj (__aeabi_fsub)
C:/PROGRA~2/Arm GNU Toolchain arm-none-eabi/14.2 rel1/bin/../lib/gcc/arm-none-eabi/14.2.1/thumb/v7-m/nofp\libgcc.a(_arm_muldivsf3.o)
                              CMakeFiles/myds.elf.dir/Core/Src/main.c.obj (__aeabi_fdiv)
C:/PROGRA~2/Arm GNU Toolchain arm-none-eabi/14.2 rel1/bin/../lib/gcc/arm-none-eabi/14.2.1/thumb/v7-m/nofp\libgcc.a(_arm_cmpsf2.o)
                              CMakeFiles/myds.elf.dir/Core/Src/PID.c.obj (__aeabi_fcmplt)
C:/PROGRA~2/Arm GNU Toolchain arm-none-eabi/14.2 rel1/bin/../lib/gcc/arm-none-eabi/14.2.1/thumb/v7-m/nofp\libgcc.a(_arm_fixsfsi.o)
                              CMakeFiles/myds.elf.dir/Core/Src/main.c.obj (__aeabi_f2iz)
C:/PROGRA~2/Arm GNU Toolchain arm-none-eabi/14.2 rel1/bin/../lib/gcc/arm-none-eabi/14.2.1/thumb/v7-m/nofp\libg.a(libc_a-exit.o)
                              C:/PROGRA~2/Arm GNU Toolchain arm-none-eabi/14.2 rel1/bin/../lib/gcc/arm-none-eabi/14.2.1/thumb/v7-m/nofp/crt0.o (exit)
C:/PROGRA~2/Arm GNU Toolchain arm-none-eabi/14.2 rel1/bin/../lib/gcc/arm-none-eabi/14.2.1/thumb/v7-m/nofp\libg.a(libc_a-findfp.o)
                              C:/PROGRA~2/Arm GNU Toolchain arm-none-eabi/14.2 rel1/bin/../lib/gcc/arm-none-eabi/14.2.1/thumb/v7-m/nofp\libg.a(libc_a-exit.o) (__stdio_exit_handler)
C:/PROGRA~2/Arm GNU Toolchain arm-none-eabi/14.2 rel1/bin/../lib/gcc/arm-none-eabi/14.2.1/thumb/v7-m/nofp\libg.a(libc_a-fwalk.o)
                              C:/PROGRA~2/Arm GNU Toolchain arm-none-eabi/14.2 rel1/bin/../lib/gcc/arm-none-eabi/14.2.1/thumb/v7-m/nofp\libg.a(libc_a-findfp.o) (_fwalk_sglue)
C:/PROGRA~2/Arm GNU Toolchain arm-none-eabi/14.2 rel1/bin/../lib/gcc/arm-none-eabi/14.2.1/thumb/v7-m/nofp\libg.a(libc_a-sprintf.o)
                              CMakeFiles/myds.elf.dir/Core/Src/UI.c.obj (sprintf)
C:/PROGRA~2/Arm GNU Toolchain arm-none-eabi/14.2 rel1/bin/../lib/gcc/arm-none-eabi/14.2.1/thumb/v7-m/nofp\libg.a(libc_a-stdio.o)
                              C:/PROGRA~2/Arm GNU Toolchain arm-none-eabi/14.2 rel1/bin/../lib/gcc/arm-none-eabi/14.2.1/thumb/v7-m/nofp\libg.a(libc_a-findfp.o) (__sread)
C:/PROGRA~2/Arm GNU Toolchain arm-none-eabi/14.2 rel1/bin/../lib/gcc/arm-none-eabi/14.2.1/thumb/v7-m/nofp\libg.a(libc_a-memcmp.o)
                              CMakeFiles/myds.elf.dir/Core/Src/oled.c.obj (memcmp)
C:/PROGRA~2/Arm GNU Toolchain arm-none-eabi/14.2 rel1/bin/../lib/gcc/arm-none-eabi/14.2.1/thumb/v7-m/nofp\libg.a(libc_a-memset.o)
                              C:/PROGRA~2/Arm GNU Toolchain arm-none-eabi/14.2 rel1/bin/../lib/gcc/arm-none-eabi/14.2.1/thumb/v7-m/nofp/crt0.o (memset)
C:/PROGRA~2/Arm GNU Toolchain arm-none-eabi/14.2 rel1/bin/../lib/gcc/arm-none-eabi/14.2.1/thumb/v7-m/nofp\libg.a(libc_a-closer.o)
                              C:/PROGRA~2/Arm GNU Toolchain arm-none-eabi/14.2 rel1/bin/../lib/gcc/arm-none-eabi/14.2.1/thumb/v7-m/nofp\libg.a(libc_a-stdio.o) (_close_r)
C:/PROGRA~2/Arm GNU Toolchain arm-none-eabi/14.2 rel1/bin/../lib/gcc/arm-none-eabi/14.2.1/thumb/v7-m/nofp\libg.a(libc_a-reent.o)
                              C:/PROGRA~2/Arm GNU Toolchain arm-none-eabi/14.2 rel1/bin/../lib/gcc/arm-none-eabi/14.2.1/thumb/v7-m/nofp\libg.a(libc_a-closer.o) (errno)
C:/PROGRA~2/Arm GNU Toolchain arm-none-eabi/14.2 rel1/bin/../lib/gcc/arm-none-eabi/14.2.1/thumb/v7-m/nofp\libg.a(libc_a-impure.o)
[...]
Memory Configuration

Name             Origin             Length             Attributes
RAM              0x20000000         0x00005000         xrw
FLASH            0x08000000         0x00010000         xr
*default*        0x00000000         0xffffffff

Linker script and memory map

LOAD C:/PROGRA~2/Arm GNU Toolchain arm-none-eabi/14.2 rel1/bin/../lib/gcc/arm-none-eabi/14.2.1/thumb/v7-m/nofp/crti.o
LOAD C:/PROGRA~2/Arm GNU Toolchain arm-none-eabi/14.2 rel1/bin/../lib/gcc/arm-none-eabi/14.2.1/thumb/v7-m/nofp/crtbegin.o
LOAD C:/PROGRA~2/Arm GNU Toolchain arm-none-eabi/14.2 rel1/bin/../lib/gcc/arm-none-eabi/14.2.1/thumb/v7-m/nofp/crt0.o
LOAD CMakeFiles/myds.elf.dir/Core/Src/Key.c.obj
LOAD CMakeFiles/myds.elf.dir/Core/Src/PID.c.obj
LOAD CMakeFiles/myds.elf.dir/Core/Src/Task.c.obj
LOAD CMakeFiles/myds.elf.dir/Core/Src/UI.c.obj
LOAD CMakeFiles/myds.elf.dir/Core/Src/adc.c.obj
LOAD CMakeFiles/myds.elf.dir/Core/Src/encoder.c.obj
LOAD CMakeFiles/myds.elf.dir/Core/Src/font.c.obj
LOAD CMakeFiles/myds.elf.dir/Core/Src/gpio.c.obj
LOAD CMakeFiles/myds.elf.dir/Core/Src/i2c.c.obj
LOAD CMakeFiles/myds.elf.dir/Core/Src/main.c.obj
LOAD CMakeFiles/myds.elf.dir/Core/Src/motor.c.obj
LOAD CMakeFiles/myds.elf.dir/Core/Src/oled.c.obj
LOAD CMakeFiles/myds.elf.dir/Core/Src/stm32f1xx_hal_msp.c.obj
LOAD CMakeFiles/myds.elf.dir/Core/Src/stm32f1xx_it.c.obj
LOAD CMakeFiles/myds.elf.dir/Core/Src/syscalls.c.obj
LOAD CMakeFiles/myds.elf.dir/Core/Src/sysmem.c.obj
LOAD CMakeFiles/myds.elf.dir/Core/Src/system_stm32f1xx.c.obj
LOAD CMakeFiles/myds.elf.dir/Core/Src/tim.c.obj
LOAD CMakeFiles/myds.elf.dir/Core/Startup/startup_stm32f103c8tx.s.obj
LOAD CMakeFiles/myds.elf.dir/Drivers/STM32F1xx_HAL_Driver/Src/stm32f1xx_hal.c.obj
LOAD CMakeFiles/myds.elf.dir/Drivers/STM32F1xx_HAL_Driver/Src/stm32f1xx_hal_adc.c.obj
LOAD CMakeFiles/myds.elf.dir/Drivers/STM32F1xx_HAL_Driver/Src/stm32f1xx_hal_adc_ex.c.obj
LOAD CMakeFiles/myds.elf.dir/Drivers/STM32F1xx_HAL_Driver/Src/stm32f1xx_hal_cortex.c.obj
LOAD CMakeFiles/myds.elf.dir/Drivers/STM32F1xx_HAL_Driver/Src/stm32f1xx_hal_dma.c.obj
LOAD CMakeFiles/myds.elf.dir/Drivers/STM32F1xx_HAL_Driver/Src/stm32f1xx_hal_exti.c.obj
LOAD CMakeFiles/myds.elf.dir/Drivers/STM32F1xx_HAL_Driver/Src/stm32f1xx_hal_flash.c.obj
LOAD CMakeFiles/myds.elf.dir/Drivers/STM32F1xx_HAL_Driver/Src/stm32f1xx_hal_flash_ex.c.obj
LOAD CMakeFiles/myds.elf.dir/Drivers/STM32F1xx_HAL_Driver/Src/stm32f1xx_hal_gpio.c.obj
LOAD CMakeFiles/myds.elf.dir/Drivers/STM32F1xx_HAL_Driver/Src/stm32f1xx_hal_gpio_ex.c.obj
LOAD CMakeFiles/myds.elf.dir/Drivers/STM32F1xx_HAL_Driver/Src/stm32f1xx_hal_i2c.c.obj
LOAD CMakeFiles/myds.elf.dir/Drivers/STM32F1xx_HAL_Driver/Src/stm32f1xx_hal_pwr.c.obj
LOAD CMakeFiles/myds.elf.dir/Drivers/STM32F1xx_HAL_Driver/Src/stm32f1xx_hal_rcc.c.obj
LOAD CMakeFiles/myds.elf.dir/Drivers/STM32F1xx_HAL_Driver/Src/stm32f1xx_hal_rcc_ex.c.obj
LOAD CMakeFiles/myds.elf.dir/Drivers/STM32F1xx_HAL_Driver/Src/stm32f1xx_hal_tim.c.obj
LOAD CMakeFiles/myds.elf.dir/Drivers/STM32F1xx_HAL_Driver/Src/stm32f1xx_hal_tim_ex.c.obj
START GROUP
LOAD C:/PROGRA~2/Arm GNU Toolchain arm-none-eabi/14.2 rel1/bin/../lib/gcc/arm-none-eabi/14.2.1/thumb/v7-m/nofp\libgcc.a
LOAD C:/PROGRA~2/Arm GNU Toolchain arm-none-eabi/14.2 rel1/bin/../lib/gcc/arm-none-eabi/14.2.1/thumb/v7-m/nofp\libg.a
LOAD C:/PROGRA~2/Arm GNU Toolchain arm-none-eabi/14.2 rel1/bin/../lib/gcc/arm-none-eabi/14.2.1/thumb/v7-m/nofp\libc.a
END GROUP
LOAD C:/PROGRA~2/Arm GNU Toolchain arm-none-eabi/14.2 rel1/bin/../lib/gcc/arm-none-eabi/14.2.1/thumb/v7-m/nofp/crtend.o
LOAD C:/PROGRA~2/Arm GNU Toolchain arm-none-eabi/14.2 rel1/bin/../lib/gcc/arm-none-eabi/14.2.1/thumb/v7-m/nofp/crtn.o
                0x20005000                        _estack = (ORIGIN (RAM) + LENGTH (RAM))
                0x00000200                        _Min_Heap_Size = 0x200
                0x00000400                        _Min_Stack_Size = 0x400

.isr_vector     0x08000000      0x10c
                0x08000000                        . = ALIGN (0x4)
 *(.isr_vector)
 .isr_vector    0x08000000      0x10c CMakeFiles/myds.elf.dir/Core/Startup/startup_stm32f103c8tx.s.obj
                0x08000000                g_pfnVectors
                0x0800010c                        . = ALIGN (0x4)

.text           0x08000110     0xb00c
                0x08000110                        . = ALIGN (0x4)
 *(.text)
 .text          0x08000110      0x378 C:/PROGRA~2/Arm GNU Toolchain arm-none-eabi/14.2 rel1/bin/../lib/gcc/arm-none-eabi/14.2.1/thumb/v7-m/nofp\libgcc.a(_arm_addsubdf3.o)
                0x08000110                __aeabi_drsub
                0x08000118                __aeabi_dsub
                0x08000118                __subdf3
                0x0800011c                __aeabi_dadd
                0x0800011c                __adddf3
                0x08000394                __floatunsidf
                0x08000394                __aeabi_ui2d
                0x080003b4                __floatsidf
                0x080003b4                __aeabi_i2d
                0x080003d8                __aeabi_f2d
                0x080003d8                __extendsfdf2
                0x0800041c                __floatundidf
                0x0800041c                __aeabi_ul2d
                0x0800042c                __floatdidf
                0x0800042c                __aeabi_l2d
 .text          0x08000488      0x424 C:/PROGRA~2/Arm GNU Toolchain arm-none-eabi/14.2 rel1/bin/../lib/gcc/arm-none-eabi/14.2.1/thumb/v7-m/nofp\libgcc.a(_arm_muldivdf3.o)
                0x08000488                __aeabi_dmul
                0x08000488                __muldf3
                0x080006dc                __divdf3
                0x080006dc                __aeabi_ddiv
 .text          0x080008ac       0x50 C:/PROGRA~2/Arm GNU Toolchain arm-none-eabi/14.2 rel1/bin/../lib/gcc/arm-none-eabi/14.2.1/thumb/v7-m/nofp\libgcc.a(_arm_fixdfsi.o)
                0x080008ac                __aeabi_d2iz
                0x080008ac                __fixdfsi
 .text          0x080008fc       0xa0 C:/PROGRA~2/Arm GNU Toolchain arm-none-eabi/14.2 rel1/bin/../lib/gcc/arm-none-eabi/14.2.1/thumb/v7-m/nofp\libgcc.a(_arm_truncdfsf2.o)
                0x080008fc                __truncdfsf2
                0x080008fc                __aeabi_d2f
 .text          0x0800099c      0x21c C:/PROGRA~2/Arm GNU Toolchain arm-none-eabi/14.2 rel1/bin/../lib/gcc/arm-none-eabi/14.2.1/thumb/v7-m/nofp\libgcc.a(_arm_addsubsf3.o)
                0x0800099c                __aeabi_frsub
                0x080009a4                __subsf3
                0x080009a4                __aeabi_fsub
                0x080009a8                __aeabi_fadd
                0x080009a8                __addsf3
                0x08000b08                __aeabi_ui2f
                0x08000b08                __floatunsisf
                0x08000b10                __aeabi_i2f
                0x08000b10                __floatsisf
                0x08000b2c                __aeabi_ul2f
                0x08000b2c                __floatundisf
                0x08000b3c                __aeabi_l2f
                0x08000b3c                __floatdisf
 .text          0x08000bb8      0x2a0 C:/PROGRA~2/Arm GNU Toolchain arm-none-eabi/14.2 rel1/bin/../lib/gcc/arm-none-eabi/14.2.1/thumb/v7-m/nofp\libgcc.a(_arm_muldivsf3.o)
                0x08000bb8                __mulsf3
                0x08000bb8                __aeabi_fmul
                0x08000d20                __aeabi_fdiv
                0x08000d20                __divsf3
 .text          0x08000e58       0xec C:/PROGRA~2/Arm GNU Toolchain arm-none-eabi/14.2 rel1/bin/../lib/gcc/arm-none-eabi/14.2.1/thumb/v7-m/nofp\libgcc.a(_arm_cmpsf2.o)
                0x08000e58                __gesf2
                0x08000e58                __gtsf2
                0x08000e60                __lesf2
                0x08000e60                __ltsf2
                0x08000e68                __nesf2
                0x08000e68                __eqsf2
                0x08000e68                __cmpsf2
                0x08000ec8                __aeabi_cfrcmple
                0x08000ed0                __aeabi_cfcmpeq
                0x08000ed0                __aeabi_cfcmple
                0x08000ee0                __aeabi_fcmpeq
                0x08000ef4                __aeabi_fcmplt
                0x08000f08                __aeabi_fcmple
                0x08000f1c                __aeabi_fcmpge
                0x08000f30                __aeabi_fcmpgt
 .text          0x08000f44       0x4c C:/PROGRA~2/Arm GNU Toolchain arm-none-eabi/14.2 rel1/bin/../lib/gcc/arm-none-eabi/14.2.1/thumb/v7-m/nofp\libgcc.a(_arm_fixsfsi.o)
                0x08000f44                __aeabi_f2iz
                0x08000f44                __fixsfsi
 .text          0x08000f90       0xec C:/PROGRA~2/Arm GNU Toolchain arm-none-eabi/14.2 rel1/bin/../lib/gcc/arm-none-eabi/14.2.1/thumb/v7-m/nofp\libg.a(libc_a-memcpy.o)
                0x08000f90                memcpy
 .text          0x0800107c      0x110 C:/PROGRA~2/Arm GNU Toolchain arm-none-eabi/14.2 rel1/bin/../lib/gcc/arm-none-eabi/14.2.1/thumb/v7-m/nofp\libgcc.a(_arm_cmpdf2.o)
                0x0800107c                __gtdf2
                0x0800107c                __gedf2
                0x08001084                __ltdf2
                0x08001084                __ledf2
                0x0800108c                __nedf2
                0x0800108c                __eqdf2
                0x0800108c                __cmpdf2
                0x08001108                __aeabi_cdrcmple
                0x08001118                __aeabi_cdcmpeq
                0x08001118                __aeabi_cdcmple
                0x08001128                __aeabi_dcmpeq
                0x0800113c                __aeabi_dcmplt
                0x08001150                __aeabi_dcmple
                0x08001164                __aeabi_dcmpge
                0x08001178                __aeabi_dcmpgt
 .text          0x0800118c       0x2c C:/PROGRA~2/Arm GNU Toolchain arm-none-eabi/14.2 rel1/bin/../lib/gcc/arm-none-eabi/14.2.1/thumb/v7-m/nofp\libgcc.a(_arm_unorddf2.o)
                0x0800118c                __unorddf2
                0x0800118c                __aeabi_dcmpun
 *(.text*)
 .text.deregister_tm_clones
                0x080011b8       0x1c C:/PROGRA~2/Arm GNU Toolchain arm-none-eabi/14.2 rel1/bin/../lib/gcc/arm-none-eabi/14.2.1/thumb/v7-m/nofp/crtbegin.o
 .text.register_tm_clones
                0x080011d4       0x24 C:/PROGRA~2/Arm GNU Toolchain arm-none-eabi/14.2 rel1/bin/../lib/gcc/arm-none-eabi/14.2.1/thumb/v7-m/nofp/crtbegin.o
 .text.__do_global_dtors_aux
                0x080011f8       0x28 C:/PROGRA~2/Arm GNU Toolchain arm-none-eabi/14.2 rel1/bin/../lib/gcc/arm-none-eabi/14.2.1/thumb/v7-m/nofp/crtbegin.o
 .text.frame_dummy
                0x08001220       0x24 C:/PROGRA~2/Arm GNU Toolchain arm-none-eabi/14.2 rel1/bin/../lib/gcc/arm-none-eabi/14.2.1/thumb/v7-m/nofp/crtbegin.o
 .text.Num2Abs  0x08001244       0x16 CMakeFiles/myds.elf.dir/Core/Src/PID.c.obj
                0x08001244                Num2Abs
 .text.PID_Init
                0x0800125a       0x18 CMakeFiles/myds.elf.dir/Core/Src/PID.c.obj
                0x0800125a                PID_Init
 .text.PID_Calculate
                0x08001272       0x74 CMakeFiles/myds.elf.dir/Core/Src/PID.c.obj
                0x08001272                PID_Calculate
 *fill*         0x080012e6        0x2 
 .text.MX_ADC1_Init
                0x080012e8       0x5c CMakeFiles/myds.elf.dir/Core/Src/adc.c.obj
                0x080012e8                MX_ADC1_Init
 .text.HAL_ADC_MspInit
                0x08001344       0x60 CMakeFiles/myds.elf.dir/Core/Src/adc.c.obj
                0x08001344                HAL_ADC_MspInit
 .text.Read_Speed
                0x080013a4        0xc CMakeFiles/myds.elf.dir/Core/Src/encoder.c.obj
                0x080013a4                Read_Speed
 .text.MX_GPIO_Init
                0x080013b0       0xa0 CMakeFiles/myds.elf.dir/Core/Src/gpio.c.obj
                0x080013b0                MX_GPIO_Init
 .text.MX_I2C1_Init
                0x08001450       0x3c CMakeFiles/myds.elf.dir/Core/Src/i2c.c.obj
                0x08001450                MX_I2C1_Init
 .text.HAL_I2C_MspInit
                0x0800148c       0x78 CMakeFiles/myds.elf.dir/Core/Src/i2c.c.obj
                0x0800148c                HAL_I2C_MspInit
 .text.ADC_Read
                0x08001504       0x68 CMakeFiles/myds.elf.dir/Core/Src/main.c.obj
                0x08001504                ADC_Read
 .text.Transform
                0x0800156c       0x6c CMakeFiles/myds.elf.dir/Core/Src/main.c.obj
                0x0800156c                Transform
 .text.HAL_TIM_PeriodElapsedCallback
                0x080015d8       0xcc CMakeFiles/myds.elf.dir/Core/Src/main.c.obj
                0x080015d8                HAL_TIM_PeriodElapsedCallback
 .text.Error_Handler
                0x080016a4        0x4 CMakeFiles/myds.elf.dir/Core/Src/main.c.obj
                0x080016a4                Error_Handler
 .text.SystemClock_Config
                0x080016a8       0x82 CMakeFiles/myds.elf.dir/Core/Src/main.c.obj
                0x080016a8                SystemClock_Config
 *fill*         0x0800172a        0x2 
 .text.main     0x0800172c      0x110 CMakeFiles/myds.elf.dir/Core/Src/main.c.obj
                0x0800172c                main
 .text.Load     0x0800183c       0x54 CMakeFiles/myds.elf.dir/Core/Src/motor.c.obj
                0x0800183c                Load
 .text.OLED_Send
                0x08001890       0x20 CMakeFiles/myds.elf.dir/Core/Src/oled.c.obj
                0x08001890                OLED_Send
 .text.OLED_SendCmd
                0x080018b0       0x14 CMakeFiles/myds.elf.dir/Core/Src/oled.c.obj
                0x080018b0                OLED_SendCmd
 .text.OLED_NewFrame
                0x080018c4       0x14 CMakeFiles/myds.elf.dir/Core/Src/oled.c.obj
                0x080018c4                OLED_NewFrame
 .text.OLED_ShowFrame
                0x080018d8       0x50 CMakeFiles/myds.elf.dir/Core/Src/oled.c.obj
                0x080018d8                OLED_ShowFrame
 .text.OLED_Init
                0x08001928       0xb4 CMakeFiles/myds.elf.dir/Core/Src/oled.c.obj
                0x08001928                OLED_Init
 .text.OLED_SetByte_Fine
                0x080019dc       0x74 CMakeFiles/myds.elf.dir/Core/Src/oled.c.obj
                0x080019dc                OLED_SetByte_Fine
 .text.OLED_SetBits_Fine
                0x08001a50       0x78 CMakeFiles/myds.elf.dir/Core/Src/oled.c.obj
                0x08001a50                OLED_SetBits_Fine
 .text.OLED_SetBits
                0x08001ac8       0x4e CMakeFiles/myds.elf.dir/Core/Src/oled.c.obj
                0x08001ac8                OLED_SetBits
 .text.OLED_SetBlock
                0x08001b16       0x8e CMakeFiles/myds.elf.dir/Core/Src/oled.c.obj
                0x08001b16                OLED_SetBlock
 .text.OLED_PrintASCIIChar
                0x08001ba4       0x2c CMakeFiles/myds.elf.dir/Core/Src/oled.c.obj
                0x08001ba4                OLED_PrintASCIIChar
 .text._OLED_GetUTF8Len
                0x08001bd0       0x36 CMakeFiles/myds.elf.dir/Core/Src/oled.c.obj
                0x08001bd0                _OLED_GetUTF8Len
 .text.OLED_PrintString
                0x08001c06       0xf0 CMakeFiles/myds.elf.dir/Core/Src/oled.c.obj
                0x08001c06                OLED_PrintString
 *fill*         0x08001cf6        0x2 
 .text.HAL_MspInit
                0x08001cf8       0x44 CMakeFiles/myds.elf.dir/Core/Src/stm32f1xx_hal_msp.c.obj
                0x08001cf8                HAL_MspInit
 .text.NMI_Handler
                0x08001d3c        0x2 CMakeFiles/myds.elf.dir/Core/Src/stm32f1xx_it.c.obj
                0x08001d3c                NMI_Handler
 .text.HardFault_Handler
                0x08001d3e        0x2 CMakeFiles/myds.elf.dir/Core/Src/stm32f1xx_it.c.obj
                0x08001d3e                HardFault_Handler
 .text.MemManage_Handler
                0x08001d40        0x2 CMakeFiles/myds.elf.dir/Core/Src/stm32f1xx_it.c.obj
                0x08001d40                MemManage_Handler
 .text.BusFault_Handler
                0x08001d42        0x2 CMakeFiles/myds.elf.dir/Core/Src/stm32f1xx_it.c.obj
                0x08001d42                BusFault_Handler
 .text.UsageFault_Handler
                0x08001d44        0x2 CMakeFiles/myds.elf.dir/Core/Src/stm32f1xx_it.c.obj
                0x08001d44                UsageFault_Handler
 .text.SVC_Handler
                0x08001d46        0x2 CMakeFiles/myds.elf.dir/Core/Src/stm32f1xx_it.c.obj
                0x08001d46                SVC_Handler
 .text.DebugMon_Handler
                0x08001d48        0x2 CMakeFiles/myds.elf.dir/Core/Src/stm32f1xx_it.c.obj
                0x08001d48                DebugMon_Handler
 .text.PendSV_Handler
                0x08001d4a        0x2 CMakeFiles/myds.elf.dir/Core/Src/stm32f1xx_it.c.obj
                0x08001d4a                PendSV_Handler
 .text.SysTick_Handler
                0x08001d4c        0x8 CMakeFiles/myds.elf.dir/Core/Src/stm32f1xx_it.c.obj
                0x08001d4c                SysTick_Handler
 .text.TIM2_IRQHandler
                0x08001d54       0x10 CMakeFiles/myds.elf.dir/Core/Src/stm32f1xx_it.c.obj
                0x08001d54                TIM2_IRQHandler
 .text._getpid  0x08001d64        0x4 CMakeFiles/myds.elf.dir/Core/Src/syscalls.c.obj
                0x08001d64                _getpid
 .text._kill    0x08001d68       0x10 CMakeFiles/myds.elf.dir/Core/Src/syscalls.c.obj
                0x08001d68                _kill
 .text._exit    0x08001d78        0xc CMakeFiles/myds.elf.dir/Core/Src/syscalls.c.obj
                0x08001d78                _exit
 .text._read    0x08001d84       0x20 CMakeFiles/myds.elf.dir/Core/Src/syscalls.c.obj
                0x08001d84                _read
 .text._write   0x08001da4       0x1c CMakeFiles/myds.elf.dir/Core/Src/syscalls.c.obj
                0x08001da4                _write
 .text._close   0x08001dc0        0x6 CMakeFiles/myds.elf.dir/Core/Src/syscalls.c.obj
                0x08001dc0                _close
 .text._fstat   0x08001dc6        0xa CMakeFiles/myds.elf.dir/Core/Src/syscalls.c.obj
                0x08001dc6                _fstat
 .text._isatty  0x08001dd0        0x4 CMakeFiles/myds.elf.dir/Core/Src/syscalls.c.obj
                0x08001dd0                _isatty
 .text._lseek   0x08001dd4        0x4 CMakeFiles/myds.elf.dir/Core/Src/syscalls.c.obj
                0x08001dd4                _lseek
 .text._sbrk    0x08001dd8       0x48 CMakeFiles/myds.elf.dir/Core/Src/sysmem.c.obj
                0x08001dd8                _sbrk
 .text.SystemInit
                0x08001e20        0x2 CMakeFiles/myds.elf.dir/Core/Src/system_stm32f1xx.c.obj
                0x08001e20                SystemInit
 *fill*         0x08001e22        0x2 
 .text.MX_TIM2_Init
                0x08001e24       0x70 CMakeFiles/myds.elf.dir/Core/Src/tim.c.obj
                0x08001e24                MX_TIM2_Init
 .text.MX_TIM3_Init
                0x08001e94       0x68 CMakeFiles/myds.elf.dir/Core/Src/tim.c.obj
                0x08001e94                MX_TIM3_Init
 .text.HAL_TIM_Base_MspInit
                0x08001efc       0x60 CMakeFiles/myds.elf.dir/Core/Src/tim.c.obj
                0x08001efc                HAL_TIM_Base_MspInit
 .text.HAL_TIM_Encoder_MspInit
                0x08001f5c       0x5c CMakeFiles/myds.elf.dir/Core/Src/tim.c.obj
                0x08001f5c                HAL_TIM_Encoder_MspInit
 .text.HAL_TIM_MspPostInit
                0x08001fb8       0x50 CMakeFiles/myds.elf.dir/Core/Src/tim.c.obj
                0x08001fb8                HAL_TIM_MspPostInit
 .text.MX_TIM4_Init
                0x08002008       0xb0 CMakeFiles/myds.elf.dir/Core/Src/tim.c.obj
                0x08002008                MX_TIM4_Init
 .text.Reset_Handler
                0x080020b8       0x48 CMakeFiles/myds.elf.dir/Core/Startup/startup_stm32f103c8tx.s.obj
                0x080020b8                Reset_Handler
 .text.Default_Handler
                0x08002100        0x2 CMakeFiles/myds.elf.dir/Core/Startup/startup_stm32f103c8tx.s.obj
                0x08002100                RTC_Alarm_IRQHandler
                0x08002100                EXTI2_IRQHandler
                0x08002100                TIM1_CC_IRQHandler
                0x08002100                PVD_IRQHandler
                0x08002100                EXTI3_IRQHandler
                0x08002100                EXTI0_IRQHandler
                0x08002100                I2C2_EV_IRQHandler
                0x08002100                ADC1_2_IRQHandler
                0x08002100                SPI1_IRQHandler
                0x08002100                TAMPER_IRQHandler
                0x08002100                DMA1_Channel4_IRQHandler
                0x08002100                USART3_IRQHandler
                0x08002100                RTC_IRQHandler
                0x08002100                DMA1_Channel7_IRQHandler
                0x08002100                CAN1_RX1_IRQHandler
                0x08002100                TIM4_IRQHandler
                0x08002100                I2C1_EV_IRQHandler
                0x08002100                DMA1_Channel6_IRQHandler
                0x08002100                TIM3_IRQHandler
                0x08002100                RCC_IRQHandler
                0x08002100                TIM1_TRG_COM_IRQHandler
                0x08002100                DMA1_Channel1_IRQHandler
                0x08002100                Default_Handler
                0x08002100                EXTI15_10_IRQHandler
                0x08002100                EXTI9_5_IRQHandler
                0x08002100                SPI2_IRQHandler
                0x08002100                DMA1_Channel5_IRQHandler
                0x08002100                EXTI4_IRQHandler
                0x08002100                USB_LP_CAN1_RX0_IRQHandler
                0x08002100                USB_HP_CAN1_TX_IRQHandler
                0x08002100                DMA1_Channel3_IRQHandler
                0x08002100                TIM1_UP_IRQHandler
                0x08002100                WWDG_IRQHandler
                0x08002100                TIM1_BRK_IRQHandler
                0x08002100                EXTI1_IRQHandler
                0x08002100                USART2_IRQHandler
                0x08002100                I2C2_ER_IRQHandler
                0x08002100                DMA1_Channel2_IRQHandler
                0x08002100                CAN1_SCE_IRQHandler
                0x08002100                FLASH_IRQHandler
                0x08002100                USART1_IRQHandler
                0x08002100                I2C1_ER_IRQHandler
                0x08002100                USBWakeUp_IRQHandler
 *fill*         0x08002102        0x2 
 .text.HAL_InitTick
                0x08002104       0x4c CMakeFiles/myds.elf.dir/Drivers/STM32F1xx_HAL_Driver/Src/stm32f1xx_hal.c.obj
                0x08002104                HAL_InitTick
 .text.HAL_Init
                0x08002150       0x24 CMakeFiles/myds.elf.dir/Drivers/STM32F1xx_HAL_Driver/Src/stm32f1xx_hal.c.obj
                0x08002150                HAL_Init
 .text.HAL_IncTick
                0x08002174       0x18 CMakeFiles/myds.elf.dir/Drivers/STM32F1xx_HAL_Driver/Src/stm32f1xx_hal.c.obj
                0x08002174                HAL_IncTick
 .text.HAL_GetTick
                0x0800218c        0xc CMakeFiles/myds.elf.dir/Drivers/STM32F1xx_HAL_Driver/Src/stm32f1xx_hal.c.obj
                0x0800218c                HAL_GetTick
 .text.HAL_ADC_PollForConversion
                0x08002198      0x184 CMakeFiles/myds.elf.dir/Drivers/STM32F1xx_HAL_Driver/Src/stm32f1xx_hal_adc.c.obj
                0x08002198                HAL_ADC_PollForConversion
 .text.HAL_ADC_GetValue
                0x0800231c        0x6 CMakeFiles/myds.elf.dir/Drivers/STM32F1xx_HAL_Driver/Src/stm32f1xx_hal_adc.c.obj
                0x0800231c                HAL_ADC_GetValue
 *fill*         0x08002322        0x2 
 .text.HAL_ADC_ConfigChannel
                0x08002324      0x140 CMakeFiles/myds.elf.dir/Drivers/STM32F1xx_HAL_Driver/Src/stm32f1xx_hal_adc.c.obj
                0x08002324                HAL_ADC_ConfigChannel
 .text.ADC_Enable
                0x08002464       0x88 CMakeFiles/myds.elf.dir/Drivers/STM32F1xx_HAL_Driver/Src/stm32f1xx_hal_adc.c.obj
                0x08002464                ADC_Enable
 .text.HAL_ADC_Start
                0x080024ec       0xe8 CMakeFiles/myds.elf.dir/Drivers/STM32F1xx_HAL_Driver/Src/stm32f1xx_hal_adc.c.obj
                0x080024ec                HAL_ADC_Start
 .text.ADC_ConversionStop_Disable
                0x080025d4       0x56 CMakeFiles/myds.elf.dir/Drivers/STM32F1xx_HAL_Driver/Src/stm32f1xx_hal_adc.c.obj
                0x080025d4                ADC_ConversionStop_Disable
 *fill*         0x0800262a        0x2 
 .text.HAL_ADC_Init
                0x0800262c      0x108 CMakeFiles/myds.elf.dir/Drivers/STM32F1xx_HAL_Driver/Src/stm32f1xx_hal_adc.c.obj
                0x0800262c                HAL_ADC_Init
 .text.HAL_ADCEx_Calibration_Start
                0x08002734      0x100 CMakeFiles/myds.elf.dir/Drivers/STM32F1xx_HAL_Driver/Src/stm32f1xx_hal_adc_ex.c.obj
                0x08002734                HAL_ADCEx_Calibration_Start
 .text.__NVIC_SetPriority
                0x08002834       0x28 CMakeFiles/myds.elf.dir/Drivers/STM32F1xx_HAL_Driver/Src/stm32f1xx_hal_cortex.c.obj
 .text.NVIC_EncodePriority
                0x0800285c       0x3e CMakeFiles/myds.elf.dir/Drivers/STM32F1xx_HAL_Driver/Src/stm32f1xx_hal_cortex.c.obj
 *fill*         0x0800289a        0x2 
 .text.HAL_NVIC_SetPriorityGrouping
                0x0800289c       0x24 CMakeFiles/myds.elf.dir/Drivers/STM32F1xx_HAL_Driver/Src/stm32f1xx_hal_cortex.c.obj
                0x0800289c                HAL_NVIC_SetPriorityGrouping
 .text.HAL_NVIC_SetPriority
                0x080028c0       0x20 CMakeFiles/myds.elf.dir/Drivers/STM32F1xx_HAL_Driver/Src/stm32f1xx_hal_cortex.c.obj
                0x080028c0                HAL_NVIC_SetPriority
 .text.HAL_NVIC_EnableIRQ
                0x080028e0       0x1c CMakeFiles/myds.elf.dir/Drivers/STM32F1xx_HAL_Driver/Src/stm32f1xx_hal_cortex.c.obj
                0x080028e0                HAL_NVIC_EnableIRQ
 .text.HAL_SYSTICK_Config
                0x080028fc       0x28 CMakeFiles/myds.elf.dir/Drivers/STM32F1xx_HAL_Driver/Src/stm32f1xx_hal_cortex.c.obj
                0x080028fc                HAL_SYSTICK_Config
 .text.HAL_GPIO_Init
                0x08002924      0x214 CMakeFiles/myds.elf.dir/Drivers/STM32F1xx_HAL_Driver/Src/stm32f1xx_hal_gpio.c.obj
                0x08002924                HAL_GPIO_Init
 .text.HAL_GPIO_WritePin
                0x08002b38        0xc CMakeFiles/myds.elf.dir/Drivers/STM32F1xx_HAL_Driver/Src/stm32f1xx_hal_gpio.c.obj
                0x08002b38                HAL_GPIO_WritePin
 .text.I2C_IsAcknowledgeFailed
                0x08002b44       0x32 CMakeFiles/myds.elf.dir/Drivers/STM32F1xx_HAL_Driver/Src/stm32f1xx_hal_i2c.c.obj
 .text.I2C_WaitOnFlagUntilTimeout
                0x08002b76       0xaa CMakeFiles/myds.elf.dir/Drivers/STM32F1xx_HAL_Driver/Src/stm32f1xx_hal_i2c.c.obj
 .text.I2C_WaitOnMasterAddressFlagUntilTimeout
                0x08002c20       0xd6 CMakeFiles/myds.elf.dir/Drivers/STM32F1xx_HAL_Driver/Src/stm32f1xx_hal_i2c.c.obj
 *fill*         0x08002cf6        0x2 
 .text.I2C_MasterRequestWrite
                0x08002cf8       0xb4 CMakeFiles/myds.elf.dir/Drivers/STM32F1xx_HAL_Driver/Src/stm32f1xx_hal_i2c.c.obj
 .text.I2C_WaitOnTXEFlagUntilTimeout
                0x08002dac       0x5e CMakeFiles/myds.elf.dir/Drivers/STM32F1xx_HAL_Driver/Src/stm32f1xx_hal_i2c.c.obj
 .text.I2C_WaitOnBTFFlagUntilTimeout
                0x08002e0a       0x5e CMakeFiles/myds.elf.dir/Drivers/STM32F1xx_HAL_Driver/Src/stm32f1xx_hal_i2c.c.obj
 .text.HAL_I2C_Init
                0x08002e68      0x1bc CMakeFiles/myds.elf.dir/Drivers/STM32F1xx_HAL_Driver/Src/stm32f1xx_hal_i2c.c.obj
                0x08002e68                HAL_I2C_Init
 .text.HAL_I2C_Master_Transmit
                0x08003024      0x174 CMakeFiles/myds.elf.dir/Drivers/STM32F1xx_HAL_Driver/Src/stm32f1xx_hal_i2c.c.obj
                0x08003024                HAL_I2C_Master_Transmit
 .text.RCC_Delay
                0x08003198       0x2c CMakeFiles/myds.elf.dir/Drivers/STM32F1xx_HAL_Driver/Src/stm32f1xx_hal_rcc.c.obj
 .text.HAL_RCC_OscConfig
                0x080031c4      0x410 CMakeFiles/myds.elf.dir/Drivers/STM32F1xx_HAL_Driver/Src/stm32f1xx_hal_rcc.c.obj
                0x080031c4                HAL_RCC_OscConfig
 .text.HAL_RCC_GetSysClockFreq
                0x080035d4       0x54 CMakeFiles/myds.elf.dir/Drivers/STM32F1xx_HAL_Driver/Src/stm32f1xx_hal_rcc.c.obj
                0x080035d4                HAL_RCC_GetSysClockFreq
 .text.HAL_RCC_ClockConfig
                0x08003628      0x16c CMakeFiles/myds.elf.dir/Drivers/STM32F1xx_HAL_Driver/Src/stm32f1xx_hal_rcc.c.obj
                0x08003628                HAL_RCC_ClockConfig
 .text.HAL_RCC_GetHCLKFreq
                0x08003794        0xc CMakeFiles/myds.elf.dir/Drivers/STM32F1xx_HAL_Driver/Src/stm32f1xx_hal_rcc.c.obj
                0x08003794                HAL_RCC_GetHCLKFreq
 .text.HAL_RCC_GetPCLK1Freq
                0x080037a0       0x20 CMakeFiles/myds.elf.dir/Drivers/STM32F1xx_HAL_Driver/Src/stm32f1xx_hal_rcc.c.obj
                0x080037a0                HAL_RCC_GetPCLK1Freq
 .text.HAL_RCC_GetPCLK2Freq
                0x080037c0       0x20 CMakeFiles/myds.elf.dir/Drivers/STM32F1xx_HAL_Driver/Src/stm32f1xx_hal_rcc.c.obj
                0x080037c0                HAL_RCC_GetPCLK2Freq
 .text.HAL_RCCEx_PeriphCLKConfig
                0x080037e0      0x118 CMakeFiles/myds.elf.dir/Drivers/STM32F1xx_HAL_Driver/Src/stm32f1xx_hal_rcc_ex.c.obj
                0x080037e0                HAL_RCCEx_PeriphCLKConfig
 .text.HAL_RCCEx_GetPeriphCLKFreq
                0x080038f8       0xd8 CMakeFiles/myds.elf.dir/Drivers/STM32F1xx_HAL_Driver/Src/stm32f1xx_hal_rcc_ex.c.obj
                0x080038f8                HAL_RCCEx_GetPeriphCLKFreq
 .text.TIM_OC1_SetConfig
                0x080039d0       0x54 CMakeFiles/myds.elf.dir/Drivers/STM32F1xx_HAL_Driver/Src/stm32f1xx_hal_tim.c.obj
 .text.TIM_OC3_SetConfig
                0x08003a24       0x5c CMakeFiles/myds.elf.dir/Drivers/STM32F1xx_HAL_Driver/Src/stm32f1xx_hal_tim.c.obj
 .text.TIM_OC4_SetConfig
                0x08003a80       0x48 CMakeFiles/myds.elf.dir/Drivers/STM32F1xx_HAL_Driver/Src/stm32f1xx_hal_tim.c.obj
 .text.TIM_TI1_ConfigInputStage
                0x08003ac8       0x24 CMakeFiles/myds.elf.dir/Drivers/STM32F1xx_HAL_Driver/Src/stm32f1xx_hal_tim.c.obj
 .text.TIM_TI2_ConfigInputStage
                0x08003aec       0x26 CMakeFiles/myds.elf.dir/Drivers/STM32F1xx_HAL_Driver/Src/stm32f1xx_hal_tim.c.obj
 .text.TIM_ITRx_SetConfig
                0x08003b12       0x10 CMakeFiles/myds.elf.dir/Drivers/STM32F1xx_HAL_Driver/Src/stm32f1xx_hal_tim.c.obj
 *fill*         0x08003b22        0x2 
 .text.HAL_TIM_Base_Start_IT
                0x08003b24       0x64 CMakeFiles/myds.elf.dir/Drivers/STM32F1xx_HAL_Driver/Src/stm32f1xx_hal_tim.c.obj
                0x08003b24                HAL_TIM_Base_Start_IT
 .text.HAL_TIM_PWM_MspInit
                0x08003b88        0x2 CMakeFiles/myds.elf.dir/Drivers/STM32F1xx_HAL_Driver/Src/stm32f1xx_hal_tim.c.obj
                0x08003b88                HAL_TIM_PWM_MspInit
 .text.HAL_TIM_OC_DelayElapsedCallback
                0x08003b8a        0x2 CMakeFiles/myds.elf.dir/Drivers/STM32F1xx_HAL_Driver/Src/stm32f1xx_hal_tim.c.obj
                0x08003b8a                HAL_TIM_OC_DelayElapsedCallback
 .text.HAL_TIM_IC_CaptureCallback
                0x08003b8c        0x2 CMakeFiles/myds.elf.dir/Drivers/STM32F1xx_HAL_Driver/Src/stm32f1xx_hal_tim.c.obj
                0x08003b8c                HAL_TIM_IC_CaptureCallback
 .text.HAL_TIM_PWM_PulseFinishedCallback
                0x08003b8e        0x2 CMakeFiles/myds.elf.dir/Drivers/STM32F1xx_HAL_Driver/Src/stm32f1xx_hal_tim.c.obj
                0x08003b8e                HAL_TIM_PWM_PulseFinishedCallback
 .text.HAL_TIM_TriggerCallback
                0x08003b90        0x2 CMakeFiles/myds.elf.dir/Drivers/STM32F1xx_HAL_Driver/Src/stm32f1xx_hal_tim.c.obj
                0x08003b90                HAL_TIM_TriggerCallback
 .text.HAL_TIM_IRQHandler
                0x08003b92      0x15e CMakeFiles/myds.elf.dir/Drivers/STM32F1xx_HAL_Driver/Src/stm32f1xx_hal_tim.c.obj
                0x08003b92                HAL_TIM_IRQHandler
 .text.TIM_Base_SetConfig
                0x08003cf0       0x84 CMakeFiles/myds.elf.dir/Drivers/STM32F1xx_HAL_Driver/Src/stm32f1xx_hal_tim.c.obj
                0x08003cf0                TIM_Base_SetConfig
 .text.HAL_TIM_Base_Init
                0x08003d74       0x58 CMakeFiles/myds.elf.dir/Drivers/STM32F1xx_HAL_Driver/Src/stm32f1xx_hal_tim.c.obj
                0x08003d74                HAL_TIM_Base_Init
 .text.HAL_TIM_PWM_Init
                0x08003dcc       0x58 CMakeFiles/myds.elf.dir/Drivers/STM32F1xx_HAL_Driver/Src/stm32f1xx_hal_tim.c.obj
                0x08003dcc                HAL_TIM_PWM_Init
 .text.HAL_TIM_Encoder_Init
                0x08003e24       0xb6 CMakeFiles/myds.elf.dir/Drivers/STM32F1xx_HAL_Driver/Src/stm32f1xx_hal_tim.c.obj
                0x08003e24                HAL_TIM_Encoder_Init
 *fill*         0x08003eda        0x2 
 .text.TIM_OC2_SetConfig
                0x08003edc       0x5c CMakeFiles/myds.elf.dir/Drivers/STM32F1xx_HAL_Driver/Src/stm32f1xx_hal_tim.c.obj
                0x08003edc                TIM_OC2_SetConfig
 .text.HAL_TIM_PWM_ConfigChannel
                0x08003f38       0xdc CMakeFiles/myds.elf.dir/Drivers/STM32F1xx_HAL_Driver/Src/stm32f1xx_hal_tim.c.obj
                0x08003f38                HAL_TIM_PWM_ConfigChannel
 .text.TIM_ETR_SetConfig
                0x08004014       0x18 CMakeFiles/myds.elf.dir/Drivers/STM32F1xx_HAL_Driver/Src/stm32f1xx_hal_tim.c.obj
                0x08004014                TIM_ETR_SetConfig
 .text.HAL_TIM_ConfigClockSource
                0x0800402c       0xfe CMakeFiles/myds.elf.dir/Drivers/STM32F1xx_HAL_Driver/Src/stm32f1xx_hal_tim.c.obj
                0x0800402c                HAL_TIM_ConfigClockSource
 .text.TIM_CCxChannelCmd
                0x0800412a       0x1e CMakeFiles/myds.elf.dir/Drivers/STM32F1xx_HAL_Driver/Src/stm32f1xx_hal_tim.c.obj
                0x0800412a                TIM_CCxChannelCmd
 .text.HAL_TIM_PWM_Start
                0x08004148       0xd4 CMakeFiles/myds.elf.dir/Drivers/STM32F1xx_HAL_Driver/Src/stm32f1xx_hal_tim.c.obj
                0x08004148                HAL_TIM_PWM_Start
 .text.HAL_TIM_Encoder_Start
                0x0800421c       0xcc CMakeFiles/myds.elf.dir/Drivers/STM32F1xx_HAL_Driver/Src/stm32f1xx_hal_tim.c.obj
                0x0800421c                HAL_TIM_Encoder_Start
 .text.HAL_TIMEx_MasterConfigSynchronization
                0x080042e8       0x6c CMakeFiles/myds.elf.dir/Drivers/STM32F1xx_HAL_Driver/Src/stm32f1xx_hal_tim_ex.c.obj
                0x080042e8                HAL_TIMEx_MasterConfigSynchronization
 .text.HAL_TIMEx_CommutCallback
                0x08004354        0x2 CMakeFiles/myds.elf.dir/Drivers/STM32F1xx_HAL_Driver/Src/stm32f1xx_hal_tim_ex.c.obj
                0x08004354                HAL_TIMEx_CommutCallback
 .text.HAL_TIMEx_BreakCallback
                0x08004356        0x2 CMakeFiles/myds.elf.dir/Drivers/STM32F1xx_HAL_Driver/Src/stm32f1xx_hal_tim_ex.c.obj
                0x08004356                HAL_TIMEx_BreakCallback
 .text.stdio_exit_handler
                0x08004358       0x18 C:/PROGRA~2/Arm GNU Toolchain arm-none-eabi/14.2 rel1/bin/../lib/gcc/arm-none-eabi/14.2.1/thumb/v7-m/nofp\libg.a(libc_a-findfp.o)
 .text.cleanup_stdio
                0x08004370       0x40 C:/PROGRA~2/Arm GNU Toolchain arm-none-eabi/14.2 rel1/bin/../lib/gcc/arm-none-eabi/14.2.1/thumb/v7-m/nofp\libg.a(libc_a-findfp.o)
 .text.global_stdio_init.part.0
                0x080043b0       0xf0 C:/PROGRA~2/Arm GNU Toolchain arm-none-eabi/14.2 rel1/bin/../lib/gcc/arm-none-eabi/14.2.1/thumb/v7-m/nofp\libg.a(libc_a-findfp.o)
 .text.__sinit  0x080044a0       0x3c C:/PROGRA~2/Arm GNU Toolchain arm-none-eabi/14.2 rel1/bin/../lib/gcc/arm-none-eabi/14.2.1/thumb/v7-m/nofp\libg.a(libc_a-findfp.o)
                0x080044a0                __sinit
 .text.__sfp_lock_acquire
                0x080044dc        0xc C:/PROGRA~2/Arm GNU Toolchain arm-none-eabi/14.2 rel1/bin/../lib/gcc/arm-none-eabi/14.2.1/thumb/v7-m/nofp\libg.a(libc_a-findfp.o)
                0x080044dc                __sfp_lock_acquire
 .text.__sfp_lock_release
                0x080044e8        0xc C:/PROGRA~2/Arm GNU Toolchain arm-none-eabi/14.2 rel1/bin/../lib/gcc/arm-none-eabi/14.2.1/thumb/v7-m/nofp\libg.a(libc_a-findfp.o)
                0x080044e8                __sfp_lock_release
 .text._fwalk_sglue
                0x080044f4       0x44 C:/PROGRA~2/Arm GNU Toolchain arm-none-eabi/14.2 rel1/bin/../lib/gcc/arm-none-eabi/14.2.1/thumb/v7-m/nofp\libg.a(libc_a-fwalk.o)
                0x080044f4                _fwalk_sglue
 .text.sprintf  0x08004538       0x44 C:/PROGRA~2/Arm GNU Toolchain arm-none-eabi/14.2 rel1/bin/../lib/gcc/arm-none-eabi/14.2.1/thumb/v7-m/nofp\libg.a(libc_a-sprintf.o)
                0x08004538                sprintf
 .text.__sread  0x0800457c       0x24 C:/PROGRA~2/Arm GNU Toolchain arm-none-eabi/14.2 rel1/bin/../lib/gcc/arm-none-eabi/14.2.1/thumb/v7-m/nofp\libg.a(libc_a-stdio.o)
                0x0800457c                __sread
 .text.__swrite
                0x080045a0       0x40 C:/PROGRA~2/Arm GNU Toolchain arm-none-eabi/14.2 rel1/bin/../lib/gcc/arm-none-eabi/14.2.1/thumb/v7-m/nofp\libg.a(libc_a-stdio.o)
                0x080045a0                __swrite
 .text.__sseek  0x080045e0       0x24 C:/PROGRA~2/Arm GNU Toolchain arm-none-eabi/14.2 rel1/bin/../lib/gcc/arm-none-eabi/14.2.1/thumb/v7-m/nofp\libg.a(libc_a-stdio.o)
                0x080045e0                __sseek
 .text.__sclose
                0x08004604        0x8 C:/PROGRA~2/Arm GNU Toolchain arm-none-eabi/14.2 rel1/bin/../lib/gcc/arm-none-eabi/14.2.1/thumb/v7-m/nofp\libg.a(libc_a-stdio.o)
                0x08004604                __sclose
 .text.memcmp   0x0800460c       0x5c C:/PROGRA~2/Arm GNU Toolchain arm-none-eabi/14.2 rel1/bin/../lib/gcc/arm-none-eabi/14.2.1/thumb/v7-m/nofp\libg.a(libc_a-memcmp.o)
                0x0800460c                memcmp
 .text.memset   0x08004668       0x9c C:/PROGRA~2/Arm GNU Toolchain arm-none-eabi/14.2 rel1/bin/../lib/gcc/arm-none-eabi/14.2.1/thumb/v7-m/nofp\libg.a(libc_a-memset.o)
                0x08004668                memset
 .text._close_r
                0x08004704       0x24 C:/PROGRA~2/Arm GNU Toolchain arm-none-eabi/14.2 rel1/bin/../lib/gcc/arm-none-eabi/14.2.1/thumb/v7-m/nofp\libg.a(libc_a-closer.o)
                0x08004704                _close_r
 .text._lseek_r
                0x08004728       0x2c C:/PROGRA~2/Arm GNU Toolchain arm-none-eabi/14.2 rel1/bin/../lib/gcc/arm-none-eabi/14.2.1/thumb/v7-m/nofp\libg.a(libc_a-lseekr.o)
                0x08004728                _lseek_r
 .text._read_r  0x08004754       0x2c C:/PROGRA~2/Arm GNU Toolchain arm-none-eabi/14.2 rel1/bin/../lib/gcc/arm-none-eabi/14.2.1/thumb/v7-m/nofp\libg.a(libc_a-readr.o)
                0x08004754                _read_r
 .text._write_r
                0x08004780       0x2c C:/PROGRA~2/Arm GNU Toolchain arm-none-eabi/14.2 rel1/bin/../lib/gcc/arm-none-eabi/14.2.1/thumb/v7-m/nofp\libg.a(libc_a-writer.o)
                0x08004780                _write_r
 .text.__errno  0x080047ac        0xc C:/PROGRA~2/Arm GNU Toolchain arm-none-eabi/14.2 rel1/bin/../lib/gcc/arm-none-eabi/14.2.1/thumb/v7-m/nofp\libg.a(libc_a-errno.o)
                0x080047ac                __errno
 .text.__libc_init_array
                0x080047b8       0x50 C:/PROGRA~2/Arm GNU Toolchain arm-none-eabi/14.2 rel1/bin/../lib/gcc/arm-none-eabi/14.2.1/thumb/v7-m/nofp\libg.a(libc_a-init.o)
                0x080047b8                __libc_init_array
 .text.__retarget_lock_init_recursive
                0x08004808        0x4 C:/PROGRA~2/Arm GNU Toolchain arm-none-eabi/14.2 rel1/bin/../lib/gcc/arm-none-eabi/14.2.1/thumb/v7-m/nofp\libg.a(libc_a-lock.o)
                0x08004808                __retarget_lock_init_recursive
 .text.__retarget_lock_close_recursive
                0x0800480c        0x4 C:/PROGRA~2/Arm GNU Toolchain arm-none-eabi/14.2 rel1/bin/../lib/gcc/arm-none-eabi/14.2.1/thumb/v7-m/nofp\libg.a(libc_a-lock.o)
                0x0800480c                __retarget_lock_close_recursive
 .text.__retarget_lock_acquire_recursive
                0x08004810        0x4 C:/PROGRA~2/Arm GNU Toolchain arm-none-eabi/14.2 rel1/bin/../lib/gcc/arm-none-eabi/14.2.1/thumb/v7-m/nofp\libg.a(libc_a-lock.o)
                0x08004810                __retarget_lock_acquire_recursive
 .text.__retarget_lock_release_recursive
                0x08004814        0x4 C:/PROGRA~2/Arm GNU Toolchain arm-none-eabi/14.2 rel1/bin/../lib/gcc/arm-none-eabi/14.2.1/thumb/v7-m/nofp\libg.a(libc_a-lock.o)
                0x08004814                __retarget_lock_release_recursive
 .text.startup.register_fini
                0x08004818       0x14 C:/PROGRA~2/Arm GNU Toolchain arm-none-eabi/14.2 rel1/bin/../lib/gcc/arm-none-eabi/14.2.1/thumb/v7-m/nofp\libg.a(libc_a-__call_atexit.o)
 .text.atexit   0x0800482c        0xc C:/PROGRA~2/Arm GNU Toolchain arm-none-eabi/14.2 rel1/bin/../lib/gcc/arm-none-eabi/14.2.1/thumb/v7-m/nofp\libg.a(libc_a-atexit.o)
                0x0800482c                atexit
 .text._malloc_trim_r
                0x08004838       0xb8 C:/PROGRA~2/Arm GNU Toolchain arm-none-eabi/14.2 rel1/bin/../lib/gcc/arm-none-eabi/14.2.1/thumb/v7-m/nofp\libg.a(libc_a-freer.o)
                0x08004838                _malloc_trim_r
 .text._free_r  0x080048f0      0x1e8 C:/PROGRA~2/Arm GNU Toolchain arm-none-eabi/14.2 rel1/bin/../lib/gcc/arm-none-eabi/14.2.1/thumb/v7-m/nofp\libg.a(libc_a-freer.o)
                0x080048f0                _free_r
 .text._malloc_r
                0x08004ad8      0x57c C:/PROGRA~2/Arm GNU Toolchain arm-none-eabi/14.2 rel1/bin/../lib/gcc/arm-none-eabi/14.2.1/thumb/v7-m/nofp\libg.a(libc_a-mallocr.o)
                0x08004ad8                _malloc_r
 .text.__malloc_lock
                0x08005054        0xc C:/PROGRA~2/Arm GNU Toolchain arm-none-eabi/14.2 rel1/bin/../lib/gcc/arm-none-eabi/14.2.1/thumb/v7-m/nofp\libg.a(libc_a-mlock.o)
                0x08005054                __malloc_lock
 .text.__malloc_unlock
                0x08005060        0xc C:/PROGRA~2/Arm GNU Toolchain arm-none-eabi/14.2 rel1/bin/../lib/gcc/arm-none-eabi/14.2.1/thumb/v7-m/nofp\libg.a(libc_a-mlock.o)
                0x08005060                __malloc_unlock
 .text._svfprintf_r
                0x0800506c     0x2250 C:/PROGRA~2/Arm GNU Toolchain arm-none-eabi/14.2 rel1/bin/../lib/gcc/arm-none-eabi/14.2.1/thumb/v7-m/nofp\libg.a(libc_a-svfprintf.o)
                0x0800506c                _svfprintf_r
 .text.__ssprint_r
                0x080072bc       0x58 C:/PROGRA~2/Arm GNU Toolchain arm-none-eabi/14.2 rel1/bin/../lib/gcc/arm-none-eabi/14.2.1/thumb/v7-m/nofp\libg.a(libc_a-ssprint_r.o)
                0x080072bc                __ssprint_r
 .text._fclose_r
                0x08007314       0xc0 C:/PROGRA~2/Arm GNU Toolchain arm-none-eabi/14.2 rel1/bin/../lib/gcc/arm-none-eabi/14.2.1/thumb/v7-m/nofp\libg.a(libc_a-fclose.o)
                0x08007314                _fclose_r
 .text.__sflush_r
                0x080073d4      0x124 C:/PROGRA~2/Arm GNU Toolchain arm-none-eabi/14.2 rel1/bin/../lib/gcc/arm-none-eabi/14.2.1/thumb/v7-m/nofp\libg.a(libc_a-fflush.o)
                0x080073d4                __sflush_r
 .text._fflush_r
                0x080074f8       0x54 C:/PROGRA~2/Arm GNU Toolchain arm-none-eabi/14.2 rel1/bin/../lib/gcc/arm-none-eabi/14.2.1/thumb/v7-m/nofp\libg.a(libc_a-fflush.o)
                0x080074f8                _fflush_r
 .text.strncpy  0x0800754c       0x6c C:/PROGRA~2/Arm GNU Toolchain arm-none-eabi/14.2 rel1/bin/../lib/gcc/arm-none-eabi/14.2.1/thumb/v7-m/nofp\libg.a(libc_a-strncpy.o)
                0x0800754c                strncpy
 .text.__locale_mb_cur_max
                0x080075b8        0xc C:/PROGRA~2/Arm GNU Toolchain arm-none-eabi/14.2 rel1/bin/../lib/gcc/arm-none-eabi/14.2.1/thumb/v7-m/nofp\libg.a(libc_a-locale.o)
                0x080075b8                __locale_mb_cur_max
 .text._localeconv_r
                0x080075c4        0x8 C:/PROGRA~2/Arm GNU Toolchain arm-none-eabi/14.2 rel1/bin/../lib/gcc/arm-none-eabi/14.2.1/thumb/v7-m/nofp\libg.a(libc_a-localeconv.o)
                0x080075c4                _localeconv_r
 .text._sbrk_r  0x080075cc       0x24 C:/PROGRA~2/Arm GNU Toolchain arm-none-eabi/14.2 rel1/bin/../lib/gcc/arm-none-eabi/14.2.1/thumb/v7-m/nofp\libg.a(libc_a-sbrkr.o)
                0x080075cc                _sbrk_r
 .text.__libc_fini_array
                0x080075f0       0x28 C:/PROGRA~2/Arm GNU Toolchain arm-none-eabi/14.2 rel1/bin/../lib/gcc/arm-none-eabi/14.2.1/thumb/v7-m/nofp\libg.a(libc_a-fini.o)
                0x080075f0                __libc_fini_array
 .text.sysconf  0x08007618       0x1c C:/PROGRA~2/Arm GNU Toolchain arm-none-eabi/14.2 rel1/bin/../lib/gcc/arm-none-eabi/14.2.1/thumb/v7-m/nofp\libg.a(libc_a-sysconf.o)
                0x08007618                sysconf
 .text.memchr   0x08007634       0x80 C:/PROGRA~2/Arm GNU Toolchain arm-none-eabi/14.2 rel1/bin/../lib/gcc/arm-none-eabi/14.2.1/thumb/v7-m/nofp\libg.a(libc_a-memchr-stub.o)
                0x08007634                memchr
 .text.strlen   0x080076b4       0x5c C:/PROGRA~2/Arm GNU Toolchain arm-none-eabi/14.2 rel1/bin/../lib/gcc/arm-none-eabi/14.2.1/thumb/v7-m/nofp\libg.a(libc_a-strlen-stub.o)
                0x080076b4                strlen
 .text.frexp    0x08007710       0x6c C:/PROGRA~2/Arm GNU Toolchain arm-none-eabi/14.2 rel1/bin/../lib/gcc/arm-none-eabi/14.2.1/thumb/v7-m/nofp\libg.a(libm_a-s_frexp.o)
                0x08007710                frexp
 .text.__register_exitproc
                0x0800777c       0x80 C:/PROGRA~2/Arm GNU Toolchain arm-none-eabi/14.2 rel1/bin/../lib/gcc/arm-none-eabi/14.2.1/thumb/v7-m/nofp\libg.a(libc_a-__atexit.o)
                0x0800777c                __register_exitproc
 .text.quorem   0x080077fc      0x13c C:/PROGRA~2/Arm GNU Toolchain arm-none-eabi/14.2 rel1/bin/../lib/gcc/arm-none-eabi/14.2.1/thumb/v7-m/nofp\libg.a(libc_a-dtoa.o)
 .text._dtoa_r  0x08007938     0x1030 C:/PROGRA~2/Arm GNU Toolchain arm-none-eabi/14.2 rel1/bin/../lib/gcc/arm-none-eabi/14.2.1/thumb/v7-m/nofp\libg.a(libc_a-dtoa.o)
                0x08007938                _dtoa_r
 .text.__ascii_mbtowc
                0x08008968       0x2c C:/PROGRA~2/Arm GNU Toolchain arm-none-eabi/14.2 rel1/bin/../lib/gcc/arm-none-eabi/14.2.1/thumb/v7-m/nofp\libg.a(libc_a-mbtowc_r.o)
                0x08008968                __ascii_mbtowc
 .text._Balloc  0x08008994       0x4c C:/PROGRA~2/Arm GNU Toolchain arm-none-eabi/14.2 rel1/bin/../lib/gcc/arm-none-eabi/14.2.1/thumb/v7-m/nofp\libg.a(libc_a-mprec.o)
                0x08008994                _Balloc
 .text._Bfree   0x080089e0       0x14 C:/PROGRA~2/Arm GNU Toolchain arm-none-eabi/14.2 rel1/bin/../lib/gcc/arm-none-eabi/14.2.1/thumb/v7-m/nofp\libg.a(libc_a-mprec.o)
                0x080089e0                _Bfree
 .text.__multadd
                0x080089f4       0xa4 C:/PROGRA~2/Arm GNU Toolchain arm-none-eabi/14.2 rel1/bin/../lib/gcc/arm-none-eabi/14.2.1/thumb/v7-m/nofp\libg.a(libc_a-mprec.o)
                0x080089f4                __multadd
 .text.__hi0bits
                0x08008a98       0x54 C:/PROGRA~2/Arm GNU Toolchain arm-none-eabi/14.2 rel1/bin/../lib/gcc/arm-none-eabi/14.2.1/thumb/v7-m/nofp\libg.a(libc_a-mprec.o)
                0x08008a98                __hi0bits
 .text.__lo0bits
                0x08008aec       0x7c C:/PROGRA~2/Arm GNU Toolchain arm-none-eabi/14.2 rel1/bin/../lib/gcc/arm-none-eabi/14.2.1/thumb/v7-m/nofp\libg.a(libc_a-mprec.o)
                0x08008aec                __lo0bits
 .text.__i2b    0x08008b68       0x5c C:/PROGRA~2/Arm GNU Toolchain arm-none-eabi/14.2 rel1/bin/../lib/gcc/arm-none-eabi/14.2.1/thumb/v7-m/nofp\libg.a(libc_a-mprec.o)
                0x08008b68                __i2b
 .text.__multiply
                0x08008bc4      0x168 C:/PROGRA~2/Arm GNU Toolchain arm-none-eabi/14.2 rel1/bin/../lib/gcc/arm-none-eabi/14.2.1/thumb/v7-m/nofp\libg.a(libc_a-mprec.o)
                0x08008bc4                __multiply
 .text.__pow5mult
                0x08008d2c       0xc0 C:/PROGRA~2/Arm GNU Toolchain arm-none-eabi/14.2 rel1/bin/../lib/gcc/arm-none-eabi/14.2.1/thumb/v7-m/nofp\libg.a(libc_a-mprec.o)
                0x08008d2c                __pow5mult
 .text.__lshift
                0x08008dec       0xe8 C:/PROGRA~2/Arm GNU Toolchain arm-none-eabi/14.2 rel1/bin/../lib/gcc/arm-none-eabi/14.2.1/thumb/v7-m/nofp\libg.a(libc_a-mprec.o)
                0x08008dec                __lshift
 .text.__mcmp   0x08008ed4       0x40 C:/PROGRA~2/Arm GNU Toolchain arm-none-eabi/14.2 rel1/bin/../lib/gcc/arm-none-eabi/14.2.1/thumb/v7-m/nofp\libg.a(libc_a-mprec.o)
                0x08008ed4                __mcmp
 .text.__mdiff  0x08008f14      0x164 C:/PROGRA~2/Arm GNU Toolchain arm-none-eabi/14.2 rel1/bin/../lib/gcc/arm-none-eabi/14.2.1/thumb/v7-m/nofp\libg.a(libc_a-mprec.o)
                0x08008f14                __mdiff
 .text.__d2b    0x08009078       0xb8 C:/PROGRA~2/Arm GNU Toolchain arm-none-eabi/14.2 rel1/bin/../lib/gcc/arm-none-eabi/14.2.1/thumb/v7-m/nofp\libg.a(libc_a-mprec.o)
                0x08009078                __d2b
 .text.__ascii_wctomb
                0x08009130       0x1c C:/PROGRA~2/Arm GNU Toolchain arm-none-eabi/14.2 rel1/bin/../lib/gcc/arm-none-eabi/14.2.1/thumb/v7-m/nofp\libg.a(libc_a-wctomb_r.o)
                0x08009130                __ascii_wctomb
 .text._wcrtomb_r
                0x0800914c       0x4c C:/PROGRA~2/Arm GNU Toolchain arm-none-eabi/14.2 rel1/bin/../lib/gcc/arm-none-eabi/14.2.1/thumb/v7-m/nofp\libg.a(libc_a-wcrtomb.o)
                0x0800914c                _wcrtomb_r
 .text._wcsrtombs_r
                0x08009198       0x18 C:/PROGRA~2/Arm GNU Toolchain arm-none-eabi/14.2 rel1/bin/../lib/gcc/arm-none-eabi/14.2.1/thumb/v7-m/nofp\libg.a(libc_a-wcsrtombs.o)
                0x08009198                _wcsrtombs_r
 .text.__ssputs_r
                0x080091b0       0xc0 C:/PROGRA~2/Arm GNU Toolchain arm-none-eabi/14.2 rel1/bin/../lib/gcc/arm-none-eabi/14.2.1/thumb/v7-m/nofp\libg.a(libc_a-ssputs_r.o)
                0x080091b0                __ssputs_r
 .text.memmove  0x08009270       0xfc C:/PROGRA~2/Arm GNU Toolchain arm-none-eabi/14.2 rel1/bin/../lib/gcc/arm-none-eabi/14.2.1/thumb/v7-m/nofp\libg.a(libc_a-memmove.o)
                0x08009270                memmove
 .text.__assert_func
                0x0800936c       0x40 C:/PROGRA~2/Arm GNU Toolchain arm-none-eabi/14.2 rel1/bin/../lib/gcc/arm-none-eabi/14.2.1/thumb/v7-m/nofp\libg.a(libc_a-assert.o)
                0x0800936c                __assert_func
 .text._calloc_r
                0x080093ac       0x6c C:/PROGRA~2/Arm GNU Toolchain arm-none-eabi/14.2 rel1/bin/../lib/gcc/arm-none-eabi/14.2.1/thumb/v7-m/nofp\libg.a(libc_a-callocr.o)
                0x080093ac                _calloc_r
 .text._realloc_r
                0x08009418      0x350 C:/PROGRA~2/Arm GNU Toolchain arm-none-eabi/14.2 rel1/bin/../lib/gcc/arm-none-eabi/14.2.1/thumb/v7-m/nofp\libg.a(libc_a-reallocr.o)
                0x08009418                _realloc_r
 .text._wcsnrtombs_l
                0x08009768       0xf0 C:/PROGRA~2/Arm GNU Toolchain arm-none-eabi/14.2 rel1/bin/../lib/gcc/arm-none-eabi/14.2.1/thumb/v7-m/nofp\libg.a(libc_a-wcsnrtombs.o)
                0x08009768                _wcsnrtombs_l
 .text._wcsnrtombs_r
                0x08009858       0x24 C:/PROGRA~2/Arm GNU Toolchain arm-none-eabi/14.2 rel1/bin/../lib/gcc/arm-none-eabi/14.2.1/thumb/v7-m/nofp\libg.a(libc_a-wcsnrtombs.o)
                0x08009858                _wcsnrtombs_r
 .text.fiprintf
                0x0800987c       0x28 C:/PROGRA~2/Arm GNU Toolchain arm-none-eabi/14.2 rel1/bin/../lib/gcc/arm-none-eabi/14.2.1/thumb/v7-m/nofp\libg.a(libc_a-fiprintf.o)
                0x0800987c                fiprintf
 .text._vfiprintf_r
                0x080098a4     0x1238 C:/PROGRA~2/Arm GNU Toolchain arm-none-eabi/14.2 rel1/bin/../lib/gcc/arm-none-eabi/14.2.1/thumb/v7-m/nofp\libg.a(libc_a-vfiprintf.o)
                0x080098a4                _vfiprintf_r
 .text.__sbprintf
                0x0800aadc       0x84 C:/PROGRA~2/Arm GNU Toolchain arm-none-eabi/14.2 rel1/bin/../lib/gcc/arm-none-eabi/14.2.1/thumb/v7-m/nofp\libg.a(libc_a-vfiprintf.o)
 .text.__sprint_r
                0x0800ab60       0x20 C:/PROGRA~2/Arm GNU Toolchain arm-none-eabi/14.2 rel1/bin/../lib/gcc/arm-none-eabi/14.2.1/thumb/v7-m/nofp\libg.a(libc_a-sprint_r.o)
                0x0800ab60                __sprint_r
 .text.__sfvwrite_r
                0x0800ab80      0x2d8 C:/PROGRA~2/Arm GNU Toolchain arm-none-eabi/14.2 rel1/bin/../lib/gcc/arm-none-eabi/14.2.1/thumb/v7-m/nofp\libg.a(libc_a-fvwrite.o)
                0x0800ab80                __sfvwrite_r
 .text.__swsetup_r
                0x0800ae58       0xfc C:/PROGRA~2/Arm GNU Toolchain arm-none-eabi/14.2 rel1/bin/../lib/gcc/arm-none-eabi/14.2.1/thumb/v7-m/nofp\libg.a(libc_a-wsetup.o)
                0x0800ae58                __swsetup_r
 .text.abort    0x0800af54       0x10 C:/PROGRA~2/Arm GNU Toolchain arm-none-eabi/14.2 rel1/bin/../lib/gcc/arm-none-eabi/14.2.1/thumb/v7-m/nofp\libg.a(libc_a-abort.o)
                0x0800af54                abort
 .text.__smakebuf_r
                0x0800af64       0xd0 C:/PROGRA~2/Arm GNU Toolchain arm-none-eabi/14.2 rel1/bin/../lib/gcc/arm-none-eabi/14.2.1/thumb/v7-m/nofp\libg.a(libc_a-makebuf.o)
                0x0800af64                __smakebuf_r
 .text.raise    0x0800b034       0x58 C:/PROGRA~2/Arm GNU Toolchain arm-none-eabi/14.2 rel1/bin/../lib/gcc/arm-none-eabi/14.2.1/thumb/v7-m/nofp\libg.a(libc_a-signal.o)
                0x0800b034                raise
 .text._fstat_r
                0x0800b08c       0x28 C:/PROGRA~2/Arm GNU Toolchain arm-none-eabi/14.2 rel1/bin/../lib/gcc/arm-none-eabi/14.2.1/thumb/v7-m/nofp\libg.a(libc_a-fstatr.o)
                0x0800b08c                _fstat_r
 .text._isatty_r
                0x0800b0b4       0x24 C:/PROGRA~2/Arm GNU Toolchain arm-none-eabi/14.2 rel1/bin/../lib/gcc/arm-none-eabi/14.2.1/thumb/v7-m/nofp\libg.a(libc_a-isattyr.o)
                0x0800b0b4                _isatty_r
 .text._kill_r  0x0800b0d8       0x28 C:/PROGRA~2/Arm GNU Toolchain arm-none-eabi/14.2 rel1/bin/../lib/gcc/arm-none-eabi/14.2.1/thumb/v7-m/nofp\libg.a(libc_a-signalr.o)
                0x0800b0d8                _kill_r
 .text._getpid_r
                0x0800b100        0x4 C:/PROGRA~2/Arm GNU Toolchain arm-none-eabi/14.2 rel1/bin/../lib/gcc/arm-none-eabi/14.2.1/thumb/v7-m/nofp\libg.a(libc_a-signalr.o)
                0x0800b100                _getpid_r
 *(.glue_7)
 .glue_7        0x0800b104        0x0 linker stubs
 *(.glue_7t)
 .glue_7t       0x0800b104        0x0 linker stubs
 *(.eh_frame)
 .eh_frame      0x0800b104        0x0 C:/PROGRA~2/Arm GNU Toolchain arm-none-eabi/14.2 rel1/bin/../lib/gcc/arm-none-eabi/14.2.1/thumb/v7-m/nofp/crtbegin.o
 *(.init)
 .init          0x0800b104        0x4 C:/PROGRA~2/Arm GNU Toolchain arm-none-eabi/14.2 rel1/bin/../lib/gcc/arm-none-eabi/14.2.1/thumb/v7-m/nofp/crti.o
                0x0800b104                _init
 .init          0x0800b108        0x8 C:/PROGRA~2/Arm GNU Toolchain arm-none-eabi/14.2 rel1/bin/../lib/gcc/arm-none-eabi/14.2.1/thumb/v7-m/nofp/crtn.o
 *(.fini)
 .fini          0x0800b110        0x4 C:/PROGRA~2/Arm GNU Toolchain arm-none-eabi/14.2 rel1/bin/../lib/gcc/arm-none-eabi/14.2.1/thumb/v7-m/nofp/crti.o
                0x0800b110                _fini
 .fini          0x0800b114        0x8 C:/PROGRA~2/Arm GNU Toolchain arm-none-eabi/14.2 rel1/bin/../lib/gcc/arm-none-eabi/14.2.1/thumb/v7-m/nofp/crtn.o
                0x0800b11c                        . = ALIGN (0x4)
                0x0800b11c                        _etext = .

.vfp11_veneer   0x0800b11c        0x0
 .vfp11_veneer  0x0800b11c        0x0 linker stubs

.v4_bx          0x0800b11c        0x0
 .v4_bx         0x0800b11c        0x0 linker stubs

.iplt           0x0800b11c        0x0
 .iplt          0x0800b11c        0x0 C:/PROGRA~2/Arm GNU Toolchain arm-none-eabi/14.2 rel1/bin/../lib/gcc/arm-none-eabi/14.2.1/thumb/v7-m/nofp/crtbegin.o

.rodata         0x0800b120      0xadc
                0x0800b120                        . = ALIGN (0x4)
 *(.rodata)
 *(.rodata*)
 .rodata.font16x16
                0x0800b120       0x10 CMakeFiles/myds.elf.dir/Core/Src/font.c.obj
                0x0800b120                font16x16
 .rodata.zh16x16
                0x0800b130       0x90 CMakeFiles/myds.elf.dir/Core/Src/font.c.obj
                0x0800b130                zh16x16
 .rodata.afont16x8
                0x0800b1c0        0x8 CMakeFiles/myds.elf.dir/Core/Src/font.c.obj
                0x0800b1c0                afont16x8
 .rodata.ascii_16x8
                0x0800b1c8      0x5f0 CMakeFiles/myds.elf.dir/Core/Src/font.c.obj
                0x0800b1c8                ascii_16x8
 .rodata.main.str1.4
                0x0800b7b8      0x1bf CMakeFiles/myds.elf.dir/Core/Src/main.c.obj
                                 0x16 (size before relaxing)
 *fill*         0x0800b977        0x1 
 .rodata.APBPrescTable
                0x0800b978        0x8 CMakeFiles/myds.elf.dir/Core/Src/system_stm32f1xx.c.obj
                0x0800b978                APBPrescTable
 .rodata.AHBPrescTable
                0x0800b980       0x10 CMakeFiles/myds.elf.dir/Core/Src/system_stm32f1xx.c.obj
                0x0800b980                AHBPrescTable
 .rodata.aPredivFactorTable.0
                0x0800b990        0x2 CMakeFiles/myds.elf.dir/Drivers/STM32F1xx_HAL_Driver/Src/stm32f1xx_hal_rcc.c.obj
 *fill*         0x0800b992        0x2 
 .rodata.aPLLMULFactorTable.1
                0x0800b994       0x10 CMakeFiles/myds.elf.dir/Drivers/STM32F1xx_HAL_Driver/Src/stm32f1xx_hal_rcc.c.obj
 .rodata.aPredivFactorTable.0
                0x0800b9a4        0x2 CMakeFiles/myds.elf.dir/Drivers/STM32F1xx_HAL_Driver/Src/stm32f1xx_hal_rcc_ex.c.obj
 *fill*         0x0800b9a6        0x2 
 .rodata.aPLLMULFactorTable.1
                0x0800b9a8       0x10 CMakeFiles/myds.elf.dir/Drivers/STM32F1xx_HAL_Driver/Src/stm32f1xx_hal_rcc_ex.c.obj
 .rodata._svfprintf_r.str1.4
                0x0800b9b8       0x42 C:/PROGRA~2/Arm GNU Toolchain arm-none-eabi/14.2 rel1/bin/../lib/gcc/arm-none-eabi/14.2.1/thumb/v7-m/nofp\libg.a(libc_a-svfprintf.o)
 .rodata.zeroes.0
                0x0800b9b8       0x10 C:/PROGRA~2/Arm GNU Toolchain arm-none-eabi/14.2 rel1/bin/../lib/gcc/arm-none-eabi/14.2.1/thumb/v7-m/nofp\libg.a(libc_a-svfprintf.o)
 .rodata.blanks.1
                0x0800b9c8       0x10 C:/PROGRA~2/Arm GNU Toolchain arm-none-eabi/14.2 rel1/bin/../lib/gcc/arm-none-eabi/14.2.1/thumb/v7-m/nofp\libg.a(libc_a-svfprintf.o)
 .rodata.str1.4
                0x0800b9d8       0x4c C:/PROGRA~2/Arm GNU Toolchain arm-none-eabi/14.2 rel1/bin/../lib/gcc/arm-none-eabi/14.2.1/thumb/v7-m/nofp\libg.a(libc_a-locale.o)
 .rodata._dtoa_r.str1.4
                0x0800b9d8       0x83 C:/PROGRA~2/Arm GNU Toolchain arm-none-eabi/14.2 rel1/bin/../lib/gcc/arm-none-eabi/14.2.1/thumb/v7-m/nofp\libg.a(libc_a-dtoa.o)
 .rodata.__multadd.str1.4
                0x0800b9d8       0x70 C:/PROGRA~2/Arm GNU Toolchain arm-none-eabi/14.2 rel1/bin/../lib/gcc/arm-none-eabi/14.2.1/thumb/v7-m/nofp\libg.a(libc_a-mprec.o)
 .rodata.p05.0  0x0800b9d8        0xc C:/PROGRA~2/Arm GNU Toolchain arm-none-eabi/14.2 rel1/bin/../lib/gcc/arm-none-eabi/14.2.1/thumb/v7-m/nofp\libg.a(libc_a-mprec.o)
 *fill*         0x0800b9e4        0x4 
 .rodata.__mprec_bigtens
                0x0800b9e8       0x28 C:/PROGRA~2/Arm GNU Toolchain arm-none-eabi/14.2 rel1/bin/../lib/gcc/arm-none-eabi/14.2.1/thumb/v7-m/nofp\libg.a(libc_a-mprec.o)
                0x0800b9e8                __mprec_bigtens
 .rodata.__mprec_tens
                0x0800ba10       0xc8 C:/PROGRA~2/Arm GNU Toolchain arm-none-eabi/14.2 rel1/bin/../lib/gcc/arm-none-eabi/14.2.1/thumb/v7-m/nofp\libg.a(libc_a-mprec.o)
                0x0800ba10                __mprec_tens
 .rodata._ctype_
                0x0800bad8      0x101 C:/PROGRA~2/Arm GNU Toolchain arm-none-eabi/14.2 rel1/bin/../lib/gcc/arm-none-eabi/14.2.1/thumb/v7-m/nofp\libg.a(libc_a-ctype_.o)
                0x0800bad8                _ctype_
 .rodata.__assert_func.str1.4
                0x0800bbd9       0x43 C:/PROGRA~2/Arm GNU Toolchain arm-none-eabi/14.2 rel1/bin/../lib/gcc/arm-none-eabi/14.2.1/thumb/v7-m/nofp\libg.a(libc_a-assert.o)
 .rodata._vfiprintf_r.str1.4
                0x0800bbd9       0x2f C:/PROGRA~2/Arm GNU Toolchain arm-none-eabi/14.2 rel1/bin/../lib/gcc/arm-none-eabi/14.2.1/thumb/v7-m/nofp\libg.a(libc_a-vfiprintf.o)
 *fill*         0x0800bbd9        0x3 
 .rodata.zeroes.0
                0x0800bbdc       0x10 C:/PROGRA~2/Arm GNU Toolchain arm-none-eabi/14.2 rel1/bin/../lib/gcc/arm-none-eabi/14.2.1/thumb/v7-m/nofp\libg.a(libc_a-vfiprintf.o)
 .rodata.blanks.1
                0x0800bbec       0x10 C:/PROGRA~2/Arm GNU Toolchain arm-none-eabi/14.2 rel1/bin/../lib/gcc/arm-none-eabi/14.2.1/thumb/v7-m/nofp\libg.a(libc_a-vfiprintf.o)
                0x0800bbfc                        . = ALIGN (0x4)

.ARM.extab      0x0800bbfc        0x0
                0x0800bbfc                        . = ALIGN (0x4)
 *(.ARM.extab* .gnu.linkonce.armextab.*)
                0x0800bbfc                        . = ALIGN (0x4)

.ARM            0x0800bbfc        0x8
                0x0800bbfc                        . = ALIGN (0x4)
                0x0800bbfc                        __exidx_start = .
 *(.ARM.exidx*)
 .ARM.exidx     0x0800bbfc        0x8 C:/PROGRA~2/Arm GNU Toolchain arm-none-eabi/14.2 rel1/bin/../lib/gcc/arm-none-eabi/14.2.1/thumb/v7-m/nofp\libg.a(libc_a-memcpy.o)
                0x0800bc04                        __exidx_end = .
                0x0800bc04                        . = ALIGN (0x4)

.preinit_array  0x0800bc04        0x0
                0x0800bc04                        . = ALIGN (0x4)
                0x0800bc04                        PROVIDE (__preinit_array_start = .)
 *(.preinit_array*)
                0x0800bc04                        PROVIDE (__preinit_array_end = .)
                0x0800bc04                        . = ALIGN (0x4)

.init_array     0x0800bc04        0x8
                0x0800bc04                        . = ALIGN (0x4)
                0x0800bc04                        PROVIDE (__init_array_start = .)
 *(SORT_BY_NAME(.init_array.*))
 .init_array.00000
                0x0800bc04        0x4 C:/PROGRA~2/Arm GNU Toolchain arm-none-eabi/14.2 rel1/bin/../lib/gcc/arm-none-eabi/14.2.1/thumb/v7-m/nofp\libg.a(libc_a-__call_atexit.o)
 *(.init_array*)
 .init_array    0x0800bc08        0x4 C:/PROGRA~2/Arm GNU Toolchain arm-none-eabi/14.2 rel1/bin/../lib/gcc/arm-none-eabi/14.2.1/thumb/v7-m/nofp/crtbegin.o
                0x0800bc0c                        PROVIDE (__init_array_end = .)
                0x0800bc0c                        . = ALIGN (0x4)

.fini_array     0x0800bc0c        0x4
                0x0800bc0c                        . = ALIGN (0x4)
                0x0800bc0c                        PROVIDE (__fini_array_start = .)
 *(SORT_BY_NAME(.fini_array.*))
 *(.fini_array*)
 .fini_array    0x0800bc0c        0x4 C:/PROGRA~2/Arm GNU Toolchain arm-none-eabi/14.2 rel1/bin/../lib/gcc/arm-none-eabi/14.2.1/thumb/v7-m/nofp/crtbegin.o
                0x0800bc10                        PROVIDE (__fini_array_end = .)
                0x0800bc10                        . = ALIGN (0x4)
                0x0800bc10                        _sidata = LOADADDR (.data)

.rel.dyn        0x0800bc10        0x0
 .rel.iplt      0x0800bc10        0x0 C:/PROGRA~2/Arm GNU Toolchain arm-none-eabi/14.2 rel1/bin/../lib/gcc/arm-none-eabi/14.2.1/thumb/v7-m/nofp/crtbegin.o

.data           0x20000000      0x6e4 load address 0x0800bc10
                0x20000000                        . = ALIGN (0x4)
                0x20000000                        _sdata = .
 *(.data)
 *(.data*)
 .data.SystemCoreClock
                0x20000000        0x4 CMakeFiles/myds.elf.dir/Core/Src/system_stm32f1xx.c.obj
                0x20000000                SystemCoreClock
 .data.uwTickFreq
                0x20000004        0x1 CMakeFiles/myds.elf.dir/Drivers/STM32F1xx_HAL_Driver/Src/stm32f1xx_hal.c.obj
                0x20000004                uwTickFreq
 *fill*         0x20000005        0x3 
 .data.uwTickPrio
                0x20000008        0x4 CMakeFiles/myds.elf.dir/Drivers/STM32F1xx_HAL_Driver/Src/stm32f1xx_hal.c.obj
                0x20000008                uwTickPrio
 .data.__sglue  0x2000000c        0xc C:/PROGRA~2/Arm GNU Toolchain arm-none-eabi/14.2 rel1/bin/../lib/gcc/arm-none-eabi/14.2.1/thumb/v7-m/nofp\libg.a(libc_a-findfp.o)
                0x2000000c                __sglue
 .data._impure_ptr
                0x20000018        0x4 C:/PROGRA~2/Arm GNU Toolchain arm-none-eabi/14.2 rel1/bin/../lib/gcc/arm-none-eabi/14.2.1/thumb/v7-m/nofp\libg.a(libc_a-impure.o)
                0x20000018                _impure_ptr
 *fill*         0x2000001c        0x4 
 .data._impure_data
                0x20000020      0x140 C:/PROGRA~2/Arm GNU Toolchain arm-none-eabi/14.2 rel1/bin/../lib/gcc/arm-none-eabi/14.2.1/thumb/v7-m/nofp\libg.a(libc_a-impure.o)
                0x20000020                _impure_data
 .data.__atexit_recursive_mutex
                0x20000160        0x4 C:/PROGRA~2/Arm GNU Toolchain arm-none-eabi/14.2 rel1/bin/../lib/gcc/arm-none-eabi/14.2.1/thumb/v7-m/nofp\libg.a(libc_a-__call_atexit.o)
                0x20000160                __atexit_recursive_mutex
 .data.__malloc_sbrk_base
                0x20000164        0x4 C:/PROGRA~2/Arm GNU Toolchain arm-none-eabi/14.2 rel1/bin/../lib/gcc/arm-none-eabi/14.2.1/thumb/v7-m/nofp\libg.a(libc_a-mallocr.o)
                0x20000164                __malloc_sbrk_base
 .data.__malloc_trim_threshold
                0x20000168        0x4 C:/PROGRA~2/Arm GNU Toolchain arm-none-eabi/14.2 rel1/bin/../lib/gcc/arm-none-eabi/14.2.1/thumb/v7-m/nofp\libg.a(libc_a-mallocr.o)
                0x20000168                __malloc_trim_threshold
 *fill*         0x2000016c        0x4 
 .data.__malloc_av_
                0x20000170      0x408 C:/PROGRA~2/Arm GNU Toolchain arm-none-eabi/14.2 rel1/bin/../lib/gcc/arm-none-eabi/14.2.1/thumb/v7-m/nofp\libg.a(libc_a-mallocr.o)
                0x20000170                __malloc_av_
 .data.__global_locale
                0x20000578      0x16c C:/PROGRA~2/Arm GNU Toolchain arm-none-eabi/14.2 rel1/bin/../lib/gcc/arm-none-eabi/14.2.1/thumb/v7-m/nofp\libg.a(libc_a-locale.o)
                0x20000578                __global_locale
 *(.RamFunc)
 *(.RamFunc*)
                0x200006e4                        . = ALIGN (0x4)
                0x200006e4                        _edata = .

.tm_clone_table
                0x200006e4        0x0 load address 0x0800c2f4
 .tm_clone_table
                0x200006e4        0x0 C:/PROGRA~2/Arm GNU Toolchain arm-none-eabi/14.2 rel1/bin/../lib/gcc/arm-none-eabi/14.2.1/thumb/v7-m/nofp/crtbegin.o
 .tm_clone_table
                0x200006e4        0x0 C:/PROGRA~2/Arm GNU Toolchain arm-none-eabi/14.2 rel1/bin/../lib/gcc/arm-none-eabi/14.2.1/thumb/v7-m/nofp/crtend.o

.igot.plt       0x200006e4        0x0 load address 0x0800c2f4
 .igot.plt      0x200006e4        0x0 C:/PROGRA~2/Arm GNU Toolchain arm-none-eabi/14.2 rel1/bin/../lib/gcc/arm-none-eabi/14.2.1/thumb/v7-m/nofp/crtbegin.o
                0x200006e4                        . = ALIGN (0x4)

.bss            0x200006e4      0x9dc load address 0x0800c2f4
                0x200006e4                        _sbss = .
                0x200006e4                        __bss_start__ = _sbss
 *(.bss)
 *(.bss*)
 .bss.completed.1
                0x200006e4        0x1 C:/PROGRA~2/Arm GNU Toolchain arm-none-eabi/14.2 rel1/bin/../lib/gcc/arm-none-eabi/14.2.1/thumb/v7-m/nofp/crtbegin.o
 *fill*         0x200006e5        0x3 
 .bss.object.0  0x200006e8       0x18 C:/PROGRA~2/Arm GNU Toolchain arm-none-eabi/14.2 rel1/bin/../lib/gcc/arm-none-eabi/14.2.1/thumb/v7-m/nofp/crtbegin.o
 .bss.Turn_PID2
                0x20000700       0x2c CMakeFiles/myds.elf.dir/Core/Src/PID.c.obj
                0x20000700                Turn_PID2
 .bss.Turn_PID1
                0x2000072c       0x2c CMakeFiles/myds.elf.dir/Core/Src/PID.c.obj
                0x2000072c                Turn_PID1
 .bss.hadc1     0x20000758       0x30 CMakeFiles/myds.elf.dir/Core/Src/adc.c.obj
                0x20000758                hadc1
 .bss.hi2c1     0x20000788       0x54 CMakeFiles/myds.elf.dir/Core/Src/i2c.c.obj
                0x20000788                hi2c1
 .bss.adc       0x200007dc       0x28 CMakeFiles/myds.elf.dir/Core/Src/main.c.obj
                0x200007dc                adc
 .bss.adc_result
                0x20000804        0x4 CMakeFiles/myds.elf.dir/Core/Src/main.c.obj
                0x20000804                adc_result
 .bss.adc_value
                0x20000808        0x4 CMakeFiles/myds.elf.dir/Core/Src/main.c.obj
                0x20000808                adc_value
 .bss.message_adc
                0x2000080c       0x14 CMakeFiles/myds.elf.dir/Core/Src/main.c.obj
                0x2000080c                message_adc
 .bss.Encoder_Integral
                0x20000820        0x4 CMakeFiles/myds.elf.dir/Core/Src/main.c.obj
                0x20000820                Encoder_Integral
 .bss.Encoder_Angle
                0x20000824        0x4 CMakeFiles/myds.elf.dir/Core/Src/main.c.obj
                0x20000824                Encoder_Angle
 .bss.Encoder_Cnt
                0x20000828        0x4 CMakeFiles/myds.elf.dir/Core/Src/main.c.obj
                0x20000828                Encoder_Cnt
 .bss.message_encoder
                0x2000082c       0x14 CMakeFiles/myds.elf.dir/Core/Src/main.c.obj
                0x2000082c                message_encoder
 .bss.temp.1    0x20000840        0x1 CMakeFiles/myds.elf.dir/Core/Src/oled.c.obj
 *fill*         0x20000841        0x3 
 .bss.sendBuffer.2
                0x20000844       0x81 CMakeFiles/myds.elf.dir/Core/Src/oled.c.obj
 *fill*         0x200008c5        0x3 
 .bss.sendBuffer.3
                0x200008c8        0x2 CMakeFiles/myds.elf.dir/Core/Src/oled.c.obj
 *fill*         0x200008ca        0x2 
 .bss.OLED_GRAM
                0x200008cc      0x400 CMakeFiles/myds.elf.dir/Core/Src/oled.c.obj
                0x200008cc                OLED_GRAM
 .bss.__sbrk_heap_end
                0x20000ccc        0x4 CMakeFiles/myds.elf.dir/Core/Src/sysmem.c.obj
 .bss.htim4     0x20000cd0       0x48 CMakeFiles/myds.elf.dir/Core/Src/tim.c.obj
                0x20000cd0                htim4
 .bss.htim3     0x20000d18       0x48 CMakeFiles/myds.elf.dir/Core/Src/tim.c.obj
                0x20000d18                htim3
 .bss.htim2     0x20000d60       0x48 CMakeFiles/myds.elf.dir/Core/Src/tim.c.obj
                0x20000d60                htim2
 .bss.uwTick    0x20000da8        0x4 CMakeFiles/myds.elf.dir/Drivers/STM32F1xx_HAL_Driver/Src/stm32f1xx_hal.c.obj
                0x20000da8                uwTick
 .bss.__sf      0x20000dac      0x138 C:/PROGRA~2/Arm GNU Toolchain arm-none-eabi/14.2 rel1/bin/../lib/gcc/arm-none-eabi/14.2.1/thumb/v7-m/nofp\libg.a(libc_a-findfp.o)
                0x20000dac                __sf
 .bss.__stdio_exit_handler
                0x20000ee4        0x4 C:/PROGRA~2/Arm GNU Toolchain arm-none-eabi/14.2 rel1/bin/../lib/gcc/arm-none-eabi/14.2.1/thumb/v7-m/nofp\libg.a(libc_a-findfp.o)
                0x20000ee4                __stdio_exit_handler
 .bss.errno     0x20000ee8        0x4 C:/PROGRA~2/Arm GNU Toolchain arm-none-eabi/14.2 rel1/bin/../lib/gcc/arm-none-eabi/14.2.1/thumb/v7-m/nofp\libg.a(libc_a-reent.o)
                0x20000ee8                errno
 .bss.__lock___malloc_recursive_mutex
                0x20000eec        0x1 C:/PROGRA~2/Arm GNU Toolchain arm-none-eabi/14.2 rel1/bin/../lib/gcc/arm-none-eabi/14.2.1/thumb/v7-m/nofp\libg.a(libc_a-lock.o)
                0x20000eec                __lock___malloc_recursive_mutex
 *fill*         0x20000eed        0x3 
 .bss.__lock___atexit_recursive_mutex
                0x20000ef0        0x1 C:/PROGRA~2/Arm GNU Toolchain arm-none-eabi/14.2 rel1/bin/../lib/gcc/arm-none-eabi/14.2.1/thumb/v7-m/nofp\libg.a(libc_a-lock.o)
                0x20000ef0                __lock___atexit_recursive_mutex
 *fill*         0x20000ef1        0x3 
 .bss.__lock___sfp_recursive_mutex
                0x20000ef4        0x1 C:/PROGRA~2/Arm GNU Toolchain arm-none-eabi/14.2 rel1/bin/../lib/gcc/arm-none-eabi/14.2.1/thumb/v7-m/nofp\libg.a(libc_a-lock.o)
                0x20000ef4                __lock___sfp_recursive_mutex
 *fill*         0x20000ef5        0x3 
 .bss.__atexit  0x20000ef8        0x4 C:/PROGRA~2/Arm GNU Toolchain arm-none-eabi/14.2 rel1/bin/../lib/gcc/arm-none-eabi/14.2.1/thumb/v7-m/nofp\libg.a(libc_a-__call_atexit.o)
                0x20000ef8                __atexit
 .bss.__malloc_current_mallinfo
                0x20000efc       0x28 C:/PROGRA~2/Arm GNU Toolchain arm-none-eabi/14.2 rel1/bin/../lib/gcc/arm-none-eabi/14.2.1/thumb/v7-m/nofp\libg.a(libc_a-mallocr.o)
                0x20000efc                __malloc_current_mallinfo
 .bss.__malloc_max_total_mem
                0x20000f24        0x4 C:/PROGRA~2/Arm GNU Toolchain arm-none-eabi/14.2 rel1/bin/../lib/gcc/arm-none-eabi/14.2.1/thumb/v7-m/nofp\libg.a(libc_a-mallocr.o)
                0x20000f24                __malloc_max_total_mem
 .bss.__malloc_max_sbrked_mem
                0x20000f28        0x4 C:/PROGRA~2/Arm GNU Toolchain arm-none-eabi/14.2 rel1/bin/../lib/gcc/arm-none-eabi/14.2.1/thumb/v7-m/nofp\libg.a(libc_a-mallocr.o)
                0x20000f28                __malloc_max_sbrked_mem
 .bss.__malloc_top_pad
                0x20000f2c        0x4 C:/PROGRA~2/Arm GNU Toolchain arm-none-eabi/14.2 rel1/bin/../lib/gcc/arm-none-eabi/14.2.1/thumb/v7-m/nofp\libg.a(libc_a-mallocr.o)
                0x20000f2c                __malloc_top_pad
 .bss.__atexit0
                0x20000f30      0x190 C:/PROGRA~2/Arm GNU Toolchain arm-none-eabi/14.2 rel1/bin/../lib/gcc/arm-none-eabi/14.2.1/thumb/v7-m/nofp\libg.a(libc_a-__atexit.o)
                0x20000f30                __atexit0
 *(COMMON)
                0x200010c0                        . = ALIGN (0x4)
                0x200010c0                        _ebss = .
                0x200010c0                        __bss_end__ = _ebss

._user_heap_stack
                0x200010c0      0x600 load address 0x0800c2f4
                0x200010c0                        . = ALIGN (0x8)
                [!provide]                        PROVIDE (end = .)
                0x200010c0                        PROVIDE (_end = .)
                0x200012c0                        . = (. + _Min_Heap_Size)
 *fill*         0x200010c0      0x200 
                0x200016c0                        . = (. + _Min_Stack_Size)
 *fill*         0x200012c0      0x400 
                0x200016c0                        . = ALIGN (0x8)

/DISCARD/
 libc.a(*)
 libm.a(*)
 libgcc.a(*)

.ARM.attributes
                0x00000000       0x29
 *(.ARM.attributes)
 .ARM.attributes
                0x00000000       0x1d C:/PROGRA~2/Arm GNU Toolchain arm-none-eabi/14.2 rel1/bin/../lib/gcc/arm-none-eabi/14.2.1/thumb/v7-m/nofp/crti.o
 .ARM.attributes
                0x0000001d       0x2d C:/PROGRA~2/Arm GNU Toolchain arm-none-eabi/14.2 rel1/bin/../lib/gcc/arm-none-eabi/14.2.1/thumb/v7-m/nofp/crtbegin.o
 .ARM.attributes
                0x0000004a       0x2d CMakeFiles/myds.elf.dir/Core/Src/PID.c.obj
 .ARM.attributes
                0x00000077       0x2d CMakeFiles/myds.elf.dir/Core/Src/adc.c.obj
 .ARM.attributes
                0x000000a4       0x2d CMakeFiles/myds.elf.dir/Core/Src/encoder.c.obj
 .ARM.attributes
                0x000000d1       0x2d CMakeFiles/myds.elf.dir/Core/Src/font.c.obj
 .ARM.attributes
                0x000000fe       0x2d CMakeFiles/myds.elf.dir/Core/Src/gpio.c.obj
 .ARM.attributes
                0x0000012b       0x2d CMakeFiles/myds.elf.dir/Core/Src/i2c.c.obj
 .ARM.attributes
                0x00000158       0x2d CMakeFiles/myds.elf.dir/Core/Src/main.c.obj
 .ARM.attributes
                0x00000185       0x2d CMakeFiles/myds.elf.dir/Core/Src/motor.c.obj
 .ARM.attributes
                0x000001b2       0x2d CMakeFiles/myds.elf.dir/Core/Src/oled.c.obj
 .ARM.attributes
                0x000001df       0x2d CMakeFiles/myds.elf.dir/Core/Src/stm32f1xx_hal_msp.c.obj
 .ARM.attributes
                0x0000020c       0x2d CMakeFiles/myds.elf.dir/Core/Src/stm32f1xx_it.c.obj
 .ARM.attributes
                0x00000239       0x2d CMakeFiles/myds.elf.dir/Core/Src/syscalls.c.obj
 .ARM.attributes
                0x00000266       0x2d CMakeFiles/myds.elf.dir/Core/Src/sysmem.c.obj
 .ARM.attributes
                0x00000293       0x2d CMakeFiles/myds.elf.dir/Core/Src/system_stm32f1xx.c.obj
 .ARM.attributes
                0x000002c0       0x2d CMakeFiles/myds.elf.dir/Core/Src/tim.c.obj
 .ARM.attributes
                0x000002ed       0x21 CMakeFiles/myds.elf.dir/Core/Startup/startup_stm32f103c8tx.s.obj
 .ARM.attributes
                0x0000030e       0x2d CMakeFiles/myds.elf.dir/Drivers/STM32F1xx_HAL_Driver/Src/stm32f1xx_hal.c.obj
 .ARM.attributes
                0x0000033b       0x2d CMakeFiles/myds.elf.dir/Drivers/STM32F1xx_HAL_Driver/Src/stm32f1xx_hal_adc.c.obj
 .ARM.attributes
                0x00000368       0x2d CMakeFiles/myds.elf.dir/Drivers/STM32F1xx_HAL_Driver/Src/stm32f1xx_hal_adc_ex.c.obj
 .ARM.attributes
                0x00000395       0x2d CMakeFiles/myds.elf.dir/Drivers/STM32F1xx_HAL_Driver/Src/stm32f1xx_hal_cortex.c.obj
 .ARM.attributes
                0x000003c2       0x2d CMakeFiles/myds.elf.dir/Drivers/STM32F1xx_HAL_Driver/Src/stm32f1xx_hal_gpio.c.obj
 .ARM.attributes
                0x000003ef       0x2d CMakeFiles/myds.elf.dir/Drivers/STM32F1xx_HAL_Driver/Src/stm32f1xx_hal_i2c.c.obj
 .ARM.attributes
                0x0000041c       0x2d CMakeFiles/myds.elf.dir/Drivers/STM32F1xx_HAL_Driver/Src/stm32f1xx_hal_rcc.c.obj
 .ARM.attributes
                0x00000449       0x2d CMakeFiles/myds.elf.dir/Drivers/STM32F1xx_HAL_Driver/Src/stm32f1xx_hal_rcc_ex.c.obj
 .ARM.attributes
                0x00000476       0x2d CMakeFiles/myds.elf.dir/Drivers/STM32F1xx_HAL_Driver/Src/stm32f1xx_hal_tim.c.obj
 .ARM.attributes
                0x000004a3       0x2d CMakeFiles/myds.elf.dir/Drivers/STM32F1xx_HAL_Driver/Src/stm32f1xx_hal_tim_ex.c.obj
 .ARM.attributes
                0x000004d0       0x1d C:/PROGRA~2/Arm GNU Toolchain arm-none-eabi/14.2 rel1/bin/../lib/gcc/arm-none-eabi/14.2.1/thumb/v7-m/nofp\libgcc.a(_arm_addsubdf3.o)
 .ARM.attributes
                0x000004ed       0x1d C:/PROGRA~2/Arm GNU Toolchain arm-none-eabi/14.2 rel1/bin/../lib/gcc/arm-none-eabi/14.2.1/thumb/v7-m/nofp\libgcc.a(_arm_muldivdf3.o)
 .ARM.attributes
                0x0000050a       0x1d C:/PROGRA~2/Arm GNU Toolchain arm-none-eabi/14.2 rel1/bin/../lib/gcc/arm-none-eabi/14.2.1/thumb/v7-m/nofp\libgcc.a(_arm_fixdfsi.o)
 .ARM.attributes
                0x00000527       0x1d C:/PROGRA~2/Arm GNU Toolchain arm-none-eabi/14.2 rel1/bin/../lib/gcc/arm-none-eabi/14.2.1/thumb/v7-m/nofp\libgcc.a(_arm_truncdfsf2.o)
 .ARM.attributes
                0x00000544       0x1d C:/PROGRA~2/Arm GNU Toolchain arm-none-eabi/14.2 rel1/bin/../lib/gcc/arm-none-eabi/14.2.1/thumb/v7-m/nofp\libgcc.a(_arm_addsubsf3.o)
 .ARM.attributes
                0x00000561       0x1d C:/PROGRA~2/Arm GNU Toolchain arm-none-eabi/14.2 rel1/bin/../lib/gcc/arm-none-eabi/14.2.1/thumb/v7-m/nofp\libgcc.a(_arm_muldivsf3.o)
 .ARM.attributes
                0x0000057e       0x1d C:/PROGRA~2/Arm GNU Toolchain arm-none-eabi/14.2 rel1/bin/../lib/gcc/arm-none-eabi/14.2.1/thumb/v7-m/nofp\libgcc.a(_arm_cmpsf2.o)
 .ARM.attributes
                0x0000059b       0x1d C:/PROGRA~2/Arm GNU Toolchain arm-none-eabi/14.2 rel1/bin/../lib/gcc/arm-none-eabi/14.2.1/thumb/v7-m/nofp\libgcc.a(_arm_fixsfsi.o)
 .ARM.attributes
                0x000005b8       0x2d C:/PROGRA~2/Arm GNU Toolchain arm-none-eabi/14.2 rel1/bin/../lib/gcc/arm-none-eabi/14.2.1/thumb/v7-m/nofp\libg.a(libc_a-findfp.o)
 .ARM.attributes
                0x000005e5       0x2d C:/PROGRA~2/Arm GNU Toolchain arm-none-eabi/14.2 rel1/bin/../lib/gcc/arm-none-eabi/14.2.1/thumb/v7-m/nofp\libg.a(libc_a-fwalk.o)
 .ARM.attributes
                0x00000612       0x2d C:/PROGRA~2/Arm GNU Toolchain arm-none-eabi/14.2 rel1/bin/../lib/gcc/arm-none-eabi/14.2.1/thumb/v7-m/nofp\libg.a(libc_a-sprintf.o)
 .ARM.attributes
                0x0000063f       0x2d C:/PROGRA~2/Arm GNU Toolchain arm-none-eabi/14.2 rel1/bin/../lib/gcc/arm-none-eabi/14.2.1/thumb/v7-m/nofp\libg.a(libc_a-stdio.o)
 .ARM.attributes
                0x0000066c       0x2d C:/PROGRA~2/Arm GNU Toolchain arm-none-eabi/14.2 rel1/bin/../lib/gcc/arm-none-eabi/14.2.1/thumb/v7-m/nofp\libg.a(libc_a-memcmp.o)
 .ARM.attributes
                0x00000699       0x2d C:/PROGRA~2/Arm GNU Toolchain arm-none-eabi/14.2 rel1/bin/../lib/gcc/arm-none-eabi/14.2.1/thumb/v7-m/nofp\libg.a(libc_a-memset.o)
 .ARM.attributes
                0x000006c6       0x2d C:/PROGRA~2/Arm GNU Toolchain arm-none-eabi/14.2 rel1/bin/../lib/gcc/arm-none-eabi/14.2.1/thumb/v7-m/nofp\libg.a(libc_a-closer.o)
 .ARM.attributes
                0x000006f3       0x2d C:/PROGRA~2/Arm GNU Toolchain arm-none-eabi/14.2 rel1/bin/../lib/gcc/arm-none-eabi/14.2.1/thumb/v7-m/nofp\libg.a(libc_a-reent.o)
 .ARM.attributes
                0x00000720       0x2d C:/PROGRA~2/Arm GNU Toolchain arm-none-eabi/14.2 rel1/bin/../lib/gcc/arm-none-eabi/14.2.1/thumb/v7-m/nofp\libg.a(libc_a-impure.o)
 .ARM.attributes
                0x0000074d       0x2d C:/PROGRA~2/Arm GNU Toolchain arm-none-eabi/14.2 rel1/bin/../lib/gcc/arm-none-eabi/14.2.1/thumb/v7-m/nofp\libg.a(libc_a-lseekr.o)
 .ARM.attributes
                0x0000077a       0x2d C:/PROGRA~2/Arm GNU Toolchain arm-none-eabi/14.2 rel1/bin/../lib/gcc/arm-none-eabi/14.2.1/thumb/v7-m/nofp\libg.a(libc_a-readr.o)
 .ARM.attributes
                0x000007a7       0x2d C:/PROGRA~2/Arm GNU Toolchain arm-none-eabi/14.2 rel1/bin/../lib/gcc/arm-none-eabi/14.2.1/thumb/v7-m/nofp\libg.a(libc_a-writer.o)
 .ARM.attributes
                0x000007d4       0x2d C:/PROGRA~2/Arm GNU Toolchain arm-none-eabi/14.2 rel1/bin/../lib/gcc/arm-none-eabi/14.2.1/thumb/v7-m/nofp\libg.a(libc_a-errno.o)
 .ARM.attributes
                0x00000801       0x2d C:/PROGRA~2/Arm GNU Toolchain arm-none-eabi/14.2 rel1/bin/../lib/gcc/arm-none-eabi/14.2.1/thumb/v7-m/nofp\libg.a(libc_a-init.o)
 .ARM.attributes
                0x0000082e       0x2d C:/PROGRA~2/Arm GNU Toolchain arm-none-eabi/14.2 rel1/bin/../lib/gcc/arm-none-eabi/14.2.1/thumb/v7-m/nofp\libg.a(libc_a-lock.o)
 .ARM.attributes
                0x0000085b       0x1b C:/PROGRA~2/Arm GNU Toolchain arm-none-eabi/14.2 rel1/bin/../lib/gcc/arm-none-eabi/14.2.1/thumb/v7-m/nofp\libg.a(libc_a-memcpy.o)
 .ARM.attributes
                0x00000876       0x2d C:/PROGRA~2/Arm GNU Toolchain arm-none-eabi/14.2 rel1/bin/../lib/gcc/arm-none-eabi/14.2.1/thumb/v7-m/nofp\libg.a(libc_a-__call_atexit.o)
 .ARM.attributes
                0x000008a3       0x2d C:/PROGRA~2/Arm GNU Toolchain arm-none-eabi/14.2 rel1/bin/../lib/gcc/arm-none-eabi/14.2.1/thumb/v7-m/nofp\libg.a(libc_a-atexit.o)
 .ARM.attributes
                0x000008d0       0x2d C:/PROGRA~2/Arm GNU Toolchain arm-none-eabi/14.2 rel1/bin/../lib/gcc/arm-none-eabi/14.2.1/thumb/v7-m/nofp\libg.a(libc_a-freer.o)
 .ARM.attributes
                0x000008fd       0x2d C:/PROGRA~2/Arm GNU Toolchain arm-none-eabi/14.2 rel1/bin/../lib/gcc/arm-none-eabi/14.2.1/thumb/v7-m/nofp\libg.a(libc_a-mallocr.o)
 .ARM.attributes
                0x0000092a       0x2d C:/PROGRA~2/Arm GNU Toolchain arm-none-eabi/14.2 rel1/bin/../lib/gcc/arm-none-eabi/14.2.1/thumb/v7-m/nofp\libg.a(libc_a-mlock.o)
 .ARM.attributes
                0x00000957       0x2d C:/PROGRA~2/Arm GNU Toolchain arm-none-eabi/14.2 rel1/bin/../lib/gcc/arm-none-eabi/14.2.1/thumb/v7-m/nofp\libg.a(libc_a-svfprintf.o)
 .ARM.attributes
                0x00000984       0x2d C:/PROGRA~2/Arm GNU Toolchain arm-none-eabi/14.2 rel1/bin/../lib/gcc/arm-none-eabi/14.2.1/thumb/v7-m/nofp\libg.a(libc_a-ssprint_r.o)
 .ARM.attributes
                0x000009b1       0x2d C:/PROGRA~2/Arm GNU Toolchain arm-none-eabi/14.2 rel1/bin/../lib/gcc/arm-none-eabi/14.2.1/thumb/v7-m/nofp\libg.a(libc_a-fclose.o)
 .ARM.attributes
                0x000009de       0x2d C:/PROGRA~2/Arm GNU Toolchain arm-none-eabi/14.2 rel1/bin/../lib/gcc/arm-none-eabi/14.2.1/thumb/v7-m/nofp\libg.a(libc_a-fflush.o)
 .ARM.attributes
                0x00000a0b       0x2d C:/PROGRA~2/Arm GNU Toolchain arm-none-eabi/14.2 rel1/bin/../lib/gcc/arm-none-eabi/14.2.1/thumb/v7-m/nofp\libg.a(libc_a-strncpy.o)
 .ARM.attributes
                0x00000a38       0x2d C:/PROGRA~2/Arm GNU Toolchain arm-none-eabi/14.2 rel1/bin/../lib/gcc/arm-none-eabi/14.2.1/thumb/v7-m/nofp\libg.a(libc_a-locale.o)
 .ARM.attributes
                0x00000a65       0x2d C:/PROGRA~2/Arm GNU Toolchain arm-none-eabi/14.2 rel1/bin/../lib/gcc/arm-none-eabi/14.2.1/thumb/v7-m/nofp\libg.a(libc_a-localeconv.o)
 .ARM.attributes
                0x00000a92       0x2d C:/PROGRA~2/Arm GNU Toolchain arm-none-eabi/14.2 rel1/bin/../lib/gcc/arm-none-eabi/14.2.1/thumb/v7-m/nofp\libg.a(libc_a-sbrkr.o)
 .ARM.attributes
                0x00000abf       0x2d C:/PROGRA~2/Arm GNU Toolchain arm-none-eabi/14.2 rel1/bin/../lib/gcc/arm-none-eabi/14.2.1/thumb/v7-m/nofp\libg.a(libc_a-fini.o)
 .ARM.attributes
                0x00000aec       0x2d C:/PROGRA~2/Arm GNU Toolchain arm-none-eabi/14.2 rel1/bin/../lib/gcc/arm-none-eabi/14.2.1/thumb/v7-m/nofp\libg.a(libc_a-sysconf.o)
 .ARM.attributes
                0x00000b19       0x2d C:/PROGRA~2/Arm GNU Toolchain arm-none-eabi/14.2 rel1/bin/../lib/gcc/arm-none-eabi/14.2.1/thumb/v7-m/nofp\libg.a(libc_a-memchr-stub.o)
 .ARM.attributes
                0x00000b46       0x2d C:/PROGRA~2/Arm GNU Toolchain arm-none-eabi/14.2 rel1/bin/../lib/gcc/arm-none-eabi/14.2.1/thumb/v7-m/nofp\libg.a(libc_a-strlen-stub.o)
 .ARM.attributes
                0x00000b73       0x2d C:/PROGRA~2/Arm GNU Toolchain arm-none-eabi/14.2 rel1/bin/../lib/gcc/arm-none-eabi/14.2.1/thumb/v7-m/nofp\libg.a(libm_a-s_frexp.o)
 .ARM.attributes
                0x00000ba0       0x2d C:/PROGRA~2/Arm GNU Toolchain arm-none-eabi/14.2 rel1/bin/../lib/gcc/arm-none-eabi/14.2.1/thumb/v7-m/nofp\libg.a(libc_a-__atexit.o)
 .ARM.attributes
                0x00000bcd       0x2d C:/PROGRA~2/Arm GNU Toolchain arm-none-eabi/14.2 rel1/bin/../lib/gcc/arm-none-eabi/14.2.1/thumb/v7-m/nofp\libg.a(libc_a-dtoa.o)
 .ARM.attributes
                0x00000bfa       0x2d C:/PROGRA~2/Arm GNU Toolchain arm-none-eabi/14.2 rel1/bin/../lib/gcc/arm-none-eabi/14.2.1/thumb/v7-m/nofp\libg.a(libc_a-mbtowc_r.o)
 .ARM.attributes
                0x00000c27       0x2d C:/PROGRA~2/Arm GNU Toolchain arm-none-eabi/14.2 rel1/bin/../lib/gcc/arm-none-eabi/14.2.1/thumb/v7-m/nofp\libg.a(libc_a-mprec.o)
 .ARM.attributes
                0x00000c54       0x2d C:/PROGRA~2/Arm GNU Toolchain arm-none-eabi/14.2 rel1/bin/../lib/gcc/arm-none-eabi/14.2.1/thumb/v7-m/nofp\libg.a(libc_a-wctomb_r.o)
 .ARM.attributes
                0x00000c81       0x2d C:/PROGRA~2/Arm GNU Toolchain arm-none-eabi/14.2 rel1/bin/../lib/gcc/arm-none-eabi/14.2.1/thumb/v7-m/nofp\libg.a(libc_a-wcrtomb.o)
 .ARM.attributes
                0x00000cae       0x2d C:/PROGRA~2/Arm GNU Toolchain arm-none-eabi/14.2 rel1/bin/../lib/gcc/arm-none-eabi/14.2.1/thumb/v7-m/nofp\libg.a(libc_a-wcsrtombs.o)
 .ARM.attributes
                0x00000cdb       0x2d C:/PROGRA~2/Arm GNU Toolchain arm-none-eabi/14.2 rel1/bin/../lib/gcc/arm-none-eabi/14.2.1/thumb/v7-m/nofp\libg.a(libc_a-ctype_.o)
 .ARM.attributes
                0x00000d08       0x2d C:/PROGRA~2/Arm GNU Toolchain arm-none-eabi/14.2 rel1/bin/../lib/gcc/arm-none-eabi/14.2.1/thumb/v7-m/nofp\libg.a(libc_a-ssputs_r.o)
 .ARM.attributes
                0x00000d35       0x2d C:/PROGRA~2/Arm GNU Toolchain arm-none-eabi/14.2 rel1/bin/../lib/gcc/arm-none-eabi/14.2.1/thumb/v7-m/nofp\libg.a(libc_a-memmove.o)
 .ARM.attributes
                0x00000d62       0x2d C:/PROGRA~2/Arm GNU Toolchain arm-none-eabi/14.2 rel1/bin/../lib/gcc/arm-none-eabi/14.2.1/thumb/v7-m/nofp\libg.a(libc_a-assert.o)
 .ARM.attributes
                0x00000d8f       0x2d C:/PROGRA~2/Arm GNU Toolchain arm-none-eabi/14.2 rel1/bin/../lib/gcc/arm-none-eabi/14.2.1/thumb/v7-m/nofp\libg.a(libc_a-callocr.o)
 .ARM.attributes
                0x00000dbc       0x2d C:/PROGRA~2/Arm GNU Toolchain arm-none-eabi/14.2 rel1/bin/../lib/gcc/arm-none-eabi/14.2.1/thumb/v7-m/nofp\libg.a(libc_a-reallocr.o)
 .ARM.attributes
                0x00000de9       0x2d C:/PROGRA~2/Arm GNU Toolchain arm-none-eabi/14.2 rel1/bin/../lib/gcc/arm-none-eabi/14.2.1/thumb/v7-m/nofp\libg.a(libc_a-wcsnrtombs.o)
 .ARM.attributes
                0x00000e16       0x2d C:/PROGRA~2/Arm GNU Toolchain arm-none-eabi/14.2 rel1/bin/../lib/gcc/arm-none-eabi/14.2.1/thumb/v7-m/nofp\libg.a(libc_a-fiprintf.o)
 .ARM.attributes
                0x00000e43       0x2d C:/PROGRA~2/Arm GNU Toolchain arm-none-eabi/14.2 rel1/bin/../lib/gcc/arm-none-eabi/14.2.1/thumb/v7-m/nofp\libg.a(libc_a-vfiprintf.o)
 .ARM.attributes
                0x00000e70       0x2d C:/PROGRA~2/Arm GNU Toolchain arm-none-eabi/14.2 rel1/bin/../lib/gcc/arm-none-eabi/14.2.1/thumb/v7-m/nofp\libg.a(libc_a-sprint_r.o)
 .ARM.attributes
                0x00000e9d       0x2d C:/PROGRA~2/Arm GNU Toolchain arm-none-eabi/14.2 rel1/bin/../lib/gcc/arm-none-eabi/14.2.1/thumb/v7-m/nofp\libg.a(libc_a-fvwrite.o)
 .ARM.attributes
                0x00000eca       0x2d C:/PROGRA~2/Arm GNU Toolchain arm-none-eabi/14.2 rel1/bin/../lib/gcc/arm-none-eabi/14.2.1/thumb/v7-m/nofp\libg.a(libc_a-wsetup.o)
 .ARM.attributes
                0x00000ef7       0x2d C:/PROGRA~2/Arm GNU Toolchain arm-none-eabi/14.2 rel1/bin/../lib/gcc/arm-none-eabi/14.2.1/thumb/v7-m/nofp\libg.a(libc_a-abort.o)
 .ARM.attributes
                0x00000f24       0x2d C:/PROGRA~2/Arm GNU Toolchain arm-none-eabi/14.2 rel1/bin/../lib/gcc/arm-none-eabi/14.2.1/thumb/v7-m/nofp\libg.a(libc_a-makebuf.o)
 .ARM.attributes
                0x00000f51       0x2d C:/PROGRA~2/Arm GNU Toolchain arm-none-eabi/14.2 rel1/bin/../lib/gcc/arm-none-eabi/14.2.1/thumb/v7-m/nofp\libg.a(libc_a-signal.o)
 .ARM.attributes
                0x00000f7e       0x2d C:/PROGRA~2/Arm GNU Toolchain arm-none-eabi/14.2 rel1/bin/../lib/gcc/arm-none-eabi/14.2.1/thumb/v7-m/nofp\libg.a(libc_a-fstatr.o)
 .ARM.attributes
                0x00000fab       0x2d C:/PROGRA~2/Arm GNU Toolchain arm-none-eabi/14.2 rel1/bin/../lib/gcc/arm-none-eabi/14.2.1/thumb/v7-m/nofp\libg.a(libc_a-isattyr.o)
 .ARM.attributes
                0x00000fd8       0x2d C:/PROGRA~2/Arm GNU Toolchain arm-none-eabi/14.2 rel1/bin/../lib/gcc/arm-none-eabi/14.2.1/thumb/v7-m/nofp\libg.a(libc_a-signalr.o)
 .ARM.attributes
                0x00001005       0x1d C:/PROGRA~2/Arm GNU Toolchain arm-none-eabi/14.2 rel1/bin/../lib/gcc/arm-none-eabi/14.2.1/thumb/v7-m/nofp\libgcc.a(_arm_cmpdf2.o)
 .ARM.attributes
                0x00001022       0x1d C:/PROGRA~2/Arm GNU Toolchain arm-none-eabi/14.2 rel1/bin/../lib/gcc/arm-none-eabi/14.2.1/thumb/v7-m/nofp\libgcc.a(_arm_unorddf2.o)
 .ARM.attributes
                0x0000103f       0x2d C:/PROGRA~2/Arm GNU Toolchain arm-none-eabi/14.2 rel1/bin/../lib/gcc/arm-none-eabi/14.2.1/thumb/v7-m/nofp/crtend.o
 .ARM.attributes
                0x0000106c       0x1d C:/PROGRA~2/Arm GNU Toolchain arm-none-eabi/14.2 rel1/bin/../lib/gcc/arm-none-eabi/14.2.1/thumb/v7-m/nofp/crtn.o
OUTPUT(myds.elf elf32-littlearm)
LOAD linker stubs
LOAD C:/PROGRA~2/Arm GNU Toolchain arm-none-eabi/14.2 rel1/bin/../lib/gcc/arm-none-eabi/14.2.1/thumb/v7-m/nofp\libc.a
LOAD C:/PROGRA~2/Arm GNU Toolchain arm-none-eabi/14.2 rel1/bin/../lib/gcc/arm-none-eabi/14.2.1/thumb/v7-m/nofp\libm.a
LOAD C:/PROGRA~2/Arm GNU Toolchain arm-none-eabi/14.2 rel1/bin/../lib/gcc/arm-none-eabi/14.2.1/thumb/v7-m/nofp\libgcc.a

.debug_info     0x00000000    0x156b0
 .debug_info    0x00000000      0x569 CMakeFiles/myds.elf.dir/Core/Src/PID.c.obj
 .debug_info    0x00000569      0x83a CMakeFiles/myds.elf.dir/Core/Src/adc.c.obj
 .debug_info    0x00000da3      0x618 CMakeFiles/myds.elf.dir/Core/Src/encoder.c.obj
 .debug_info    0x000013bb      0x301 CMakeFiles/myds.elf.dir/Core/Src/font.c.obj
 .debug_info    0x000016bc      0x325 CMakeFiles/myds.elf.dir/Core/Src/gpio.c.obj
 .debug_info    0x000019e1      0x8f5 CMakeFiles/myds.elf.dir/Core/Src/i2c.c.obj
 .debug_info    0x000022d6     0x1402 CMakeFiles/myds.elf.dir/Core/Src/main.c.obj
 .debug_info    0x000036d8      0x79e CMakeFiles/myds.elf.dir/Core/Src/motor.c.obj
 .debug_info    0x00003e76     0x2107 CMakeFiles/myds.elf.dir/Core/Src/oled.c.obj
 .debug_info    0x00005f7d      0x1f4 CMakeFiles/myds.elf.dir/Core/Src/stm32f1xx_hal_msp.c.obj
 .debug_info    0x00006171      0x6b9 CMakeFiles/myds.elf.dir/Core/Src/stm32f1xx_it.c.obj
 .debug_info    0x0000682a      0x789 CMakeFiles/myds.elf.dir/Core/Src/syscalls.c.obj
 .debug_info    0x00006fb3      0x171 CMakeFiles/myds.elf.dir/Core/Src/sysmem.c.obj
 .debug_info    0x00007124      0x22d CMakeFiles/myds.elf.dir/Core/Src/system_stm32f1xx.c.obj
 .debug_info    0x00007351      0xffe CMakeFiles/myds.elf.dir/Core/Src/tim.c.obj
 .debug_info    0x0000834f       0x30 CMakeFiles/myds.elf.dir/Core/Startup/startup_stm32f103c8tx.s.obj
 .debug_info    0x0000837f      0x7a2 CMakeFiles/myds.elf.dir/Drivers/STM32F1xx_HAL_Driver/Src/stm32f1xx_hal.c.obj
 .debug_info    0x00008b21      0xed9 CMakeFiles/myds.elf.dir/Drivers/STM32F1xx_HAL_Driver/Src/stm32f1xx_hal_adc.c.obj
 .debug_info    0x000099fa      0xc3a CMakeFiles/myds.elf.dir/Drivers/STM32F1xx_HAL_Driver/Src/stm32f1xx_hal_adc_ex.c.obj
 .debug_info    0x0000a634      0xcd9 CMakeFiles/myds.elf.dir/Drivers/STM32F1xx_HAL_Driver/Src/stm32f1xx_hal_cortex.c.obj
 .debug_info    0x0000b30d      0x604 CMakeFiles/myds.elf.dir/Drivers/STM32F1xx_HAL_Driver/Src/stm32f1xx_hal_gpio.c.obj
 .debug_info    0x0000b911     0x390b CMakeFiles/myds.elf.dir/Drivers/STM32F1xx_HAL_Driver/Src/stm32f1xx_hal_i2c.c.obj
 .debug_info    0x0000f21c      0x9c7 CMakeFiles/myds.elf.dir/Drivers/STM32F1xx_HAL_Driver/Src/stm32f1xx_hal_rcc.c.obj
 .debug_info    0x0000fbe3      0x420 CMakeFiles/myds.elf.dir/Drivers/STM32F1xx_HAL_Driver/Src/stm32f1xx_hal_rcc_ex.c.obj